========================
=== Starting Manager with (N=5, R=3, W=3, V=3)
>>> GTStoreManager::init()
<<< GTStoreManager::init() Done
========================
========================
=== Starting Storage Node 0...
========================
========================
========================
=== Starting Storage Node 1...
========================
========================
=== Starting Storage Node 2...
========================
=== Starting Storage Node 3...
========================
========================
=== Starting Storage Node 4...
========================
========================
========================
=== Starting Storage Node 5...
========================
=== Starting Storage Node 6...
========================
========================
=== Starting Storage Node 7...
========================
========================
========================
=== Starting Storage Node 8...
========================
=== Starting Storage Node 9...
	GTStoreStorage::init Send header: 2(T_FWD) -1 -1 1
	GTStoreStorage::init Send Content: 3

Sent request to manager
>>> manage_node_request: Entering with 3 requested vnodes
>>> add_storage_node
	sid=0
	vid=0
	vid=1
	vid=2
	GTStoreStorage::init Send header: 2(T_FWD) -1 -1 1
	manage_node_request Send header: 40(T_MNG_REP) -1 0 14
	GTStoreStorage::init Send Content: 3

	manage_node_request Send Content: 3	0 0	1 0	2 0	

	GTStoreStorage::init Send header: 2(T_FWD) -1 -1 1
Sent request to manager
	GTStoreStorage::init Send Content: 3

Sent request to manager
Sent reply to manager
	vid=0
{0, 0}		vid=1
{1, 0}		vid=2
{2, 0}	
Successfully add self to manager!  Node ID = 0
	GTStoreStorage::init Send header: 2(T_FWD) -1 -1 1
	GTStoreStorage::init Send Content: 3

Sent request to manager
	GTStoreStorage::init Send header: 0(T) -1 0 0
Inside GTStoreStorage::init() nodes 1/5
	----ACK sending----
	GTStoreStorage::init Send header: 0(T) -1 0 0
	GTStoreStorage::init Send header: 2(T_FWD) -1 -1 1
	----ACK sent----
	GTStoreStorage::init Send Content: 3

Sent request to manager
	manage_node_request: Broadcast new node 0 to old storage nodes
<<< manage_node_request: Exiting
>>> manage_node_request: Entering with 3 requested vnodes
	GTStoreStorage::init Send header: 2(T_FWD) -1 -1 1
>>> add_storage_node
	GTStoreStorage::init Send Content: 3

	sid=1
	vid=3
Sent request to manager
	vid=4
	vid=5
	manage_node_request Send header: 40(T_MNG_REP) -1 1 26
	manage_node_request Send Content: 6	0 0	1 0	2 0	3 1	4 1	5 1	

Sent reply to manager
	vid=0
{0, 0}		vid=1
{1, 0}		vid=2
{2, 0}		vid=3
{3, 1}		vid=4
{4, 1}		vid=5
{5, 1}	
Successfully add self to manager!  Node ID = 1
	GTStoreStorage::init Send header: 0(T) -1 1 0
Inside GTStoreStorage::init() nodes 2/5
	----ACK sending----
	GTStoreStorage::init Send header: 0(T) -1 1 0
	----ACK sent----
	manage_node_request: Broadcast new node 1 to old storage nodes
	GTStoreStorage::init Send header: 2(T_FWD) -1 -1 1
	GTStoreStorage::init Send Content: 3

Sent request to manager
	manage_node_request Send header: 40(T_MNG_REP) -1 1 8
	manage_node_request Send Content: 3	3	4	5	

	GTStoreStorage::init Send header: 2(T_FWD) -1 -1 1
	GTStoreStorage::init Send Content: 3

Sent request to manager
<<< manage_node_request: Exiting
>>> GTStoreStorage::process_manage_reply: Entering	1 join, 3 vnodes
	3
>>> add_storage_node
	sid=1
	vid=3
	vid=4
	vid=5
>>> manage_node_request: Entering with 3 requested vnodes
	add a new storage node !  Node ID = 0, New Node ID = 1
>>> add_storage_node
	sid=2
	vid=6
	GTStoreStorage::init Send header: 2(T_FWD) -1 -1 1
	vid=7
	GTStoreStorage::init Send Content: 3

	vid=8
Sent request to manager
	manage_node_request Send header: 40(T_MNG_REP) -1 2 38
	manage_node_request Send Content: 9	0 0	1 0	2 0	3 1	4 1	5 1	6 2	7 2	8 2	

	GTStoreStorage::init Send header: 2(T_FWD) -1 -1 1
	GTStoreStorage::init Send Content: 3

Sent reply to manager
Sent request to manager
	vid=0
{0, 0}		vid=1
{1, 0}		vid=2
{2, 0}		vid=3
{3, 1}		vid=4
{4, 1}		vid=5
{5, 1}		vid=6
{6, 2}		vid=7
{7, 2}		vid=8
{8, 2}	
Successfully add self to manager!  Node ID = 2
	GTStoreStorage::init Send header: 0(T) -1 2 0
Inside GTStoreStorage::init() nodes 3/5
	----ACK sending----
	GTStoreStorage::init Send header: 0(T) -1 2 0
	----ACK sent----
	manage_node_request: Broadcast new node 2 to old storage nodes
	manage_node_request Send header: 40(T_MNG_REP) -1 2 8
	manage_node_request Send Content: 3	6	7	8	

	manage_node_request Send header: 40(T_MNG_REP) -1 2 8
	manage_node_request Send Content: 3	6	7	8	

>>> GTStoreStorage::process_manage_reply: Entering	2 join, 3 vnodes
	3
>>> add_storage_node
	sid=2
<<< manage_node_request: Exiting
	vid=6
>>> GTStoreStorage::process_manage_reply: Entering	2 join, 3 vnodes
	vid=7
	3
	vid=8
>>> add_storage_node
	add a new storage node !  Node ID = 0, New Node ID = 2
	sid=2
>>> manage_node_request: Entering with 3 requested vnodes
>>> add_storage_node
	vid=6
	sid=3
	vid=7
	vid=9
	vid=8
	vid=10
	add a new storage node !  Node ID = 1, New Node ID = 2
	vid=11
	manage_node_request Send header: 40(T_MNG_REP) -1 3 53
	manage_node_request Send Content: 12	0 0	1 0	2 0	3 1	4 1	5 1	6 2	7 2	8 2	9 3	10 3	11 3	

Sent reply to manager
	vid=0
{0, 0}		vid=1
{1, 0}		vid=2
{2, 0}		vid=3
{3, 1}		vid=4
{4, 1}		vid=5
{5, 1}		vid=6
{6, 2}		vid=7
{7, 2}		vid=8
{8, 2}		vid=9
{9, 3}		vid=10
{10, 3}		vid=11
{11, 3}	
Successfully add self to manager!  Node ID = 3
	GTStoreStorage::init Send header: 0(T) -1 3 0
Inside GTStoreStorage::init() nodes 4/5
	----ACK sending----
	GTStoreStorage::init Send header: 0(T) -1 3 0
	----ACK sent----
	manage_node_request: Broadcast new node 3 to old storage nodes
	manage_node_request Send header: 40(T_MNG_REP) -1 3 10
	manage_node_request Send Content: 3	9	10	11	

	manage_node_request Send header: 40(T_MNG_REP) -1 3 10
	manage_node_request Send Content: 3	9	10	11	

>>> GTStoreStorage::process_manage_reply: Entering	3 join, 3 vnodes
	3
>>> add_storage_node
	manage_node_request Send header: 40(T_MNG_REP) -1 3 10
	sid=3
	manage_node_request Send Content: 3	9	10	11	

	vid=9
>>> GTStoreStorage::process_manage_reply: Entering	3 join, 3 vnodes
	vid=10
	3
>>> add_storage_node
	vid=11
	sid=3
<<< manage_node_request: Exiting
	add a new storage node !  Node ID = 0, New Node ID = 3
	vid=9
>>> GTStoreStorage::process_manage_reply: Entering	3 join, 3 vnodes
	vid=10
	3
	vid=11
>>> add_storage_node
	add a new storage node !  Node ID = 1, New Node ID = 3
	sid=3
	vid=9
>>> manage_node_request: Entering with 3 requested vnodes
>>> add_storage_node
	vid=10
	sid=4
	vid=11
	vid=12
	add a new storage node !  Node ID = 2, New Node ID = 3
	vid=13
	vid=14
	manage_node_request Send header: 40(T_MNG_REP) -1 4 68
	manage_node_request Send Content: 15	0 0	1 0	2 0	3 1	4 1	5 1	6 2	7 2	8 2	9 3	10 3	11 3	12 4	13 4	14 4	

Sent reply to manager
	vid=0
{0, 0}		vid=1
{1, 0}		vid=2
{2, 0}		vid=3
{3, 1}		vid=4
{4, 1}		vid=5
{5, 1}		vid=6
{6, 2}		vid=7
{7, 2}		vid=8
{8, 2}		vid=9
{9, 3}		vid=10
{10, 3}		vid=11
{11, 3}		vid=12
{12, 4}		vid=13
{13, 4}		vid=14
{14, 4}	
Successfully add self to manager!  Node ID = 4
	GTStoreStorage::init Send header: 0(T) -1 4 0
Inside GTStoreStorage::init() nodes 5/5
	----ACK sending----
	GTStoreStorage::init Send header: 0(T) -1 4 0
	manage_node_request: Broadcast new node 4 to old storage nodes
	----ACK sent----
	manage_node_request Send header: 40(T_MNG_REP) -1 4 11
	manage_node_request Send Content: 3	12	13	14	

	manage_node_request Send header: 40(T_MNG_REP) -1 4 11
	manage_node_request Send Content: 3	12	13	14	

>>> GTStoreStorage::process_manage_reply: Entering	4 join, 3 vnodes
	3
	manage_node_request Send header: 40(T_MNG_REP) -1 4 11
>>> add_storage_node
	manage_node_request Send Content: 3	12	13	14	

	sid=4
>>> GTStoreStorage::process_manage_reply: Entering	4 join, 3 vnodes
	vid=12
	3
>>> add_storage_node
	vid=13
	sid=4
	manage_node_request Send header: 40(T_MNG_REP) -1 4 11
	vid=14
	manage_node_request Send Content: 3	12	13	14	

	vid=12
>>> GTStoreStorage::process_manage_reply: Entering	4 join, 3 vnodes
	add a new storage node !  Node ID = 0, New Node ID = 4
	3
	vid=13
>>> add_storage_node
	sid=4
	vid=14
<<< manage_node_request: Exiting
	add a new storage node !  Node ID = 1, New Node ID = 4
	vid=12
>>> GTStoreStorage::process_manage_reply: Entering	4 join, 3 vnodes
	vid=13
	3
	vid=14
>>> add_storage_node
	add a new storage node !  Node ID = 2, New Node ID = 4
	sid=4
>>> manage_node_request: Entering with 3 requested vnodes
	vid=12
>>> add_storage_node
	vid=13
	sid=5
	vid=14
	vid=15
	add a new storage node !  Node ID = 3, New Node ID = 4
	vid=16
	vid=17
--3(10)----1(4)----2(7)----0(1)----2(6)----3(11)----5(16)----4(12)----1(3)----0(0)----5(15)----2(8)----3(9)----5(17)----0(2)----4(14)----1(5)----4(13)--
	computing.......15
>>>>>>>>>>>>>> 15
>>>>>>>>>>>>>> 0
>>>>>>>>>>>>>> 3
>>>>>>>>>>>>>> 12
>>>>>>>>>>>>>> 16
		||||----Donate: 3, [16, 12)----||||
		||||----Donate: 4, [12, 3)----||||
		||||----Donate: 1, [3, 0)----||||
		||||----Donate: 1, [0, 15)----||||
	computing.......16
>>>>>>>>>>>>>> 16
>>>>>>>>>>>>>> 11
>>>>>>>>>>>>>> 6
>>>>>>>>>>>>>> 1
>>>>>>>>>>>>>> 7
>>>>>>>>>>>>>> 4
>>>>>>>>>>>>>> 10
>>>>>>>>>>>>>> 13
		||||----Donate: 4, [13, 10)----||||
		||||----Donate: 4, [10, 4)----||||
		||||----Donate: 1, [4, 7)----||||
		||||----Donate: 1, [7, 1)----||||
		||||----Donate: 0, [1, 6)----||||
		||||----Donate: 2, [6, 11)----||||
		||||----Donate: 3, [11, 16)----||||
	computing.......17
>>>>>>>>>>>>>> 17
>>>>>>>>>>>>>> 9
>>>>>>>>>>>>>> 8
>>>>>>>>>>>>>> 15
		||||----Donate: 1, [15, 8)----||||
		||||----Donate: 2, [8, 9)----||||
		||||----Donate: 2, [9, 17)----||||
		find 5 donators
	manage_node_request Send header: 40(T_MNG_REP) -1 5 83
	manage_node_request Send Content: 18	0 0	1 0	2 0	3 1	4 1	5 1	6 2	7 2	8 2	9 3	10 3	11 3	12 4	13 4	14 4	15 5	16 5	17 5	

Sent reply to manager
	vid=0
{0, 0}		vid=1
{1, 0}		vid=2
{2, 0}		vid=3
{3, 1}		vid=4
{4, 1}		vid=5
{5, 1}		vid=6
{6, 2}		vid=7
{7, 2}		vid=8
{8, 2}		vid=9
{9, 3}		vid=10
{10, 3}		vid=11
{11, 3}		vid=12
{12, 4}		vid=13
{13, 4}		vid=14
{14, 4}		vid=15
{15, 5}		vid=16
{16, 5}		vid=17
{17, 5}	
Successfully add self to manager!  Node ID = 5
	GTStoreStorage::init Send header: 0(T) -1 5 0
Inside GTStoreStorage::init() nodes 6/5
>>> Collecting tokens...
	manage_node_request: Broadcast new node 5 to old storage nodes
	manage_node_request Send header: 104(T_MNG_REP_DNT) -1 5 11
	manage_node_request Send Content: 3	15	16	17	

	manage_node_request Send header: 104(T_MNG_REP_DNT) -1 5 6
	manage_node_request Send Content: 1	1 6	

>>> GTStoreStorage::process_manage_reply: Entering	5 join, 3 vnodes
	3
>>> add_storage_node
	manage_node_request Send header: 104(T_MNG_REP_DNT) -1 5 11
	sid=5
	manage_node_request Send Content: 3	15	16	17	

	vid=15
	vid=16
	manage_node_request Send header: 104(T_MNG_REP_DNT) -1 5 24
	vid=17
	manage_node_request Send Content: 5	3 0	0 15	4 7	7 1	15 8	

	add a new storage node !  Node ID = 0, New Node ID = 5
>>> GTStoreStorage::process_manage_reply: Entering	5 join, 3 vnodes
	3
>>> add_storage_node
	sid=5
	manage_node_request Send header: 104(T_MNG_REP_DNT) -1 5 11
	manage_node_request Send Content: 3	15	16	17	

	vid=15
	vid=16
	 Before KV List: 0  intervals: 1
	manage_node_request Send header: 104(T_MNG_REP_DNT) -1 5 16
	 Finish KV List: 0
	vid=17
	manage_node_request Send Content: 3	6 11	8 9	9 17	

--3(10)--	add a new storage node !  Node ID = 1, New Node ID = 5
--1(4)-->>> GTStoreStorage::process_manage_reply: Entering	5 join, 3 vnodes
--2(7)--	3
	manage_node_request Send header: 104(T_MNG_REP_DNT) -1 5 11
--0(1)-->>> add_storage_node
	manage_node_request Send Content: 3	15	16	17	

--2(6)--	sid=5
--3(11)----5(16)--	manage_node_request Send header: 104(T_MNG_REP_DNT) -1 5 14
	vid=15
	manage_node_request Send Content: 2	16 12	11 16	

--4(12)--	 Before KV List: 0  intervals: 5
	vid=16
--1(3)--	 Finish KV List: 0
--0(0)--	vid=17
--3(10)-->>> GTStoreStorage::process_manage_reply: Entering	5 join, 3 vnodes
--5(15)--	3
--2(8)--	manage_node_request Send header: 104(T_MNG_REP_DNT) -1 5 11
>>> add_storage_node
	add a new storage node !  Node ID = 2, New Node ID = 5
--3(9)----1(4)--	manage_node_request Send Content: 3	15	16	17	

	sid=5
--5(17)----2(7)----0(2)----0(1)--	manage_node_request Send header: 104(T_MNG_REP_DNT) -1 5 18
	vid=15
--4(14)----2(6)--	manage_node_request Send Content: 3	12 3	13 10	10 4	

--1(5)----3(11)--	vid=16
	 Before KV List: 0  intervals: 3
--4(13)----5(16)--	vid=17
>>> GTStoreStorage::process_manage_reply: Entering	5 join, 3 vnodes
	 Finish KV List: 0

--4(12)--	add a new storage node !  Node ID = 3, New Node ID = 5
	3
--3(10)--	~~~~~~~~~~~~~~~ node 0 donates tokens to node 5  ~~~~~~~~~~~~~~
--1(3)-->>> add_storage_node
	sid=5
--1(4)----0(0)----2(7)--	vid=15
	0_process_manage_reply Send header: 64(T_DNT) 0 5 2
--0(1)----5(15)--	 Before KV List: 0  intervals: 2
	vid=16
	0_process_manage_reply Send Content: 0	

--2(6)----2(8)--	 Finish KV List: 0
	vid=17
--3(11)----3(9)----3(10)----5(16)--	add a new storage node !  Node ID = 4, New Node ID = 5
--5(17)----1(4)----4(12)----0(2)----2(7)--	~~~~~~~~~~~~~~~~~~~~~~~~~~~  Got token, todo=5
--1(3)----4(14)----0(1)----0(0)----1(5)----2(6)----5(15)----4(13)----3(11)----2(8)--
	 Before KV List: 0  intervals: 3
--5(16)----3(9)--	 Finish KV List: 0
	~~~~~~~~~~~~~~~ node 1 donates tokens to node 5  ~~~~~~~~~~~~~~
--4(12)----5(17)----3(10)----1(3)----0(2)--	1_process_manage_reply Send header: 64(T_DNT) 1 5 2
--1(4)----0(0)----4(14)--	1_process_manage_reply Send Content: 0	

--2(7)----5(15)----1(5)----0(1)----2(8)----4(13)----2(6)----3(9)--
--3(11)----5(17)--	~~~~~~~~~~~~~~~ node 2 donates tokens to node 5  ~~~~~~~~~~~~~~
--5(16)----0(2)--	~~~~~~~~~~~~~~~~~~~~~~~~~~~  Got token, todo=4
--4(12)--	2_process_manage_reply Send header: 64(T_DNT) 2 5 2
--4(14)----1(3)--	2_process_manage_reply Send Content: 0	

--1(5)----0(0)----4(13)----5(15)--
--2(8)----3(9)--	~~~~~~~~~~~~~~~ node 3 donates tokens to node 5  ~~~~~~~~~~~~~~
--5(17)--	~~~~~~~~~~~~~~~~~~~~~~~~~~~  Got token, todo=3
	3_process_manage_reply Send header: 64(T_DNT) 3 5 2
--0(2)--	3_process_manage_reply Send Content: 0	

--4(14)----1(5)----4(13)--
	~~~~~~~~~~~~~~~ node 4 donates tokens to node 5  ~~~~~~~~~~~~~~
	4_process_manage_reply Send header: 64(T_DNT) 4 5 2
	~~~~~~~~~~~~~~~~~~~~~~~~~~~  Got token, todo=2
	4_process_manage_reply Send Content: 0	

	~~~~~~~~~~~~~~~~~~~~~~~~~~~  Got token, todo=1
<<< Done Collecting tokens...
	----ACK sending----
	GTStoreStorage::init Send header: 0(T) -1 5 0
	----ACK sent----
<<< manage_node_request: Exiting
>>> manage_node_request: Entering with 3 requested vnodes
>>> add_storage_node
	sid=6
	vid=18
	vid=19
	vid=20
--3(10)----1(4)----2(7)----0(1)----6(19)----2(6)----3(11)----5(16)----4(12)----1(3)----0(0)----5(15)----2(8)----6(18)----6(20)----3(9)----5(17)----0(2)----4(14)----1(5)----4(13)--
	computing.......18
>>>>>>>>>>>>>> 18
>>>>>>>>>>>>>> 8
>>>>>>>>>>>>>> 15
>>>>>>>>>>>>>> 0
>>>>>>>>>>>>>> 3
>>>>>>>>>>>>>> 12
		||||----Donate: 3, [12, 3)----||||
		||||----Donate: 4, [3, 0)----||||
		||||----Donate: 4, [0, 15)----||||
		||||----Donate: 4, [15, 8)----||||
		||||----Donate: 1, [8, 18)----||||
	computing.......19
>>>>>>>>>>>>>> 19
>>>>>>>>>>>>>> 1
>>>>>>>>>>>>>> 7
>>>>>>>>>>>>>> 4
>>>>>>>>>>>>>> 10
>>>>>>>>>>>>>> 13
		||||----Donate: 5, [13, 10)----||||
		||||----Donate: 5, [10, 4)----||||
		||||----Donate: 4, [4, 7)----||||
		||||----Donate: 4, [7, 1)----||||
		||||----Donate: 1, [1, 19)----||||
	computing.......20
>>>>>>>>>>>>>> 20
>>>>>>>>>>>>>> 18
		||||----Donate: 1, [18, 20)----||||
		find 4 donators
	manage_node_request Send header: 40(T_MNG_REP) -1 6 98
	manage_node_request Send Content: 21	0 0	1 0	2 0	3 1	4 1	5 1	6 2	7 2	8 2	9 3	10 3	11 3	12 4	13 4	14 4	15 5	16 5	17 5	18 6	19 6	20 6	

Sent reply to manager
	vid=0
{0, 0}		vid=1
{1, 0}		vid=2
{2, 0}		vid=3
{3, 1}		vid=4
{4, 1}		vid=5
{5, 1}		vid=6
{6, 2}		vid=7
{7, 2}		vid=8
{8, 2}		vid=9
{9, 3}		vid=10
{10, 3}		vid=11
{11, 3}		vid=12
{12, 4}		vid=13
{13, 4}		vid=14
{14, 4}		vid=15
{15, 5}		vid=16
{16, 5}		vid=17
{17, 5}		vid=18
{18, 6}		vid=19
{19, 6}		vid=20
{20, 6}	
Successfully add self to manager!  Node ID = 6
	GTStoreStorage::init Send header: 0(T) -1 6 0
Inside GTStoreStorage::init() nodes 7/5
>>> Collecting tokens...
	manage_node_request: Broadcast new node 6 to old storage nodes
	manage_node_request Send header: 40(T_MNG_REP) -1 6 11
	manage_node_request Send Content: 3	18	19	20	

	manage_node_request Send header: 104(T_MNG_REP_DNT) -1 6 11
	manage_node_request Send Content: 3	18	19	20	

>>> GTStoreStorage::process_manage_reply: Entering	6 join, 3 vnodes
	manage_node_request Send header: 104(T_MNG_REP_DNT) -1 6 18
	3
	manage_node_request Send Content: 3	8 18	1 19	18 20	

>>> add_storage_node
	sid=6
	vid=18
>>> GTStoreStorage::process_manage_reply: Entering	6 join, 3 vnodes
	vid=19
	manage_node_request Send header: 40(T_MNG_REP) -1 6 11
	3
	manage_node_request Send Content: 3	18	19	20	

	vid=20
>>> add_storage_node
	add a new storage node !  Node ID = 0, New Node ID = 6
	sid=6
	vid=18
	manage_node_request Send header: 104(T_MNG_REP_DNT) -1 6 11
	manage_node_request Send Content: 3	18	19	20	

	vid=19
>>> GTStoreStorage::process_manage_reply: Entering	6 join, 3 vnodes
	vid=20
	manage_node_request Send header: 104(T_MNG_REP_DNT) -1 6 7
	3
	add a new storage node !  Node ID = 1, New Node ID = 6
	manage_node_request Send Content: 1	12 3	

>>> add_storage_node
	sid=6
	vid=18
	manage_node_request Send header: 104(T_MNG_REP_DNT) -1 6 11
	vid=19
	 Before KV List: 0  intervals: 3
	manage_node_request Send Content: 3	18	19	20	

	 Finish KV List: 0
	vid=20
--3(10)----1(4)--	add a new storage node !  Node ID = 2, New Node ID = 6
	manage_node_request Send header: 104(T_MNG_REP_DNT) -1 6 24
--2(7)--	manage_node_request Send Content: 5	3 0	0 15	15 8	4 7	7 1	

--0(1)-->>> GTStoreStorage::process_manage_reply: Entering	6 join, 3 vnodes
--6(19)--	3
--2(6)-->>> add_storage_node
--3(11)--	manage_node_request Send header: 104(T_MNG_REP_DNT) -1 6 11
	sid=6
--5(16)--	manage_node_request Send Content: 3	18	19	20	

	vid=18
--4(12)----1(3)--	manage_node_request Send header: 104(T_MNG_REP_DNT) -1 6 13
--0(0)--	vid=19
	manage_node_request Send Content: 2	13 10	10 4	

>>> GTStoreStorage::process_manage_reply: Entering	6 join, 3 vnodes
--5(15)--	vid=20
	3
--2(8)--	add a new storage node !  Node ID = 4, New Node ID = 6
>>> add_storage_node
--6(18)--	sid=6
--6(20)----3(9)--	vid=18
--5(17)----0(2)----4(14)--	vid=19
>>> GTStoreStorage::process_manage_reply: Entering	6 join, 3 vnodes
--1(5)--	vid=20
	3
	 Before KV List: 0  intervals: 5
--4(13)-->>> add_storage_node
	add a new storage node !  Node ID = 5, New Node ID = 6
	 Finish KV List: 0

	sid=6
--3(10)--	~~~~~~~~~~~~~~~ node 1 donates tokens to node 6  ~~~~~~~~~~~~~~
--1(4)--	vid=18
--2(7)--	1_process_manage_reply Send header: 64(T_DNT) 1 6 2
	vid=19
--0(1)--	1_process_manage_reply Send Content: 0	

--6(19)--	vid=20
	 Before KV List: 0  intervals: 2
--2(6)--	add a new storage node !  Node ID = 3, New Node ID = 6
	 Finish KV List: 0
--3(11)----3(10)----5(16)----1(4)----4(12)----2(7)----1(3)--	~~~~~~~~~~~~~~~~~~~~~~~~~~~  Got token, todo=4
--0(1)----0(0)--	 Before KV List: 0  intervals: 1
--6(19)----5(15)----2(8)--	 Finish KV List: 0
--6(18)----2(6)----3(10)----6(20)----3(11)----1(4)----3(9)----5(16)----5(17)----2(7)----4(12)----0(2)----0(1)----1(3)----4(14)----6(19)----0(0)----1(5)----2(6)----5(15)----4(13)----3(11)----2(8)--
--5(16)----6(18)----4(12)--	~~~~~~~~~~~~~~~ node 4 donates tokens to node 6  ~~~~~~~~~~~~~~
--6(20)----1(3)--	4_process_manage_reply Send header: 64(T_DNT) 4 6 2
--3(9)----0(0)--	4_process_manage_reply Send Content: 0	

--5(17)----5(15)----0(2)----2(8)----4(14)----6(18)----1(5)----6(20)----4(13)----3(9)----5(17)--
--0(2)----4(14)--	~~~~~~~~~~~~~~~ node 5 donates tokens to node 6  ~~~~~~~~~~~~~~
	~~~~~~~~~~~~~~~~~~~~~~~~~~~  Got token, todo=3
--1(5)--	5_process_manage_reply Send header: 64(T_DNT) 5 6 2
--4(13)--	5_process_manage_reply Send Content: 0	


	~~~~~~~~~~~~~~~ node 3 donates tokens to node 6  ~~~~~~~~~~~~~~
	3_process_manage_reply Send header: 64(T_DNT) 3 6 2
	3_process_manage_reply Send Content: 0	

	~~~~~~~~~~~~~~~~~~~~~~~~~~~  Got token, todo=2
	~~~~~~~~~~~~~~~~~~~~~~~~~~~  Got token, todo=1
<<< Done Collecting tokens...
	----ACK sending----
	GTStoreStorage::init Send header: 0(T) -1 6 0
	----ACK sent----
<<< manage_node_request: Exiting
>>> manage_node_request: Entering with 3 requested vnodes
>>> add_storage_node
	sid=7
	vid=21
	vid=22
	vid=23
--3(10)----1(4)----2(7)----0(1)----6(19)----7(22)----7(23)----2(6)----7(21)----3(11)----5(16)----4(12)----1(3)----0(0)----5(15)----2(8)----6(18)----6(20)----3(9)----5(17)----0(2)----4(14)----1(5)----4(13)--
	computing.......21
>>>>>>>>>>>>>> 21
>>>>>>>>>>>>>> 6
>>>>>>>>>>>>>> 23
		||||----Donate: 1, [23, 6)----||||
		||||----Donate: 0, [6, 21)----||||
	computing.......22
>>>>>>>>>>>>>> 22
>>>>>>>>>>>>>> 19
>>>>>>>>>>>>>> 1
>>>>>>>>>>>>>> 7
>>>>>>>>>>>>>> 4
>>>>>>>>>>>>>> 10
		||||----Donate: 3, [10, 4)----||||
		||||----Donate: 5, [4, 7)----||||
		||||----Donate: 5, [7, 1)----||||
		||||----Donate: 4, [1, 19)----||||
		||||----Donate: 1, [19, 22)----||||
	computing.......23
>>>>>>>>>>>>>> 23
>>>>>>>>>>>>>> 22
		||||----Donate: 1, [22, 23)----||||
		find 5 donators
	manage_node_request Send header: 40(T_MNG_REP) -1 7 113
	manage_node_request Send Content: 24	0 0	1 0	2 0	3 1	4 1	5 1	6 2	7 2	8 2	9 3	10 3	11 3	12 4	13 4	14 4	15 5	16 5	17 5	18 6	19 6	20 6	21 7	22 7	23 7	

Sent reply to manager
	vid=0
{0, 0}		vid=1
{1, 0}		vid=2
{2, 0}		vid=3
{3, 1}		vid=4
{4, 1}		vid=5
{5, 1}		vid=6
{6, 2}		vid=7
{7, 2}		vid=8
{8, 2}		vid=9
{9, 3}		vid=10
{10, 3}		vid=11
{11, 3}		vid=12
{12, 4}		vid=13
{13, 4}		vid=14
{14, 4}		vid=15
{15, 5}		vid=16
{16, 5}		vid=17
{17, 5}		vid=18
{18, 6}		vid=19
{19, 6}		vid=20
{20, 6}		vid=21
{21, 7}		vid=22
{22, 7}		vid=23
{23, 7}	
Successfully add self to manager!  Node ID = 7
	GTStoreStorage::init Send header: 0(T) -1 7 0
Inside GTStoreStorage::init() nodes 8/5
>>> Collecting tokens...
	manage_node_request: Broadcast new node 7 to old storage nodes
	manage_node_request Send header: 104(T_MNG_REP_DNT) -1 7 11
	manage_node_request Send Content: 3	21	22	23	

	manage_node_request Send header: 104(T_MNG_REP_DNT) -1 7 7
	manage_node_request Send Content: 1	6 21	

>>> GTStoreStorage::process_manage_reply: Entering	7 join, 3 vnodes
	manage_node_request Send header: 104(T_MNG_REP_DNT) -1 7 11
	3
	manage_node_request Send Content: 3	21	22	23	

>>> add_storage_node
	sid=7
	manage_node_request Send header: 104(T_MNG_REP_DNT) -1 7 19
	vid=21
	manage_node_request Send Content: 3	23 6	19 22	22 23	

	vid=22
	vid=23
	add a new storage node !  Node ID = 0, New Node ID = 7
	manage_node_request Send header: 40(T_MNG_REP) -1 7 11
>>> GTStoreStorage::process_manage_reply: Entering	7 join, 3 vnodes
	manage_node_request Send Content: 3	21	22	23	

	3
>>> add_storage_node
	sid=7
	vid=21
	 Before KV List: 0  intervals: 1
	vid=22
	 Finish KV List: 0
	manage_node_request Send header: 104(T_MNG_REP_DNT) -1 7 11
	vid=23
--3(10)--	manage_node_request Send Content: 3	21	22	23	

>>> GTStoreStorage::process_manage_reply: Entering	7 join, 3 vnodes
	add a new storage node !  Node ID = 1, New Node ID = 7
--1(4)--	3
	manage_node_request Send header: 104(T_MNG_REP_DNT) -1 7 7
--2(7)-->>> add_storage_node
	manage_node_request Send Content: 1	10 4	

--0(1)--	sid=7
--6(19)----7(22)--	vid=21
--7(23)--	 Before KV List: 0  intervals: 3
	manage_node_request Send header: 104(T_MNG_REP_DNT) -1 7 11
--2(6)--	vid=22
	 Finish KV List: 0
	manage_node_request Send Content: 3	21	22	23	

--7(21)--	vid=23
--3(10)----3(11)--	manage_node_request Send header: 104(T_MNG_REP_DNT) -1 7 7
	add a new storage node !  Node ID = 2, New Node ID = 7
--1(4)----5(16)--	manage_node_request Send Content: 1	1 19	

--2(7)----4(12)-->>> GTStoreStorage::process_manage_reply: Entering	7 join, 3 vnodes
--0(1)----1(3)--	3
--6(19)----0(0)-->>> add_storage_node
	manage_node_request Send header: 104(T_MNG_REP_DNT) -1 7 11
--7(22)----5(15)--	sid=7
--2(8)--	manage_node_request Send Content: 3	21	22	23	

--7(23)--	vid=21
--6(18)----2(6)--	manage_node_request Send header: 104(T_MNG_REP_DNT) -1 7 10
--6(20)--	vid=22
--7(21)--	manage_node_request Send Content: 2	4 7	7 1	

--3(9)----3(11)--	vid=23
--5(17)-->>> GTStoreStorage::process_manage_reply: Entering	7 join, 3 vnodes
--5(16)--	add a new storage node !  Node ID = 4, New Node ID = 7
--0(2)--	manage_node_request Send header: 40(T_MNG_REP) -1 7 11
	3
--4(12)----4(14)--	manage_node_request Send Content: 3	21	22	23	

>>> add_storage_node
--1(3)----1(5)--	sid=7
--0(0)----4(13)--	vid=21
--5(15)--	 Before KV List: 0  intervals: 1

--2(8)--	vid=22
--6(18)--	 Finish KV List: 0
	~~~~~~~~~~~~~~~ node 0 donates tokens to node 7  ~~~~~~~~~~~~~~
--6(20)--	vid=23
--3(10)----3(9)--	0_process_manage_reply Send header: 64(T_DNT) 0 7 2
>>> GTStoreStorage::process_manage_reply: Entering	7 join, 3 vnodes
	add a new storage node !  Node ID = 5, New Node ID = 7
>>> GTStoreStorage::process_manage_reply: Entering	7 join, 3 vnodes
--1(4)----5(17)--	0_process_manage_reply Send Content: 0	

	3
	3
--2(7)----0(2)-->>> add_storage_node
>>> add_storage_node
--0(1)----4(14)--	sid=7
	 Before KV List: 0  intervals: 2
	sid=7
--6(19)----1(5)--	vid=21
	 Finish KV List: 0
	vid=21
--7(22)----4(13)----3(10)--	vid=22
	~~~~~~~~~~~~~~~~~~~~~~~~~~~  Got token, todo=5
--7(23)--
	vid=22
--1(4)--	vid=23
--2(6)--	~~~~~~~~~~~~~~~ node 1 donates tokens to node 7  ~~~~~~~~~~~~~~
--2(7)--	vid=23
--7(21)--	add a new storage node !  Node ID = 3, New Node ID = 7
	1_process_manage_reply Send header: 64(T_DNT) 1 7 2
--0(1)--	1_process_manage_reply Send Content: 0	

	add a new storage node !  Node ID = 6, New Node ID = 7
--3(11)----6(19)----5(16)----7(22)----4(12)----7(23)----1(3)--	 Before KV List: 0  intervals: 1
--2(6)----0(0)--	~~~~~~~~~~~~~~~~~~~~~~~~~~~  Got token, todo=4
	 Finish KV List: 0
--7(21)----3(10)----5(15)----3(11)----1(4)----2(8)----5(16)----2(7)----6(18)----4(12)----0(1)----6(20)----1(3)----6(19)----3(9)----0(0)----7(22)----5(17)----5(15)----7(23)----0(2)----2(8)----2(6)----4(14)----6(18)----7(21)----1(5)----6(20)----3(11)----4(13)----3(9)----5(16)--
--5(17)----4(12)----0(2)--	~~~~~~~~~~~~~~~ node 4 donates tokens to node 7  ~~~~~~~~~~~~~~
--1(3)----4(14)----0(0)--	4_process_manage_reply Send header: 64(T_DNT) 4 7 2
--1(5)----5(15)--	4_process_manage_reply Send Content: 0	

--4(13)----2(8)--
--6(18)--	~~~~~~~~~~~~~~~ node 5 donates tokens to node 7  ~~~~~~~~~~~~~~
--6(20)--	5_process_manage_reply Send header: 64(T_DNT) 5 7 2
--3(9)--	5_process_manage_reply Send Content: 0	

--5(17)--	~~~~~~~~~~~~~~~~~~~~~~~~~~~  Got token, todo=3
--0(2)----4(14)----1(5)----4(13)--
	~~~~~~~~~~~~~~~ node 3 donates tokens to node 7  ~~~~~~~~~~~~~~
	~~~~~~~~~~~~~~~~~~~~~~~~~~~  Got token, todo=2
	3_process_manage_reply Send header: 64(T_DNT) 3 7 2
	3_process_manage_reply Send Content: 0	

	~~~~~~~~~~~~~~~~~~~~~~~~~~~  Got token, todo=1
<<< Done Collecting tokens...
	----ACK sending----
	GTStoreStorage::init Send header: 0(T) -1 7 0
	----ACK sent----
<<< manage_node_request: Exiting
>>> manage_node_request: Entering with 3 requested vnodes
>>> add_storage_node
	sid=8
	vid=24
	vid=25
	vid=26
--3(10)----1(4)----2(7)----0(1)----8(24)----6(19)----7(22)----7(23)----2(6)----7(21)----3(11)----5(16)----4(12)----1(3)----0(0)----5(15)----8(25)----2(8)----6(18)----6(20)----3(9)----5(17)----0(2)----4(14)----8(26)----1(5)----4(13)--
	computing.......24
>>>>>>>>>>>>>> 24
>>>>>>>>>>>>>> 1
>>>>>>>>>>>>>> 7
>>>>>>>>>>>>>> 4
>>>>>>>>>>>>>> 10
>>>>>>>>>>>>>> 13
		||||----Donate: 6, [13, 10)----||||
		||||----Donate: 7, [10, 4)----||||
		||||----Donate: 3, [4, 7)----||||
		||||----Donate: 3, [7, 1)----||||
		||||----Donate: 5, [1, 24)----||||
	computing.......25
>>>>>>>>>>>>>> 25
>>>>>>>>>>>>>> 15
>>>>>>>>>>>>>> 0
>>>>>>>>>>>>>> 3
>>>>>>>>>>>>>> 12
>>>>>>>>>>>>>> 16
>>>>>>>>>>>>>> 11
		||||----Donate: 2, [11, 16)----||||
		||||----Donate: 2, [16, 12)----||||
		||||----Donate: 6, [12, 3)----||||
		||||----Donate: 3, [3, 0)----||||
		||||----Donate: 0, [0, 15)----||||
		||||----Donate: 0, [15, 25)----||||
	computing.......26
>>>>>>>>>>>>>> 26
>>>>>>>>>>>>>> 14
>>>>>>>>>>>>>> 2
>>>>>>>>>>>>>> 17
>>>>>>>>>>>>>> 9
>>>>>>>>>>>>>> 20
		||||----Donate: 1, [20, 9)----||||
		||||----Donate: 3, [9, 17)----||||
		||||----Donate: 2, [17, 2)----||||
		||||----Donate: 0, [2, 14)----||||
		||||----Donate: 0, [14, 26)----||||
		find 7 donators
	manage_node_request Send header: 40(T_MNG_REP) -1 8 128
	manage_node_request Send Content: 27	0 0	1 0	2 0	3 1	4 1	5 1	6 2	7 2	8 2	9 3	10 3	11 3	12 4	13 4	14 4	15 5	16 5	17 5	18 6	19 6	20 6	21 7	22 7	23 7	24 8	25 8	26 8	

Sent reply to manager
	vid=0
{0, 0}		vid=1
{1, 0}		vid=2
{2, 0}		vid=3
{3, 1}		vid=4
{4, 1}		vid=5
{5, 1}		vid=6
{6, 2}		vid=7
{7, 2}		vid=8
{8, 2}		vid=9
{9, 3}		vid=10
{10, 3}		vid=11
{11, 3}		vid=12
{12, 4}		vid=13
{13, 4}		vid=14
{14, 4}		vid=15
{15, 5}		vid=16
{16, 5}		vid=17
{17, 5}		vid=18
{18, 6}		vid=19
{19, 6}		vid=20
{20, 6}		vid=21
{21, 7}		vid=22
{22, 7}		vid=23
{23, 7}		vid=24
{24, 8}		vid=25
{25, 8}		vid=26
{26, 8}	
Successfully add self to manager!  Node ID = 8
	GTStoreStorage::init Send header: 0(T) -1 8 0
Inside GTStoreStorage::init() nodes 9/5
>>> Collecting tokens...
	manage_node_request: Broadcast new node 8 to old storage nodes
	manage_node_request Send header: 104(T_MNG_REP_DNT) -1 8 11
	manage_node_request Send Content: 3	24	25	26	

	manage_node_request Send header: 104(T_MNG_REP_DNT) -1 8 24
	manage_node_request Send Content: 4	0 15	15 25	2 14	14 26	

>>> GTStoreStorage::process_manage_reply: Entering	8 join, 3 vnodes
	manage_node_request Send header: 104(T_MNG_REP_DNT) -1 8 11
	3
	manage_node_request Send Content: 3	24	25	26	

>>> add_storage_node
	sid=8
	manage_node_request Send header: 104(T_MNG_REP_DNT) -1 8 7
	vid=24
	manage_node_request Send Content: 1	20 9	

	vid=25
	vid=26
	add a new storage node !  Node ID = 0, New Node ID = 8
>>> GTStoreStorage::process_manage_reply: Entering	8 join, 3 vnodes
	manage_node_request Send header: 104(T_MNG_REP_DNT) -1 8 11
	3
	manage_node_request Send Content: 3	24	25	26	

>>> add_storage_node
	sid=8
	manage_node_request Send header: 104(T_MNG_REP_DNT) -1 8 19
	vid=24
	 Before KV List: 0  intervals: 4
	manage_node_request Send Content: 3	11 16	16 12	17 2	

	vid=25
	 Finish KV List: 0
	vid=26
>>> GTStoreStorage::process_manage_reply: Entering	8 join, 3 vnodes
--3(10)--	add a new storage node !  Node ID = 1, New Node ID = 8
	3
--1(4)--	manage_node_request Send header: 104(T_MNG_REP_DNT) -1 8 11
>>> add_storage_node
--2(7)--	manage_node_request Send Content: 3	24	25	26	

	sid=8
--0(1)----8(24)--	 Before KV List: 0  intervals: 1
	vid=24
	manage_node_request Send header: 104(T_MNG_REP_DNT) -1 8 19
--6(19)--	 Finish KV List: 0
	manage_node_request Send Content: 4	4 7	7 1	3 0	9 17	

	vid=25
--7(22)----3(10)----7(23)----1(4)--	vid=26
--2(6)----2(7)----7(21)--	add a new storage node !  Node ID = 2, New Node ID = 8
	manage_node_request Send header: 40(T_MNG_REP) -1 8 11
--0(1)----3(11)--	manage_node_request Send Content: 3	24	25	26	

--8(24)----5(16)----6(19)----4(12)----7(22)----1(3)----7(23)----0(0)----2(6)----5(15)----7(21)----8(25)--	 Before KV List: 0  intervals: 3
	manage_node_request Send header: 104(T_MNG_REP_DNT) -1 8 11
--3(11)----2(8)--	 Finish KV List: 0
	manage_node_request Send Content: 3	24	25	26	

>>> GTStoreStorage::process_manage_reply: Entering	8 join, 3 vnodes
--5(16)----6(18)--	manage_node_request Send header: 104(T_MNG_REP_DNT) -1 8 7
--3(10)--	3
--4(12)----6(20)--	manage_node_request Send Content: 1	1 24	

--1(4)-->>> add_storage_node
--1(3)----3(9)----2(7)--	sid=8
>>> GTStoreStorage::process_manage_reply: Entering	8 join, 3 vnodes
	vid=24
--0(0)----5(17)----0(1)--	manage_node_request Send header: 104(T_MNG_REP_DNT) -1 8 11
	3
	vid=25
--5(15)----0(2)----8(24)--	manage_node_request Send Content: 3	24	25	26	

>>> add_storage_node
	vid=26
--8(25)----4(14)----6(19)--	sid=8
	manage_node_request Send header: 104(T_MNG_REP_DNT) -1 8 13
	add a new storage node !  Node ID = 4, New Node ID = 8
--2(8)----8(26)----7(22)--	vid=24
	manage_node_request Send Content: 2	13 10	12 3	

--6(18)----1(5)----7(23)-->>> GTStoreStorage::process_manage_reply: Entering	8 join, 3 vnodes
	vid=25
--6(20)----4(13)----2(6)--	3
--3(9)--	vid=26
	manage_node_request Send header: 104(T_MNG_REP_DNT) -1 8 11

--7(21)-->>> add_storage_node
--5(17)--	add a new storage node !  Node ID = 5, New Node ID = 8
	manage_node_request Send Content: 3	24	25	26	

--3(11)--	~~~~~~~~~~~~~~~ node 0 donates tokens to node 8  ~~~~~~~~~~~~~~
	sid=8
--0(2)----5(16)--	manage_node_request Send header: 104(T_MNG_REP_DNT) -1 8 7
	0_process_manage_reply Send header: 64(T_DNT) 0 8 2
--4(14)--	vid=24
--4(12)--	manage_node_request Send Content: 1	10 4	

	0_process_manage_reply Send Content: 0	

	 Before KV List: 0  intervals: 1
--8(26)----1(3)--	vid=25
>>> GTStoreStorage::process_manage_reply: Entering	8 join, 3 vnodes
	 Finish KV List: 0
--1(5)----4(13)----0(0)--	~~~~~~~~~~~~~~~~~~~~~~~~~~~  Got token, todo=7
	vid=26

--5(15)--	3
>>> GTStoreStorage::process_manage_reply: Entering	8 join, 3 vnodes
--8(25)----3(10)--	~~~~~~~~~~~~~~~ node 1 donates tokens to node 8  ~~~~~~~~~~~~~~
	add a new storage node !  Node ID = 6, New Node ID = 8
	3
>>> add_storage_node
--2(8)----1(4)--	1_process_manage_reply Send header: 64(T_DNT) 1 8 2
>>> add_storage_node
	sid=8
--6(18)----2(7)--	1_process_manage_reply Send Content: 0	

	sid=8
--6(20)----0(1)--	vid=24
--3(9)--	vid=24
--8(24)----5(17)--	 Before KV List: 0  intervals: 2
	vid=25
--6(19)--	vid=25
--0(2)--	 Finish KV List: 0
	~~~~~~~~~~~~~~~~~~~~~~~~~~~  Got token, todo=6
--7(22)--	vid=26
--4(14)--	vid=26
--3(10)----7(23)----1(4)--	add a new storage node !  Node ID = 7, New Node ID = 8
--8(26)----1(5)----4(13)--
	add a new storage node !  Node ID = 3, New Node ID = 8
--2(6)----2(7)----7(21)----3(11)--	~~~~~~~~~~~~~~~ node 2 donates tokens to node 8  ~~~~~~~~~~~~~~
--0(1)--	 Before KV List: 0  intervals: 1
--5(16)----8(24)--	2_process_manage_reply Send header: 64(T_DNT) 2 8 2
--4(12)--	 Finish KV List: 0
--6(19)--	 Before KV List: 0  intervals: 4
	2_process_manage_reply Send Content: 0	

--1(3)----3(10)----0(0)----7(22)----5(15)--	 Finish KV List: 0
--1(4)----7(23)----8(25)----3(10)----2(7)--	~~~~~~~~~~~~~~~~~~~~~~~~~~~  Got token, todo=5
--2(6)----2(8)----1(4)----0(1)----7(21)----6(18)----2(7)----8(24)----3(11)----6(20)----0(1)----6(19)----5(16)----3(9)----8(24)----5(17)----7(22)----4(12)----7(23)----1(3)----6(19)----0(2)----2(6)----0(0)----7(22)----4(14)----7(21)----5(15)----7(23)----8(26)----3(11)----8(25)----2(6)----1(5)----5(16)----2(8)----7(21)----4(13)----4(12)----6(18)----3(11)--
--1(3)----6(20)----5(16)--	~~~~~~~~~~~~~~~ node 5 donates tokens to node 8  ~~~~~~~~~~~~~~
--0(0)----3(9)----4(12)--	5_process_manage_reply Send header: 64(T_DNT) 5 8 2
--5(15)----5(17)----1(3)--	5_process_manage_reply Send Content: 0	

--8(25)----0(2)----0(0)----2(8)----4(14)----5(15)----6(18)----8(26)----8(25)----6(20)----1(5)----2(8)----3(9)----4(13)----6(18)----5(17)--	~~~~~~~~~~~~~~~~~~~~~~~~~~~  Got token, todo=4

--6(20)----0(2)--	~~~~~~~~~~~~~~~ node 6 donates tokens to node 8  ~~~~~~~~~~~~~~
--3(9)----4(14)----5(17)--	6_process_manage_reply Send header: 64(T_DNT) 6 8 2
--8(26)----0(2)--	6_process_manage_reply Send Content: 0	

--1(5)----4(14)----4(13)----8(26)--
--1(5)----4(13)--	~~~~~~~~~~~~~~~ node 7 donates tokens to node 8  ~~~~~~~~~~~~~~

	7_process_manage_reply Send header: 64(T_DNT) 7 8 2
	~~~~~~~~~~~~~~~ node 3 donates tokens to node 8  ~~~~~~~~~~~~~~
	~~~~~~~~~~~~~~~~~~~~~~~~~~~  Got token, todo=3
	7_process_manage_reply Send Content: 0	

	3_process_manage_reply Send header: 64(T_DNT) 3 8 2
	3_process_manage_reply Send Content: 0	

	~~~~~~~~~~~~~~~~~~~~~~~~~~~  Got token, todo=2
	~~~~~~~~~~~~~~~~~~~~~~~~~~~  Got token, todo=1
<<< Done Collecting tokens...
	----ACK sending----
	GTStoreStorage::init Send header: 0(T) -1 8 0
	----ACK sent----
<<< manage_node_request: Exiting
>>> manage_node_request: Entering with 3 requested vnodes
>>> add_storage_node
	sid=9
	vid=27
	vid=28
	vid=29
--3(10)----1(4)----2(7)----0(1)----9(28)----8(24)----9(27)----6(19)----7(22)----7(23)----2(6)----7(21)----3(11)----9(29)----5(16)----4(12)----1(3)----0(0)----5(15)----8(25)----2(8)----6(18)----6(20)----3(9)----5(17)----0(2)----4(14)----8(26)----1(5)----4(13)--
	computing.......27
>>>>>>>>>>>>>> 27
>>>>>>>>>>>>>> 24
>>>>>>>>>>>>>> 28
		||||----Donate: 3, [28, 24)----||||
		||||----Donate: 5, [24, 27)----||||
	computing.......28
>>>>>>>>>>>>>> 28
>>>>>>>>>>>>>> 1
>>>>>>>>>>>>>> 7
>>>>>>>>>>>>>> 4
>>>>>>>>>>>>>> 10
>>>>>>>>>>>>>> 13
		||||----Donate: 8, [13, 10)----||||
		||||----Donate: 6, [10, 4)----||||
		||||----Donate: 7, [4, 7)----||||
		||||----Donate: 2, [7, 1)----||||
		||||----Donate: 3, [1, 28)----||||
	computing.......29
>>>>>>>>>>>>>> 29
>>>>>>>>>>>>>> 11
>>>>>>>>>>>>>> 21
>>>>>>>>>>>>>> 6
>>>>>>>>>>>>>> 23
>>>>>>>>>>>>>> 22
>>>>>>>>>>>>>> 19
>>>>>>>>>>>>>> 27
		||||----Donate: 5, [27, 19)----||||
		||||----Donate: 4, [19, 22)----||||
		||||----Donate: 4, [22, 23)----||||
		||||----Donate: 4, [23, 6)----||||
		||||----Donate: 1, [6, 21)----||||
		||||----Donate: 0, [21, 11)----||||
		||||----Donate: 8, [11, 29)----||||
		find 9 donators
	manage_node_request Send header: 40(T_MNG_REP) -1 9 143
	manage_node_request Send Content: 30	0 0	1 0	2 0	3 1	4 1	5 1	6 2	7 2	8 2	9 3	10 3	11 3	12 4	13 4	14 4	15 5	16 5	17 5	18 6	19 6	20 6	21 7	22 7	23 7	24 8	25 8	26 8	27 9	28 9	29 9	

Sent reply to manager
	vid=0
{0, 0}		vid=1
{1, 0}		vid=2
{2, 0}		vid=3
{3, 1}		vid=4
{4, 1}		vid=5
{5, 1}		vid=6
{6, 2}		vid=7
{7, 2}		vid=8
{8, 2}		vid=9
{9, 3}		vid=10
{10, 3}		vid=11
{11, 3}		vid=12
{12, 4}		vid=13
{13, 4}		vid=14
{14, 4}		vid=15
{15, 5}		vid=16
{16, 5}		vid=17
{17, 5}		vid=18
{18, 6}		vid=19
{19, 6}		vid=20
{20, 6}		vid=21
{21, 7}		vid=22
{22, 7}		vid=23
{23, 7}		vid=24
{24, 8}		vid=25
{25, 8}		vid=26
{26, 8}		vid=27
{27, 9}		vid=28
{28, 9}		vid=29
{29, 9}	
Successfully add self to manager!  Node ID = 9
	GTStoreStorage::init Send header: 0(T) -1 9 0
Inside GTStoreStorage::init() nodes 10/5
>>> Collecting tokens...
	manage_node_request: Broadcast new node 9 to old storage nodes
	manage_node_request Send header: 104(T_MNG_REP_DNT) -1 9 11
	manage_node_request Send Content: 3	27	28	29	

	manage_node_request Send header: 104(T_MNG_REP_DNT) -1 9 8
	manage_node_request Send Content: 1	21 11	

>>> GTStoreStorage::process_manage_reply: Entering	9 join, 3 vnodes
	3
	manage_node_request Send header: 104(T_MNG_REP_DNT) -1 9 11
>>> add_storage_node
	manage_node_request Send Content: 3	27	28	29	

	sid=9
	vid=27
	manage_node_request Send header: 104(T_MNG_REP_DNT) -1 9 7
	vid=28
	manage_node_request Send Content: 1	6 21	

	vid=29
	add a new storage node !  Node ID = 0, New Node ID = 9
>>> GTStoreStorage::process_manage_reply: Entering	9 join, 3 vnodes
	3
>>> add_storage_node
	sid=9
	manage_node_request Send header: 104(T_MNG_REP_DNT) -1 9 11
	vid=27
	manage_node_request Send Content: 3	27	28	29	

	vid=28
	manage_node_request Send header: 104(T_MNG_REP_DNT) -1 9 6
	 Before KV List: 0  intervals: 1
	manage_node_request Send Content: 1	7 1	

	vid=29
	 Finish KV List: 0
	add a new storage node !  Node ID = 1, New Node ID = 9
--3(10)----1(4)----2(7)----0(1)----9(28)-->>> GTStoreStorage::process_manage_reply: Entering	9 join, 3 vnodes
--8(24)--	3
--9(27)-->>> add_storage_node
--6(19)--	sid=9
	manage_node_request Send header: 104(T_MNG_REP_DNT) -1 9 11
--7(22)--	manage_node_request Send Content: 3	27	28	29	

--7(23)--	vid=27
--2(6)----7(21)----3(11)--	 Before KV List: 0  intervals: 1
	vid=28
	manage_node_request Send header: 104(T_MNG_REP_DNT) -1 9 13
--9(29)--	 Finish KV List: 0
	manage_node_request Send Content: 2	28 24	1 28	

	vid=29
--5(16)----3(10)--	add a new storage node !  Node ID = 2, New Node ID = 9
--4(12)----1(4)----2(7)----1(3)----0(1)----0(0)----5(15)----9(28)----8(25)----8(24)----2(8)----9(27)----6(18)-->>> GTStoreStorage::process_manage_reply: Entering	9 join, 3 vnodes
--6(20)----6(19)--	manage_node_request Send header: 104(T_MNG_REP_DNT) -1 9 11
--7(22)--	3
--3(9)--	manage_node_request Send Content: 3	27	28	29	

--7(23)-->>> add_storage_node
--5(17)----2(6)----0(2)--	 Before KV List: 0  intervals: 1
	sid=9
	manage_node_request Send header: 104(T_MNG_REP_DNT) -1 9 19
--4(14)----7(21)--	 Finish KV List: 0
--3(11)--	manage_node_request Send Content: 3	19 22	22 23	23 6	

--8(26)--	vid=27
--3(10)----9(29)----1(5)----1(4)--	vid=28
--5(16)----4(13)----2(7)-->>> GTStoreStorage::process_manage_reply: Entering	9 join, 3 vnodes
--4(12)----0(1)--	3
	vid=29

--1(3)----9(28)----0(0)-->>> add_storage_node
	manage_node_request Send header: 104(T_MNG_REP_DNT) -1 9 11
--5(15)--	add a new storage node !  Node ID = 3, New Node ID = 9
--8(24)--	~~~~~~~~~~~~~~~ node 0 donates tokens to node 9  ~~~~~~~~~~~~~~
	sid=9
	manage_node_request Send Content: 3	27	28	29	

--8(25)----9(27)--	0_process_manage_reply Send header: 64(T_DNT) 0 9 2
	vid=27
--2(8)----6(19)--	0_process_manage_reply Send Content: 0	

--6(18)--	manage_node_request Send header: 104(T_MNG_REP_DNT) -1 9 14
	vid=28
--7(22)----6(20)--	manage_node_request Send Content: 2	24 27	27 19	

	vid=29
--7(23)----3(9)--	add a new storage node !  Node ID = 4, New Node ID = 9
--2(6)----5(17)----7(21)----0(2)--	 Before KV List: 0  intervals: 2
--3(11)----4(14)-->>> GTStoreStorage::process_manage_reply: Entering	9 join, 3 vnodes
	 Finish KV List: 0
--9(29)----8(26)--	manage_node_request Send header: 104(T_MNG_REP_DNT) -1 9 11
--1(5)--	3
	manage_node_request Send Content: 3	27	28	29	

--5(16)----3(10)----4(13)-->>> add_storage_node
--4(12)--	manage_node_request Send header: 104(T_MNG_REP_DNT) -1 9 7
--1(4)--
	sid=9
	 Before KV List: 0  intervals: 3
--1(3)--	manage_node_request Send Content: 1	10 4	

--2(7)--	~~~~~~~~~~~~~~~ node 1 donates tokens to node 9  ~~~~~~~~~~~~~~
	vid=27
--0(0)--	 Finish KV List: 0
--0(1)--	1_process_manage_reply Send header: 64(T_DNT) 1 9 2
--5(15)----9(28)--	~~~~~~~~~~~~~~~~~~~~~~~~~~~  Got token, todo=9
--3(10)--	1_process_manage_reply Send Content: 0	

--8(25)--	vid=28
--8(24)----1(4)----2(8)----9(27)----6(18)----2(7)----6(19)----6(20)----0(1)--	vid=29
--7(22)----9(28)----3(9)-->>> GTStoreStorage::process_manage_reply: Entering	9 join, 3 vnodes
--7(23)--	add a new storage node !  Node ID = 5, New Node ID = 9
	manage_node_request Send header: 104(T_MNG_REP_DNT) -1 9 11
--8(24)----5(17)--	3
--2(6)--	manage_node_request Send Content: 3	27	28	29	

--9(27)----0(2)--	~~~~~~~~~~~~~~~~~~~~~~~~~~~  Got token, todo=8
>>> add_storage_node
	sid=9
	vid=27
	vid=28
	vid=29
	add a new storage node !  Node ID = 6, New Node ID = 9
--7(21)----6(19)----4(14)----3(11)--	manage_node_request Send header: 104(T_MNG_REP_DNT) -1 9 6
--7(22)----8(26)----9(29)----7(23)--	manage_node_request Send Content: 1	4 7	

--1(5)----5(16)----2(6)--	 Before KV List: 0  intervals: 2
--4(13)----4(12)----7(21)--
	 Finish KV List: 0
--1(3)----3(11)--	 Before KV List: 0  intervals: 1
	~~~~~~~~~~~~~~~ node 2 donates tokens to node 9  ~~~~~~~~~~~~~~
--3(10)----0(0)----9(29)--	 Finish KV List: 0
	manage_node_request Send header: 104(T_MNG_REP_DNT) -1 9 11
--1(4)----5(15)--	2_process_manage_reply Send header: 64(T_DNT) 2 9 2
--5(16)----3(10)--	manage_node_request Send Content: 3	27	28	29	

--2(7)----8(25)--	2_process_manage_reply Send Content: 0	

--4(12)----1(4)----0(1)----2(8)--	manage_node_request Send header: 104(T_MNG_REP_DNT) -1 9 14
--1(3)----2(7)----9(28)----6(18)--	manage_node_request Send Content: 2	13 10	11 29	

--0(0)----0(1)----8(24)----6(20)----5(15)----9(28)----3(9)----9(27)----8(25)----8(24)----5(17)----6(19)----2(8)----9(27)----0(2)----7(22)----4(14)----6(18)----6(19)-->>> GTStoreStorage::process_manage_reply: Entering	9 join, 3 vnodes
--7(23)----8(26)----6(20)----1(5)----7(22)--	3
--2(6)----3(9)----4(13)----7(23)----7(21)-->>> add_storage_node
--5(17)--
--2(6)----3(11)--	sid=9
--0(2)----7(21)--	~~~~~~~~~~~~~~~ node 3 donates tokens to node 9  ~~~~~~~~~~~~~~
--9(29)--	~~~~~~~~~~~~~~~~~~~~~~~~~~~  Got token, todo=7
--4(14)----3(11)--	vid=27
--5(16)--	3_process_manage_reply Send header: 64(T_DNT) 3 9 2
--8(26)----9(29)----4(12)--	vid=28
	3_process_manage_reply Send Content: 0	

>>> GTStoreStorage::process_manage_reply: Entering	9 join, 3 vnodes
--1(5)----5(16)----1(3)--	vid=29
	3
	add a new storage node !  Node ID = 8, New Node ID = 9
--4(13)----4(12)----0(0)-->>> add_storage_node

--1(3)--	~~~~~~~~~~~~~~~~~~~~~~~~~~~  Got token, todo=6
--5(15)--	sid=9
--0(0)--	~~~~~~~~~~~~~~~ node 4 donates tokens to node 9  ~~~~~~~~~~~~~~
--8(25)----5(15)--	vid=27
	4_process_manage_reply Send header: 64(T_DNT) 4 9 2
--2(8)----8(25)--	4_process_manage_reply Send Content: 0	

--6(18)--	vid=28
--2(8)----6(20)----6(18)--	vid=29
--3(9)----6(20)----5(17)--	add a new storage node !  Node ID = 7, New Node ID = 9
--3(9)----0(2)----5(17)----4(14)----0(2)--	~~~~~~~~~~~~~~~~~~~~~~~~~~~  Got token, todo=5
--8(26)----4(14)--	 Before KV List: 0  intervals: 2
--1(5)----8(26)----4(13)--	 Finish KV List: 0
--1(5)--
--3(10)----4(13)--	~~~~~~~~~~~~~~~ node 5 donates tokens to node 9  ~~~~~~~~~~~~~~
--1(4)--	 Before KV List: 0  intervals: 1
--2(7)--
	 Finish KV List: 0
--0(1)--	5_process_manage_reply Send header: 64(T_DNT) 5 9 2
	~~~~~~~~~~~~~~~ node 6 donates tokens to node 9  ~~~~~~~~~~~~~~
--3(10)----9(28)--	5_process_manage_reply Send Content: 0	

	6_process_manage_reply Send header: 64(T_DNT) 6 9 2
--1(4)----8(24)--	6_process_manage_reply Send Content: 0	

--2(7)----9(27)----0(1)----6(19)----9(28)----7(22)----8(24)----7(23)--	~~~~~~~~~~~~~~~~~~~~~~~~~~~  Got token, todo=4
--9(27)----2(6)----6(19)----7(21)----7(22)----3(11)----7(23)----2(6)----9(29)----7(21)----5(16)----3(11)----4(12)--	~~~~~~~~~~~~~~~~~~~~~~~~~~~  Got token, todo=3
--9(29)----1(3)----5(16)----0(0)----4(12)----5(15)----1(3)----8(25)----0(0)----2(8)----5(15)----6(18)----8(25)----6(20)----2(8)----3(9)----6(18)----5(17)----6(20)----0(2)----3(9)----4(14)----5(17)----8(26)----0(2)----1(5)----4(14)----4(13)----8(26)----1(5)--
--4(13)--
	~~~~~~~~~~~~~~~ node 8 donates tokens to node 9  ~~~~~~~~~~~~~~
	~~~~~~~~~~~~~~~ node 7 donates tokens to node 9  ~~~~~~~~~~~~~~
	8_process_manage_reply Send header: 64(T_DNT) 8 9 2
	7_process_manage_reply Send header: 64(T_DNT) 7 9 2
	8_process_manage_reply Send Content: 0	

	7_process_manage_reply Send Content: 0	

	~~~~~~~~~~~~~~~~~~~~~~~~~~~  Got token, todo=2
	~~~~~~~~~~~~~~~~~~~~~~~~~~~  Got token, todo=1
<<< Done Collecting tokens...
	----ACK sending----
	GTStoreStorage::init Send header: 0(T) -1 9 0
	----ACK sent----
<<< manage_node_request: Exiting
========================
========================
=== Running Client 0...
========================
>>> GTStoreClient::init() Entering 0
=== Running Client 1...
=== Running Client 2...
	get_contact_node Send header: 1(T_CLI) 0 -1 0
========================
>>> GTStoreClient::init() Entering 1
>>> GTStoreClient::init() Entering 2
>>> manage_client_request: Entering
=== Running Client 3...
	manage_client_request Send header: 1(T_CLI) 0 0 0
	get_contact_node Send header: 1(T_CLI) 1 -1 0
	get_contact_node Send header: 1(T_CLI) 2 -1 0
<<< manage_client_request: Exiting
========================
>>> GTStoreClient::init() Entering 3
>>> manage_client_request: Entering
	manage_client_request Send header: 1(T_CLI) 1 1 0
<<< manage_client_request: Exiting
	GTStoreClient::init: Got contact 0
=== Running Client 4...
	get_contact_node Send header: 1(T_CLI) 3 -1 0
>>> manage_client_request: Entering
	manage_client_request Send header: 1(T_CLI) 2 2 0
	put Send header: 17(T_CLI_WR) 0 0 34
<<< manage_client_request: Exiting
>>> GTStoreClient::init() Entering 4
	GTStoreClient::init: Got contact 1
	put Send Content: test_key_0	0	test_val_0_version=0	

>>> manage_client_request: Entering
	put Send header: 17(T_CLI_WR) 1 1 34
	manage_client_request Send header: 1(T_CLI) 3 3 0
	put Send Content: test_key_1	0	test_val_1_version=0	

	GTStoreClient::init: Got contact 2
<<< manage_client_request: Exiting
	GTStoreClient::init: Got contact 3
	get_contact_node Send header: 1(T_CLI) 4 -1 0
	put Send header: 17(T_CLI_WR) 2 2 34
	process_client_request Send header: 18(T_FWD_WR) 0 0 43
	put Send Content: test_key_2	0	test_val_2_version=0	

	process_client_request Send Content: test_key_0	1556250650	test_val_0_version=0	

	put Send header: 17(T_CLI_WR) 3 3 34
	put Send Content: test_key_3	0	test_val_3_version=0	

	process_client_request Send header: 18(T_FWD_WR) 1 1 43
>>> manage_client_request: Entering
	process_client_request Send Content: test_key_1	1556250650	test_val_1_version=0	

	manage_client_request Send header: 1(T_CLI) 4 4 0
<<< manage_client_request: Exiting
	process_client_request Send header: 18(T_FWD_WR) 2 2 43
>>> Entered process_forward_request
	process_client_request Send header: 18(T_FWD_WR) 3 3 43
	process_client_request Send Content: test_key_2	1556250650	test_val_2_version=0	

	process_client_request Send Content: test_key_3	1556250650	test_val_3_version=0	

>>> Entered process_forward_request
	GTStoreClient::init: Got contact 4
	Write data test_val_0_version=0
>>> Entered process_forward_request
	Broadcast with proxy node_id...
	put Send header: 17(T_CLI_WR) 4 4 34
	Write data test_val_1_version=0
	Broadcast with proxy node_id...
	put Send Content: test_key_4	0	test_val_4_version=0	

	process_forward_request Send header: 20(T_COO_WR) 0 0 43
	process_forward_request Send header: 20(T_COO_WR) 1 1 43
	Write data test_val_2_version=0
	process_forward_request Send Content: test_key_0	1556250650	test_val_0_version=0	

	process_forward_request Send Content: test_key_1	1556250650	test_val_1_version=0	

	Broadcast with proxy node_id...
	Broadcast with proxy node_id...
	Broadcast with proxy node_id...
	process_forward_request Send header: 20(T_COO_WR) 2 2 43
	process_forward_request Send header: 20(T_COO_WR) 0 0 43
	process_forward_request Send Content: test_key_2	1556250650	test_val_2_version=0	

	process_forward_request Send Content: test_key_0	1556250650	test_val_0_version=0	

	process_client_request Send header: 18(T_FWD_WR) 4 4 43
	Broadcast with proxy node_id...
	process_forward_request Send header: 20(T_COO_WR) 1 1 43
	process_client_request Send Content: test_key_4	1556250650	test_val_4_version=0	

	Broadcast with proxy node_id...
	process_forward_request Send Content: test_key_1	1556250650	test_val_1_version=0	

	process_forward_request Send header: 20(T_COO_WR) 2 2 43
	process_coordinate_request Send header: 52(T_COO_WR_REP) 0 0 43
	process_forward_request Send header: 20(T_COO_WR) 0 0 43
	process_forward_request Send Content: test_key_2	1556250650	test_val_2_version=0	

	process_coordinate_request Send Content: test_key_0	1556250650	test_val_0_version=0	

	process_forward_request Send Content: test_key_0	1556250650	test_val_0_version=0	

	Broadcast with proxy node_id...
	process_coordinate_request Send header: 52(T_COO_WR_REP) 1 1 43
	Broadcast with proxy node_id...
	Broadcast with proxy node_id...
>>> Entered process_forward_request
	process_coordinate_request Send Content: test_key_1	1556250650	test_val_1_version=0	

	process_coordinate_request Send header: 52(T_COO_WR_REP) 0 0 43
	process_forward_request Send header: 20(T_COO_WR) 1 1 43
	process_forward_request Send header: 20(T_COO_WR) 0 0 43
	process_forward_request Send Content: test_key_1	1556250650	test_val_1_version=0	

	process_forward_request Send header: 20(T_COO_WR) 2 2 43
	process_coordinate_request Send Content: test_key_0	1556250650	test_val_0_version=0	

	process_forward_request Send Content: test_key_0	1556250650	test_val_0_version=0	

	process_forward_request Send Content: test_key_2	1556250650	test_val_2_version=0	

	Broadcast with proxy node_id...
<<< Exited process_forward_request with received=1
	process_coordinate_request Send header: 52(T_COO_WR_REP) 1 1 43
	Write data test_val_4_version=0
	Broadcast with proxy node_id...
	process_coordinate_request Send header: 52(T_COO_WR_REP) 0 0 43
	process_forward_request Send header: 20(T_COO_WR) 1 1 43
	process_coordinate_request Send Content: test_key_0	1556250650	test_val_0_version=0	

	process_coordinate_request Send Content: test_key_1	1556250650	test_val_1_version=0	

	process_forward_request Send header: 20(T_COO_WR) 2 2 43
	process_forward_request Send Content: test_key_1	1556250650	test_val_1_version=0	

	Broadcast with proxy node_id...
	process_coordinate_request Send header: 52(T_COO_WR_REP) 2 2 43
	process_coordinate_request Send header: 52(T_COO_WR_REP) 2 2 43
	process_forward_request Send Content: test_key_2	1556250650	test_val_2_version=0	

	process_coordinate_request Send Content: test_key_2	1556250650	test_val_2_version=0	

<<< Exited process_forward_request with received=1
	process_coordinate_request Send header: 52(T_COO_WR_REP) 2 2 43
	process_coordinate_request Send Content: test_key_2	1556250650	test_val_2_version=0	

	process_forward_request Send header: 20(T_COO_WR) 4 4 43
<<< Exited process_forward_request with received=1
	process_coordinate_request Send Content: test_key_2	1556250650	test_val_2_version=0	

	process_forward_request Send Content: test_key_4	1556250650	test_val_4_version=0	

>>> GTStoreStorage::process_coordinate_reply: Entering
>>> Entered process_forward_request
	Done task 2/3
	Broadcast with proxy node_id...
>>> GTStoreStorage::process_coordinate_reply: Entering
	Done task 2/3
	process_forward_request Send header: 20(T_COO_WR) 4 4 43
	process_forward_request Send Content: test_key_4	1556250650	test_val_4_version=0	

	Write data test_val_3_version=0
>>> GTStoreStorage::process_coordinate_reply: Entering
	Broadcast with proxy node_id...
	Done task 3/3
>>> GTStoreStorage::process_coordinate_reply: Entering
>>> Entering finish_coordination
	process_coordinate_request Send header: 52(T_COO_WR_REP) 0 0 43
	Broadcast with proxy node_id...
	send back to transferrer
	Done task 3/3
	process_forward_request Send header: 20(T_COO_WR) 3 3 43
	process_coordinate_request Send Content: test_key_0	1556250650	test_val_0_version=0	

>>> Entering finish_coordination
send back to transferrer: node.socket_0
	process_forward_request Send Content: test_key_3	1556250650	test_val_3_version=0	

	send back to transferrer
	process_forward_request Send header: 20(T_COO_WR) 4 4 43
	finish_coordination Send header: 50(T_FWD_WR_REP) 0 0 43
send back to transferrer: node.socket_2
	process_forward_request Send Content: test_key_4	1556250650	test_val_4_version=0	

	Broadcast with proxy node_id...
	finish_coordination Send Content: test_key_0	1556250650	test_val_0_version=0	

	finish_coordination Send header: 50(T_FWD_WR_REP) 2 2 43
	Broadcast with proxy node_id...
	process_forward_request Send header: 20(T_COO_WR) 3 3 43
	finish_coordination Send Content: test_key_2	1556250650	test_val_2_version=0	

	process_coordinate_request Send header: 52(T_COO_WR_REP) 1 1 43
	process_forward_request Send Content: test_key_3	1556250650	test_val_3_version=0	

	process_coordinate_request Send Content: test_key_1	1556250650	test_val_1_version=0	

	process_forward_request Send header: 20(T_COO_WR) 4 4 43
	process_coordinate_request Send header: 52(T_COO_WR_REP) 3 3 43
>>> Send back to client
	Broadcast with proxy node_id...
>>> GTStoreStorage::process_coordinate_reply: Entering
	process_forward_request Send Content: test_key_4	1556250650	test_val_4_version=0	

>>> GTStoreStorage::process_coordinate_reply: Entering
	process_coordinate_request Send Content: test_key_3	1556250650	test_val_3_version=0	

	process_forward_reply Send header: 33(T_CLI_REP) 0 0 43
<<< Exiting process_coordinate_reply
	process_forward_request Send header: 20(T_COO_WR) 3 3 43
<<< Exiting process_coordinate_reply
<<< Exited process_forward_request with received=1
	process_forward_reply Send Content: test_key_0	1556250650	test_val_0_version=0	

	process_forward_request Send Content: test_key_3	1556250650	test_val_3_version=0	

	process_coordinate_request Send header: 52(T_COO_WR_REP) 3 3 43
	process_coordinate_request Send header: 52(T_COO_WR_REP) 4 4 43
>>> GTStoreStorage::process_coordinate_reply: Entering
	process_coordinate_request Send Content: test_key_3	1556250650	test_val_3_version=0	

	Broadcast with proxy node_id...
	process_coordinate_request Send Content: test_key_4	1556250650	test_val_4_version=0	

<<< Exiting process_coordinate_reply
	process_coordinate_request Send header: 52(T_COO_WR_REP) 4 4 43
	process_coordinate_request Send header: 52(T_COO_WR_REP) 4 4 43
	process_forward_request Send header: 20(T_COO_WR) 3 3 43
	process_coordinate_request Send Content: test_key_4	1556250650	test_val_4_version=0	

	process_coordinate_request Send header: 52(T_COO_WR_REP) 1 1 43
	process_coordinate_request Send Content: test_key_4	1556250650	test_val_4_version=0	

>>> Inside GTStoreClient::put() for client: 0 key: test_key_0 value: test_val_0_version=0
	process_forward_request Send Content: test_key_3	1556250650	test_val_3_version=0	

	process_coordinate_request Send Content: test_key_1	1556250650	test_val_1_version=0	

>>> Send back to client
>>> Inside GTStoreClient::put() for reply: 0 key: test_key_0 value: test_val_0_version=0
<<< Exited process_forward_request with received=1
	process_forward_reply Send header: 33(T_CLI_REP) 2 2 43
	process_forward_reply Send Content: test_key_2	1556250650	test_val_2_version=0	

	get Send header: 1(T_CLI) 0 0 14
	get Send Content: test_key_0	0		

>>> GTStoreStorage::process_coordinate_reply: Entering
	Done task 2/3
>>> Inside GTStoreClient::put() for client: 2 key: test_key_2 value: test_val_2_version=0
	process_coordinate_request Send header: 52(T_COO_WR_REP) 3 3 43
>>> Inside GTStoreClient::put() for reply: 2 key: test_key_2 value: test_val_2_version=0
	process_coordinate_request Send Content: test_key_3	1556250650	test_val_3_version=0	

>>> GTStoreStorage::process_coordinate_reply: Entering
	process_coordinate_request Send header: 52(T_COO_WR_REP) 3 3 43
	Done task 3/3
	process_coordinate_request Send Content: test_key_3	1556250650	test_val_3_version=0	

	get Send header: 1(T_CLI) 2 2 14
>>> Entering finish_coordination
	get Send Content: test_key_2	0		

	process_client_request Send header: 2(T_FWD) 0 0 23
	send back to transferrer
>>> GTStoreStorage::process_coordinate_reply: Entering
	process_client_request Send Content: test_key_0	1556250650		

send back to transferrer: node.socket_1
	Done task 2/3
	finish_coordination Send header: 50(T_FWD_WR_REP) 1 1 43
	finish_coordination Send Content: test_key_1	1556250650	test_val_1_version=0	

>>> GTStoreStorage::process_coordinate_reply: Entering
>>> Entered process_forward_request
	Done task 3/3
	process_client_request Send header: 2(T_FWD) 2 2 23
>>> Entering finish_coordination
	process_client_request Send Content: test_key_2	1556250650		

	send back to transferrer
send back to transferrer: node.socket_4
	process_coordinate_request Send header: 52(T_COO_WR_REP) 2 2 43
	process_coordinate_request Send Content: test_key_2	1556250650	test_val_2_version=0	

	Read data test_val_0_version=0
	finish_coordination Send header: 50(T_FWD_WR_REP) 4 4 43
>>> Entered process_forward_request
	Broadcast with proxy node_id...
	finish_coordination Send Content: test_key_4	1556250650	test_val_4_version=0	

	process_forward_request Send header: 4(T_COO) 0 0 23
	process_forward_request Send Content: test_key_0	1556250650		

	process_coordinate_request Send header: 52(T_COO_WR_REP) 4 4 43
	process_coordinate_request Send Content: test_key_4	1556250650	test_val_4_version=0	

	Read data test_val_2_version=0
>>> GTStoreStorage::process_coordinate_reply: Entering
>>> Send back to client
	Broadcast with proxy node_id...
	Broadcast with proxy node_id...
<<< Exiting process_coordinate_reply
	process_forward_reply Send header: 33(T_CLI_REP) 4 4 43
	process_forward_request Send header: 4(T_COO) 0 0 23
	process_forward_reply Send Content: test_key_4	1556250650	test_val_4_version=0	

>>> GTStoreStorage::process_coordinate_reply: Entering
	process_forward_request Send Content: test_key_0	1556250650		

	process_forward_request Send header: 4(T_COO) 2 2 23
<<< Exiting process_coordinate_reply
>>> GTStoreStorage::process_coordinate_reply: Entering
	process_coordinate_request Send header: 36(T_COO_REP) 0 0 43
	process_forward_request Send Content: test_key_2	1556250650		

<<< Exiting process_coordinate_reply
	Broadcast with proxy node_id...
	process_coordinate_request Send Content: test_key_0	1556250650	test_val_0_version=0	

	Broadcast with proxy node_id...
>>> Inside GTStoreClient::put() for client: 4 key: test_key_4 value: test_val_4_version=0
>>> GTStoreStorage::process_coordinate_reply: Entering
	process_forward_request Send header: 4(T_COO) 0 0 23
>>> Inside GTStoreClient::put() for reply: 4 key: test_key_4 value: test_val_4_version=0
	Done task 2/3
	process_forward_request Send Content: test_key_0	1556250650		

	process_forward_request Send header: 4(T_COO) 2 2 23
	process_coordinate_request Send header: 36(T_COO_REP) 0 0 43
	process_forward_request Send Content: test_key_2	1556250650		

	get Send header: 1(T_CLI) 4 4 14
	process_coordinate_request Send Content: test_key_0	1556250650	test_val_0_version=0	

	Broadcast with proxy node_id...
	get Send Content: test_key_4	0		

	Broadcast with proxy node_id...
>>> GTStoreStorage::process_coordinate_reply: Entering
	process_forward_request Send header: 4(T_COO) 0 0 23
	Done task 3/3
	process_forward_request Send Content: test_key_0	1556250650		

	process_forward_request Send header: 4(T_COO) 2 2 23
>>> Entering finish_coordination
	process_forward_request Send Content: test_key_2	1556250650		

	send back to transferrer
<<< Exited process_forward_request with received=1
send back to transferrer: node.socket_3
	process_coordinate_request Send header: 36(T_COO_REP) 0 0 43
	Broadcast with proxy node_id...
	process_coordinate_request Send Content: test_key_0	1556250650	test_val_0_version=0	

	finish_coordination Send header: 50(T_FWD_WR_REP) 3 3 43
	finish_coordination Send Content: test_key_3	1556250650	test_val_3_version=0	

	process_forward_request Send header: 4(T_COO) 2 2 23
	process_coordinate_request Send header: 36(T_COO_REP) 2 2 43
	process_forward_request Send Content: test_key_2	1556250650		

	process_coordinate_request Send Content: test_key_2	1556250650	test_val_2_version=0	

>>> Send back to client
	process_coordinate_request Send header: 36(T_COO_REP) 2 2 43
	process_client_request Send header: 2(T_FWD) 4 4 23
>>> GTStoreStorage::process_coordinate_reply: Entering
<<< Exited process_forward_request with received=1
	process_coordinate_request Send Content: test_key_2	1556250650	test_val_2_version=0	

	process_forward_reply Send header: 33(T_CLI_REP) 1 1 43
	process_client_request Send Content: test_key_4	1556250650		

<<< Exiting process_coordinate_reply
	process_forward_reply Send Content: test_key_1	1556250650	test_val_1_version=0	

>>> GTStoreStorage::process_coordinate_reply: Entering
>>> GTStoreStorage::process_coordinate_reply: Entering
	process_coordinate_request Send header: 36(T_COO_REP) 0 0 43
	Done task 2/3
>>> Entered process_forward_request
<<< Exiting process_coordinate_reply
	process_coordinate_request Send Content: test_key_0	1556250650	test_val_0_version=0	

>>> Inside GTStoreClient::put() for client: 1 key: test_key_1 value: test_val_1_version=0
	process_coordinate_request Send header: 36(T_COO_REP) 2 2 43
>>> GTStoreStorage::process_coordinate_reply: Entering
>>> Inside GTStoreClient::put() for reply: 1 key: test_key_1 value: test_val_1_version=0
	process_coordinate_request Send Content: test_key_2	1556250650	test_val_2_version=0	

	Done task 3/3
>>> GTStoreStorage::process_coordinate_reply: Entering
>>> Entering finish_coordination
<<< Exiting process_coordinate_reply
	send back to transferrer
	Read data test_val_4_version=0
	get Send header: 1(T_CLI) 1 1 14
send back to transferrer: node.socket_2
	Broadcast with proxy node_id...
	get Send Content: test_key_1	0		

	finish_coordination Send header: 34(T_FWD_REP) 2 2 43
>>> GTStoreStorage::process_coordinate_reply: Entering
	finish_coordination Send Content: test_key_2	1556250650	test_val_2_version=0	

	process_forward_request Send header: 4(T_COO) 4 4 23
	Done task 2/3
	process_forward_request Send Content: test_key_4	1556250650		

	process_coordinate_request Send header: 36(T_COO_REP) 2 2 43
	process_coordinate_request Send Content: test_key_2	1556250650	test_val_2_version=0	

	Broadcast with proxy node_id...
>>> Send back to client
>>> Send back to client
>>> GTStoreStorage::process_coordinate_reply: Entering
	process_forward_reply Send header: 33(T_CLI_REP) 2 2 43
	process_forward_reply Send header: 33(T_CLI_REP) 3 3 43
	process_forward_request Send header: 4(T_COO) 4 4 23
	Done task 3/3
	process_forward_reply Send Content: test_key_2	1556250650	test_val_2_version=0	

	process_forward_reply Send Content: test_key_3	1556250650	test_val_3_version=0	

	process_forward_request Send Content: test_key_4	1556250650		

>>> Entering finish_coordination
	send back to transferrer
	Broadcast with proxy node_id...
send back to transferrer: node.socket_0
>>> Inside GTStoreClient::get() for client: 2 key: test_key_2 value: test_val_2_version=0
	process_forward_request Send header: 4(T_COO) 4 4 23
	finish_coordination Send header: 34(T_FWD_REP) 0 0 43
	process_forward_request Send Content: test_key_4	1556250650		

>>> GTStoreStorage::process_coordinate_reply: Entering
>>> Inside GTStoreClient::put() for client: 3 key: test_key_3 value: test_val_3_version=0
	finish_coordination Send Content: test_key_0	1556250650	test_val_0_version=0	

<<< Exiting process_coordinate_reply
	process_coordinate_request Send header: 36(T_COO_REP) 4 4 43
>>> Inside GTStoreClient::put() for reply: 3 key: test_key_3 value: test_val_3_version=0
	Broadcast with proxy node_id...
	process_coordinate_request Send Content: test_key_4	1556250650	test_val_4_version=0	

	get Send header: 1(T_CLI) 3 3 14
	process_forward_request Send header: 4(T_COO) 4 4 23
	get Send Content: test_key_3	0		

>>> GTStoreStorage::process_coordinate_reply: Entering
	process_forward_request Send Content: test_key_4	1556250650		

>>> Send back to client
<<< Exiting process_coordinate_reply
>>> GTStoreStorage::process_coordinate_reply: Entering
	process_coordinate_request Send header: 36(T_COO_REP) 4 4 43
<<< Exited process_forward_request with received=1
	process_coordinate_request Send Content: test_key_4	1556250650	test_val_4_version=0	

	process_forward_reply Send header: 33(T_CLI_REP) 0 0 43
<<< Exiting process_coordinate_reply
	process_forward_reply Send Content: test_key_0	1556250650	test_val_0_version=0	

>>> GTStoreStorage::process_coordinate_reply: Entering
<<< Exiting process_coordinate_reply
>>> GTStoreStorage::process_coordinate_reply: Entering
	Done task 2/3
>>> GTStoreStorage::process_coordinate_reply: Entering
<<< Exiting process_coordinate_reply
>>> Inside GTStoreClient::get() for client: 0 key: test_key_0 value: test_val_0_version=0
>>> GTStoreStorage::process_coordinate_reply: Entering
	Done task 3/3
	process_coordinate_request Send header: 36(T_COO_REP) 4 4 43
>>> Entering finish_coordination
	process_coordinate_request Send Content: test_key_4	1556250650	test_val_4_version=0	

	send back to transferrer
send back to transferrer: node.socket_4
	finish_coordination Send header: 34(T_FWD_REP) 4 4 43
	finish_coordination Send Content: test_key_4	1556250650	test_val_4_version=0	

	process_client_request Send header: 2(T_FWD) 1 1 23
	process_client_request Send Content: test_key_1	1556250650		

	process_client_request Send header: 2(T_FWD) 3 3 23
>>> Send back to client
	process_client_request Send Content: test_key_3	1556250650		

>>> GTStoreStorage::process_coordinate_reply: Entering
	process_forward_reply Send header: 33(T_CLI_REP) 4 4 43
<<< Exiting process_coordinate_reply
>>> Entered process_forward_request
	process_forward_reply Send Content: test_key_4	1556250650	test_val_4_version=0	

	Read data test_val_1_version=0
	Broadcast with proxy node_id...
>>> Inside GTStoreClient::get() for client: 4 key: test_key_4 value: test_val_4_version=0
	process_coordinate_request Send header: 36(T_COO_REP) 4 4 43
	process_coordinate_request Send Content: test_key_4	1556250650	test_val_4_version=0	

	process_forward_request Send header: 4(T_COO) 1 1 23
	process_forward_request Send Content: test_key_1	1556250650		

	Broadcast with proxy node_id...
	process_forward_request Send header: 4(T_COO) 1 1 23
	process_forward_request Send Content: test_key_1	1556250650		

>>> GTStoreStorage::process_coordinate_reply: Entering
<<< Exiting process_coordinate_reply
	Broadcast with proxy node_id...
	process_forward_request Send header: 4(T_COO) 1 1 23
	process_forward_request Send Content: test_key_1	1556250650		

	process_coordinate_request Send header: 36(T_COO_REP) 1 1 43
	process_coordinate_request Send Content: test_key_1	1556250650	test_val_1_version=0	

	Broadcast with proxy node_id...
	process_forward_request Send header: 4(T_COO) 1 1 23
	process_forward_request Send Content: test_key_1	1556250650		

<<< Exited process_forward_request with received=1
	process_coordinate_request Send header: 36(T_COO_REP) 1 1 43
	process_coordinate_request Send header: 36(T_COO_REP) 1 1 43
	process_coordinate_request Send Content: test_key_1	1556250650	test_val_1_version=0	

	process_coordinate_request Send Content: test_key_1	1556250650	test_val_1_version=0	

>>> Entered process_forward_request
	process_coordinate_request Send header: 36(T_COO_REP) 1 1 43
	process_coordinate_request Send Content: test_key_1	1556250650	test_val_1_version=0	

	Read data test_val_3_version=0
	Broadcast with proxy node_id...
	process_forward_request Send header: 4(T_COO) 3 3 23
	process_forward_request Send Content: test_key_3	1556250650		

	Broadcast with proxy node_id...
	process_forward_request Send header: 4(T_COO) 3 3 23
	process_forward_request Send Content: test_key_3	1556250650		

	Broadcast with proxy node_id...
	process_coordinate_request Send header: 36(T_COO_REP) 3 3 43
	process_forward_request Send header: 4(T_COO) 3 3 23
	process_coordinate_request Send Content: test_key_3	1556250650	test_val_3_version=0	

	process_forward_request Send Content: test_key_3	1556250650		

	process_coordinate_request Send header: 36(T_COO_REP) 3 3 43
	Broadcast with proxy node_id...
	process_forward_request Send header: 4(T_COO) 3 3 23
	process_forward_request Send Content: test_key_3	1556250650		

	process_coordinate_request Send Content: test_key_3	1556250650	test_val_3_version=0	

	process_coordinate_request Send header: 36(T_COO_REP) 3 3 43
<<< Exited process_forward_request with received=1
	process_coordinate_request Send Content: test_key_3	1556250650	test_val_3_version=0	

>>> GTStoreStorage::process_coordinate_reply: Entering
	process_coordinate_request Send header: 36(T_COO_REP) 3 3 43
	Done task 2/3
	process_coordinate_request Send Content: test_key_3	1556250650	test_val_3_version=0	

>>> GTStoreStorage::process_coordinate_reply: Entering
	Done task 3/3
>>> Entering finish_coordination
	send back to transferrer
send back to transferrer: node.socket_1
	finish_coordination Send header: 34(T_FWD_REP) 1 1 43
	finish_coordination Send Content: test_key_1	1556250650	test_val_1_version=0	

>>> Send back to client
>>> GTStoreStorage::process_coordinate_reply: Entering
	process_forward_reply Send header: 33(T_CLI_REP) 1 1 43
<<< Exiting process_coordinate_reply
	process_forward_reply Send Content: test_key_1	1556250650	test_val_1_version=0	

>>> GTStoreStorage::process_coordinate_reply: Entering
<<< Exiting process_coordinate_reply
>>> Inside GTStoreClient::get() for client: 1 key: test_key_1 value: test_val_1_version=0
>>> GTStoreStorage::process_coordinate_reply: Entering
	Done task 2/3
>>> GTStoreStorage::process_coordinate_reply: Entering
	Done task 3/3
>>> Entering finish_coordination
	send back to transferrer
send back to transferrer: node.socket_3
	finish_coordination Send header: 34(T_FWD_REP) 3 3 43
	finish_coordination Send Content: test_key_3	1556250650	test_val_3_version=0	

>>> Send back to client
>>> GTStoreStorage::process_coordinate_reply: Entering
	process_forward_reply Send header: 33(T_CLI_REP) 3 3 43
<<< Exiting process_coordinate_reply
	process_forward_reply Send Content: test_key_3	1556250650	test_val_3_version=0	

>>> GTStoreStorage::process_coordinate_reply: Entering
<<< Exiting process_coordinate_reply
>>> Inside GTStoreClient::get() for client: 3 key: test_key_3 value: test_val_3_version=0
======================== DEBUG 1================
	 Send header: 256(T) -1 -1 0
	 Send header: 256(T) -1 -1 0
	 Send header: 256(T) -1 -1 0
	 Send header: 256(T) -1 -1 0
	 Send header: 256(T) -1 -1 0
	<<<--- Node 0:    Key: test_key_2    Version: 1556250650    Value: test_val_2_version=0 --->>>
	<<<--- Node 0:    Key: test_key_0    Version: 1556250650    Value: test_val_0_version=0 --->>>
	 Send header: 256(T) -1 -1 0
	 Send header: 256(T) -1 -1 0
	 Send header: 256(T) -1 -1 0
	<<<--- Node 5:    Key: test_key_4    Version: 1556250650    Value: test_val_4_version=0 --->>>
	<<<--- Node 5:    Key: test_key_0    Version: 1556250650    Value: test_val_0_version=0 --->>>
	<<<--- Node 2:    Key: test_key_2    Version: 1556250650    Value: test_val_2_version=0 --->>>
	<<<--- Node 1:    Key: test_key_2    Version: 1556250650    Value: test_val_2_version=0 --->>>
	 Send header: 256(T) -1 -1 0
	<<<--- Node 6:    Key: test_key_3    Version: 1556250650    Value: test_val_3_version=0 --->>>
	<<<--- Node 2:    Key: test_key_1    Version: 1556250650    Value: test_val_1_version=0 --->>>
	<<<--- Node 1:    Key: test_key_0    Version: 1556250650    Value: test_val_0_version=0 --->>>
	<<<--- Node 6:    Key: test_key_1    Version: 1556250650    Value: test_val_1_version=0 --->>>
	<<<--- Node 2:    Key: test_key_3    Version: 1556250650    Value: test_val_3_version=0 --->>>
	<<<--- Node 7:    Key: test_key_3    Version: 1556250650    Value: test_val_3_version=0 --->>>
	<<<--- Node 2:    Key: test_key_4    Version: 1556250650    Value: test_val_4_version=0 --->>>
	<<<--- Node 3:    Key: test_key_4    Version: 1556250650    Value: test_val_4_version=0 --->>>
	<<<--- Node 7:    Key: test_key_1    Version: 1556250650    Value: test_val_1_version=0 --->>>
	 Send header: 256(T) -1 -1 0
	<<<--- Node 2:    Key: test_key_0    Version: 1556250650    Value: test_val_0_version=0 --->>>
	<<<--- Node 8:    Key: test_key_3    Version: 1556250650    Value: test_val_3_version=0 --->>>
	<<<--- Node 3:    Key: test_key_2    Version: 1556250650    Value: test_val_2_version=0 --->>>
	<<<--- Node 7:    Key: test_key_4    Version: 1556250650    Value: test_val_4_version=0 --->>>
---------------------- DEBUG 1================
	<<<--- Node 8:    Key: test_key_1    Version: 1556250650    Value: test_val_1_version=0 --->>>
	<<<--- Node 8:    Key: test_key_0    Version: 1556250650    Value: test_val_0_version=0 --->>>
	<<<--- Node 9:    Key: test_key_2    Version: 1556250650    Value: test_val_2_version=0 --->>>
	<<<--- Node 9:    Key: test_key_4    Version: 1556250650    Value: test_val_4_version=0 --->>>
	<<<--- Node 9:    Key: test_key_3    Version: 1556250650    Value: test_val_3_version=0 --->>>
	<<<--- Node 9:    Key: test_key_1    Version: 1556250650    Value: test_val_1_version=0 --->>>
I am node 1, I want to leave
--3(10)----1(4)----2(7)----0(1)----9(28)----8(24)----9(27)----6(19)----7(22)----7(23)----2(6)----7(21)----3(11)----9(29)----5(16)----4(12)----1(3)----0(0)----5(15)----8(25)----2(8)----6(18)----6(20)----3(9)----5(17)----0(2)----4(14)----8(26)----1(5)----4(13)--
	<<<--- Node 1:    Key: test_key_2    Version: 1556250650    Value: test_val_2_version=0 --->>>
	<<<--- Node 1:    Key: test_key_0    Version: 1556250650    Value: test_val_0_version=0 --->>>
>>> remove_storage_node	sid=1
<<< storage node 1 removed
	GTStoreStorage::leave Send header: 64(T_DNT) 1 6 45
	GTStoreStorage::leave Send Content: 1	test_key_0	1556250650	test_val_0_version=0	

~~~~~~~~~~~ Node 1 donates to node 6 before leaving
	GTStoreStorage::leave Send header: 64(T_DNT) 1 8 45
	GTStoreStorage::leave Send Content: 1	test_key_2	1556250650	test_val_2_version=0	

~~~~~~~~~~~ Node 1 donates to node 8 before leaving
~~~~~~~~~~~ Node 1 detached from manager
	GTStoreStorage::leave Send header: 130(T_FWD_LEA) 1 1 0
Process donate req from 6
--3(10)----1(4)----2(7)----0(1)----9(28)----8(24)----9(27)--Process donate req from 8
--6(19)----7(22)----3(10)----7(23)----1(4)----2(6)-->>> GTStoreManager: manage_node_request_leave
--2(7)----7(21)--#nodes= 10
--0(1)----3(11)-->>> remove_storage_node	sid=1
--9(28)----9(29)----8(24)----5(16)----9(27)----4(12)----6(19)----1(3)----7(22)----0(0)----7(23)----5(15)----2(6)--<<< storage node 1 removed
--8(25)----7(21)--#nodes= 9
--2(8)----3(11)--Sending close to 0
--6(18)----9(29)----6(20)----5(16)----3(9)----4(12)----5(17)----1(3)----0(2)----0(0)----4(14)----5(15)----8(26)--	manage_node_request_leave Send header: 136(T_MNG_LEA) 1 1 0
--8(25)----1(5)----2(8)----4(13)--	Manager send leaving message:---------------
--6(18)--
 header: 136(T_MNG_LEA) 1 1 0
--6(20)--	<<<--- Node 6:    Key: test_key_3    Version: 1556250650    Value: test_val_3_version=0 --->>>
--3(9)--	<<<--- Node 6:    Key: test_key_1    Version: 1556250650    Value: test_val_1_version=0 --->>>
Sending close to 2
--5(17)----0(2)-->>> remove_storage_node	sid=1
--4(14)--After accept donation from 1:	manage_node_request_leave Send header: 136(T_MNG_LEA) 1 1 0
--8(26)----3(10)--<<< storage node 1 removed
--1(5)----1(4)--	Manager send leaving message:---------------
--4(13)----2(7)-- header: 136(T_MNG_LEA) 1 1 0

--0(1)-->>> remove_storage_node	sid=1
	<<<--- Node 8:    Key: test_key_3    Version: 1556250650    Value: test_val_3_version=0 --->>>
--9(28)--Sending close to 3
--8(24)--	<<<--- Node 8:    Key: test_key_1    Version: 1556250650    Value: test_val_1_version=0 --->>>
--9(27)--	<<<--- Node 8:    Key: test_key_0    Version: 1556250650    Value: test_val_0_version=0 --->>>
<<< storage node 1 removed
--6(19)--	manage_node_request_leave Send header: 136(T_MNG_LEA) 1 1 0
--7(22)----7(23)----2(6)--	Manager send leaving message:---------------
--7(21)-- header: 136(T_MNG_LEA) 1 1 0
--3(11)--After accept donation from 1:--9(29)----3(10)--Sending close to 4
--5(16)----1(4)----4(12)----2(7)-->>> remove_storage_node	sid=1
--1(3)----0(1)----0(0)----9(28)--	manage_node_request_leave Send header: 136(T_MNG_LEA) 1 1 0
--5(15)----8(24)--<<< storage node 1 removed
	Manager send leaving message:---------------
--8(25)----9(27)-- header: 136(T_MNG_LEA) 1 1 0
--2(8)----6(19)----6(18)----7(22)----6(20)--Sending close to 5
--7(23)----3(9)----2(6)-->>> remove_storage_node	sid=1
--5(17)----7(21)--	manage_node_request_leave Send header: 136(T_MNG_LEA) 1 1 0
--0(2)----3(11)--	Manager send leaving message:---------------
--4(14)----9(29)--<<< storage node 1 removed
 header: 136(T_MNG_LEA) 1 1 0
--8(26)----5(16)----1(5)--Sending close to 6
--4(12)-->>> remove_storage_node	sid=1
--4(13)----1(3)--	manage_node_request_leave Send header: 136(T_MNG_LEA) 1 1 0

--0(0)--	<<<--- Node 6:    Key: test_key_3    Version: 1556250650    Value: test_val_3_version=0 --->>>
	Manager send leaving message:---------------
<<< storage node 1 removed
--5(15)--	<<<--- Node 6:    Key: test_key_1    Version: 1556250650    Value: test_val_1_version=0 --->>>
 header: 136(T_MNG_LEA) 1 1 0
--8(25)--	<<<--- Node 6:    Key: test_key_0    Version: 1556250650    Value: test_val_0_version=0 --->>>
Sending close to 7
--2(8)----6(18)----6(20)----3(9)--	manage_node_request_leave Send header: 136(T_MNG_LEA) 1 1 0
--5(17)--	Manager send leaving message:---------------
--0(2)-->>> remove_storage_node	sid=1
 header: 136(T_MNG_LEA) 1 1 0
--4(14)----8(26)--Sending close to 8
--1(5)--<<< storage node 1 removed
--4(13)--
	manage_node_request_leave Send header: 136(T_MNG_LEA) 1 1 0
	<<<--- Node 8:    Key: test_key_1    Version: 1556250650    Value: test_val_1_version=0 --->>>
>>> remove_storage_node	sid=1
	Manager send leaving message:---------------
	<<<--- Node 8:    Key: test_key_2    Version: 1556250650    Value: test_val_2_version=0 --->>>
 header: 136(T_MNG_LEA) 1 1 0
	<<<--- Node 8:    Key: test_key_3    Version: 1556250650    Value: test_val_3_version=0 --->>>
	<<<--- Node 8:    Key: test_key_0    Version: 1556250650    Value: test_val_0_version=0 --->>>
Sending close to 9
<<< storage node 1 removed
	manage_node_request_leave Send header: 136(T_MNG_LEA) 1 1 0
	Manager send leaving message:---------------
 header: 136(T_MNG_LEA) 1 1 0
>>> remove_storage_node	sid=1
<<< GTStoreManager: manage_node_request_leave
	manage_node_request_leave Send header: 136(T_MNG_LEA) 1 1 0
>>> remove_storage_node	sid=1
<<< storage node 1 removed
<<< storage node 1 removed
	put Send header: 17(T_CLI_WR) 2 2 34
	put Send Content: test_key_2	0	test_val_2_version=1	

	process_client_request Send header: 18(T_FWD_WR) 2 2 43
	process_client_request Send Content: test_key_2	1556250652	test_val_2_version=1	

	put Send header: 17(T_CLI_WR) 0 0 34
	put Send Content: test_key_0	0	test_val_0_version=1	

>>> Entered process_forward_request
	Write data test_val_2_version=1
	Broadcast with proxy node_id...
>>> Entered process_forward_request
	process_forward_request Send header: 20(T_COO_WR) 2 2 43
	process_forward_request Send Content: test_key_2	1556250652	test_val_2_version=1	

	put Send header: 17(T_CLI_WR) 4 4 34
	Broadcast with proxy node_id...
	put Send Content: test_key_4	0	test_val_4_version=1	

	process_forward_request Send header: 20(T_COO_WR) 2 2 43
	Write data test_val_0_version=1
	process_forward_request Send Content: test_key_2	1556250652	test_val_2_version=1	

	Broadcast with proxy node_id...
	Broadcast with proxy node_id...
	process_coordinate_request Send header: 52(T_COO_WR_REP) 2 2 43
	process_forward_request Send header: 20(T_COO_WR) 2 2 43
	process_forward_request Send header: 20(T_COO_WR) 0 0 43
	process_coordinate_request Send Content: test_key_2	1556250652	test_val_2_version=1	

	process_forward_request Send Content: test_key_2	1556250652	test_val_2_version=1	

	process_forward_request Send Content: test_key_0	1556250652	test_val_0_version=1	

========================
	Broadcast with proxy node_id...
	process_client_request Send header: 18(T_FWD_WR) 4 4 43
	Broadcast with proxy node_id...
	process_client_request Send Content: test_key_4	1556250652	test_val_4_version=1	

	process_forward_request Send header: 20(T_COO_WR) 2 2 43
	process_forward_request Send header: 20(T_COO_WR) 0 0 43
	process_forward_request Send Content: test_key_2	1556250652	test_val_2_version=1	

========================
	process_forward_request Send Content: test_key_0	1556250652	test_val_0_version=1	

<<< Exited process_forward_request with received=1
	Broadcast with proxy node_id...
=== Starting Storage Node 10...
	process_coordinate_request Send header: 52(T_COO_WR_REP) 2 2 43
>>> Entered process_forward_request
	process_coordinate_request Send Content: test_key_2	1556250652	test_val_2_version=1	

	process_forward_request Send header: 20(T_COO_WR) 0 0 43
	process_coordinate_request Send header: 52(T_COO_WR_REP) 0 0 43
	process_forward_request Send Content: test_key_0	1556250652	test_val_0_version=1	

>>> GTStoreStorage::process_coordinate_reply: Entering
	process_coordinate_request Send Content: test_key_0	1556250652	test_val_0_version=1	

	process_coordinate_request Send header: 52(T_COO_WR_REP) 2 2 43
	Write data test_val_4_version=1
	Done task 2/3
	Broadcast with proxy node_id...
ERROR: Socket connect: No such file or directory
	process_coordinate_request Send Content: test_key_2	1556250652	test_val_2_version=1	

	Broadcast with proxy node_id...
	put Send header: 17(T_CLI_WR) 3 3 34
	process_forward_request Send header: 20(T_COO_WR) 0 0 43
	put Send Content: test_key_3	0	test_val_3_version=1	

	process_forward_request Send Content: test_key_0	1556250652	test_val_0_version=1	

	get_contact_node Send header: 1(T_CLI) 1 -1 0
>>> GTStoreStorage::process_coordinate_reply: Entering
	process_forward_request Send header: 20(T_COO_WR) 4 4 43
	process_coordinate_request Send header: 52(T_COO_WR_REP) 0 0 43
	Done task 3/3
	process_forward_request Send Content: test_key_4	1556250652	test_val_4_version=1	

<<< Exited process_forward_request with received=1
	process_coordinate_request Send Content: test_key_0	1556250652	test_val_0_version=1	

>>> Entering finish_coordination
	send back to transferrer
	Broadcast with proxy node_id...
>>> manage_client_request: Entering
send back to transferrer: node.socket_2
	process_coordinate_request Send header: 52(T_COO_WR_REP) 0 0 43
	manage_client_request Send header: 1(T_CLI) 1 5 0
	process_forward_request Send header: 20(T_COO_WR) 4 4 43
	process_coordinate_request Send Content: test_key_0	1556250652	test_val_0_version=1	

	finish_coordination Send header: 50(T_FWD_WR_REP) 2 2 43
	process_forward_request Send Content: test_key_4	1556250652	test_val_4_version=1	

<<< manage_client_request: Exiting
	finish_coordination Send Content: test_key_2	1556250652	test_val_2_version=1	

	process_coordinate_request Send header: 52(T_COO_WR_REP) 0 0 43
	Broadcast with proxy node_id...
	process_coordinate_request Send header: 52(T_COO_WR_REP) 2 2 43
	process_coordinate_request Send header: 52(T_COO_WR_REP) 4 4 43
	process_coordinate_request Send Content: test_key_0	1556250652	test_val_0_version=1	

	process_coordinate_request Send Content: test_key_2	1556250652	test_val_2_version=1	

	process_coordinate_request Send Content: test_key_4	1556250652	test_val_4_version=1	

	process_forward_request Send header: 20(T_COO_WR) 4 4 43
>>> GTStoreStorage::process_coordinate_reply: Entering
	process_forward_request Send Content: test_key_4	1556250652	test_val_4_version=1	

<<< Exiting process_coordinate_reply
	put Send header: 17(T_CLI_WR) 1 1 34
	put Send Content: test_key_1	0	test_val_1_version=1	

	Broadcast with proxy node_id...
>>> Send back to client
>>> GTStoreStorage::process_coordinate_reply: Entering
	process_forward_request Send header: 20(T_COO_WR) 4 4 43
	process_forward_reply Send header: 33(T_CLI_REP) 2 2 43
	Done task 2/3
	process_forward_request Send Content: test_key_4	1556250652	test_val_4_version=1	

	process_forward_reply Send Content: test_key_2	1556250652	test_val_2_version=1	

	process_client_request Send header: 18(T_FWD_WR) 3 3 43
	process_client_request Send Content: test_key_3	1556250652	test_val_3_version=1	

<<< Exited process_forward_request with received=1
>>> GTStoreStorage::process_coordinate_reply: Entering
	process_client_request Send header: 18(T_FWD_WR) 1 5 43
	Done task 3/3
	process_client_request Send Content: test_key_1	1556250652	test_val_1_version=1	

>>> Entering finish_coordination
	itnew_node is the coordinator
>>> GTStoreStorage::process_coordinate_reply: Entering
	SIZE of forward tasks for node 0 is 1
>>> Inside GTStoreClient::put() for client: 2 key: test_key_2 value: test_val_2_version=1
>>> Send back to client
	Done task 2/3
>>> Inside GTStoreClient::put() for reply: 2 key: test_key_2 value: test_val_2_version=1
	process_forward_reply Send header: 33(T_CLI_REP) 0 0 43
	process_forward_reply Send Content: test_key_0	1556250652	test_val_0_version=1	

	process_coordinate_request Send header: 52(T_COO_WR_REP) 4 4 43
	process_coordinate_request Send header: 52(T_COO_WR_REP) 4 4 43
	process_coordinate_request Send Content: test_key_4	1556250652	test_val_4_version=1	

	process_coordinate_request Send Content: test_key_4	1556250652	test_val_4_version=1	

	process_coordinate_request Send header: 52(T_COO_WR_REP) 4 4 43
	process_coordinate_request Send Content: test_key_4	1556250652	test_val_4_version=1	

>>> Inside GTStoreClient::put() for client: 0 key: test_key_0 value: test_val_0_version=1
>>> Inside GTStoreClient::put() for reply: 0 key: test_key_0 value: test_val_0_version=1
>>> GTStoreStorage::process_coordinate_reply: Entering
>>> GTStoreStorage::process_coordinate_reply: Entering
<<< Exiting process_coordinate_reply
>>> GTStoreStorage::process_coordinate_reply: Entering
<<< Exiting process_coordinate_reply
>>> Entered process_forward_request
	Done task 3/3
>>> Entering finish_coordination
	send back to transferrer
send back to transferrer: node.socket_4
>>> GTStoreStorage::process_coordinate_reply: Entering
<<< Exiting process_coordinate_reply
	finish_coordination Send header: 50(T_FWD_WR_REP) 4 4 43
	finish_coordination Send Content: test_key_4	1556250652	test_val_4_version=1	

	Write data test_val_3_version=1
	Broadcast with proxy node_id...
	process_forward_request Send header: 20(T_COO_WR) 3 3 43
	process_forward_request Send Content: test_key_3	1556250652	test_val_3_version=1	

>>> Send back to client
	process_forward_reply Send header: 33(T_CLI_REP) 4 4 43
>>> GTStoreStorage::process_coordinate_reply: Entering
	process_forward_reply Send Content: test_key_4	1556250652	test_val_4_version=1	

	Broadcast with proxy node_id...
<<< Exiting process_coordinate_reply
	process_forward_request Send header: 20(T_COO_WR) 3 3 43
	process_forward_request Send Content: test_key_3	1556250652	test_val_3_version=1	

	process_coordinate_request Send header: 52(T_COO_WR_REP) 3 3 43
	process_coordinate_request Send Content: test_key_3	1556250652	test_val_3_version=1	

>>> GTStoreStorage::process_coordinate_reply: Entering
	Broadcast with proxy node_id...
>>> Inside GTStoreClient::put() for client: 4 key: test_key_4 value: test_val_4_version=1
<<< Exiting process_coordinate_reply
>>> Inside GTStoreClient::put() for reply: 4 key: test_key_4 value: test_val_4_version=1
	process_forward_request Send header: 20(T_COO_WR) 3 3 43
	process_forward_request Send Content: test_key_3	1556250652	test_val_3_version=1	

	Broadcast with proxy node_id...
	process_coordinate_request Send header: 52(T_COO_WR_REP) 3 3 43
	process_coordinate_request Send Content: test_key_3	1556250652	test_val_3_version=1	

	process_forward_request Send header: 20(T_COO_WR) 3 3 43
	process_forward_request Send Content: test_key_3	1556250652	test_val_3_version=1	

<<< Exited process_forward_request with received=1
	process_coordinate_request Send header: 52(T_COO_WR_REP) 3 3 43
	process_coordinate_request Send Content: test_key_3	1556250652	test_val_3_version=1	

>>> Entered process_forward_request
	process_coordinate_request Send header: 52(T_COO_WR_REP) 3 3 43
	process_coordinate_request Send Content: test_key_3	1556250652	test_val_3_version=1	

	Write data test_val_1_version=1
	Broadcast with proxy node_id...
	process_forward_request Send header: 20(T_COO_WR) 1 5 43
	process_forward_request Send Content: test_key_1	1556250652	test_val_1_version=1	

	Broadcast with proxy node_id...
	process_forward_request Send header: 20(T_COO_WR) 1 5 43
	process_forward_request Send Content: test_key_1	1556250652	test_val_1_version=1	

	Broadcast with proxy node_id...
	process_coordinate_request Send header: 52(T_COO_WR_REP) 1 5 43
	process_forward_request Send header: 20(T_COO_WR) 1 5 43
	process_coordinate_request Send Content: test_key_1	1556250652	test_val_1_version=1	

	process_forward_request Send Content: test_key_1	1556250652	test_val_1_version=1	

	process_coordinate_request Send header: 52(T_COO_WR_REP) 1 5 43
	Broadcast with proxy node_id...
	process_coordinate_request Send Content: test_key_1	1556250652	test_val_1_version=1	

	process_forward_request Send header: 20(T_COO_WR) 1 5 43
	process_forward_request Send Content: test_key_1	1556250652	test_val_1_version=1	

<<< Exited process_forward_request with received=1
	process_coordinate_request Send header: 52(T_COO_WR_REP) 1 5 43
	process_coordinate_request Send Content: test_key_1	1556250652	test_val_1_version=1	

>>> GTStoreStorage::process_coordinate_reply: Entering
	Done task 2/3
	process_coordinate_request Send header: 52(T_COO_WR_REP) 1 5 43
	process_coordinate_request Send Content: test_key_1	1556250652	test_val_1_version=1	

>>> GTStoreStorage::process_coordinate_reply: Entering
	Done task 3/3
>>> Entering finish_coordination
	send back to transferrer
send back to transferrer: node.socket_3
	finish_coordination Send header: 50(T_FWD_WR_REP) 3 3 43
	finish_coordination Send Content: test_key_3	1556250652	test_val_3_version=1	

>>> Send back to client
>>> GTStoreStorage::process_coordinate_reply: Entering
	process_forward_reply Send header: 33(T_CLI_REP) 3 3 43
<<< Exiting process_coordinate_reply
	process_forward_reply Send Content: test_key_3	1556250652	test_val_3_version=1	

>>> GTStoreStorage::process_coordinate_reply: Entering
<<< Exiting process_coordinate_reply
>>> Inside GTStoreClient::put() for client: 3 key: test_key_3 value: test_val_3_version=1
>>> GTStoreStorage::process_coordinate_reply: Entering
>>> Inside GTStoreClient::put() for reply: 3 key: test_key_3 value: test_val_3_version=1
	Done task 2/3
>>> GTStoreStorage::process_coordinate_reply: Entering
	Done task 3/3
>>> Entering finish_coordination
	send back to transferrer
send back to transferrer: node.socket_5
	finish_coordination Send header: 50(T_FWD_WR_REP) 1 5 43
	finish_coordination Send Content: test_key_1	1556250652	test_val_1_version=1	

>>> GTStoreStorage::process_coordinate_reply: Entering
>>> Send back to client
<<< Exiting process_coordinate_reply
	process_forward_reply Send header: 33(T_CLI_REP) 1 5 43
	process_forward_reply Send Content: test_key_1	1556250652	test_val_1_version=1	

>>> GTStoreStorage::process_coordinate_reply: Entering
<<< Exiting process_coordinate_reply
>>> Inside GTStoreClient::put() for client: 1 key: test_key_1 value: test_val_1_version=1
>>> Inside GTStoreClient::put() for reply: 1 key: test_key_1 value: test_val_1_version=1
	GTStoreStorage::init Send header: 2(T_FWD) -1 -1 1
	GTStoreStorage::init Send Content: 3

Sent request to manager
>>> manage_node_request: Entering with 3 requested vnodes
>>> add_storage_node
	sid=10
	vid=30
	vid=31
	vid=32
--3(10)----2(7)----0(1)----9(28)----8(24)----9(27)----6(19)----7(22)----7(23)----2(6)----7(21)----3(11)----9(29)----5(16)----4(12)----10(31)----10(32)----0(0)----5(15)----8(25)----2(8)----6(18)----6(20)----3(9)----5(17)----0(2)----4(14)----10(30)----8(26)----4(13)--
	computing.......30
>>>>>>>>>>>>>> 30
>>>>>>>>>>>>>> 14
>>>>>>>>>>>>>> 2
>>>>>>>>>>>>>> 17
>>>>>>>>>>>>>> 9
>>>>>>>>>>>>>> 20
		||||----Donate: 8, [20, 9)----||||
		||||----Donate: 3, [9, 17)----||||
		||||----Donate: 2, [17, 2)----||||
		||||----Donate: 0, [2, 14)----||||
		||||----Donate: 0, [14, 30)----||||
	computing.......31
>>>>>>>>>>>>>> 31
>>>>>>>>>>>>>> 12
>>>>>>>>>>>>>> 16
>>>>>>>>>>>>>> 29
>>>>>>>>>>>>>> 11
>>>>>>>>>>>>>> 21
		||||----Donate: 0, [21, 11)----||||
		||||----Donate: 8, [11, 29)----||||
		||||----Donate: 2, [29, 16)----||||
		||||----Donate: 2, [16, 12)----||||
		||||----Donate: 6, [12, 31)----||||
	computing.......32
>>>>>>>>>>>>>> 32
>>>>>>>>>>>>>> 31
		||||----Donate: 6, [31, 32)----||||
		find 5 donators
	manage_node_request Send header: 40(T_MNG_REP) -1 10 149
	manage_node_request Send Content: 30	0 0	1 0	2 0	6 2	7 2	8 2	9 3	10 3	11 3	12 4	13 4	14 4	15 5	16 5	17 5	18 6	19 6	20 6	21 7	22 7	23 7	24 8	25 8	26 8	27 9	28 9	29 9	30 10	31 10	32 10	

Sent reply to manager
	vid=0
{0, 0}		vid=1
{1, 0}		vid=2
{2, 0}		vid=6
{6, 2}		vid=7
{7, 2}		vid=8
{8, 2}		vid=9
{9, 3}		vid=10
{10, 3}		vid=11
{11, 3}		vid=12
{12, 4}		vid=13
{13, 4}		vid=14
{14, 4}		vid=15
{15, 5}		vid=16
{16, 5}		vid=17
{17, 5}		vid=18
{18, 6}		vid=19
{19, 6}		vid=20
{20, 6}		vid=21
{21, 7}		vid=22
{22, 7}		vid=23
{23, 7}		vid=24
{24, 8}		vid=25
{25, 8}		vid=26
{26, 8}		vid=27
{27, 9}		vid=28
{28, 9}		vid=29
{29, 9}		vid=30
{30, 10}		vid=31
{31, 10}		vid=32
{32, 10}	
Successfully add self to manager!  Node ID = 10
	GTStoreStorage::init Send header: 0(T) -1 10 0
Inside GTStoreStorage::init() nodes 10/5
>>> Collecting tokens...
	manage_node_request: Broadcast new node 10 to old storage nodes
	manage_node_request Send header: 104(T_MNG_REP_DNT) -1 10 11
	manage_node_request Send Content: 3	30	31	32	

	manage_node_request Send header: 104(T_MNG_REP_DNT) -1 10 19
	manage_node_request Send Content: 3	2 14	14 30	21 11	

>>> GTStoreStorage::process_manage_reply: Entering	10 join, 3 vnodes
	manage_node_request Send header: 104(T_MNG_REP_DNT) -1 10 11
	3
	manage_node_request Send Content: 3	30	31	32	

>>> add_storage_node
	sid=10
	manage_node_request Send header: 104(T_MNG_REP_DNT) -1 10 19
	vid=30
	manage_node_request Send Content: 3	17 2	29 16	16 12	

	vid=31
	vid=32
	add a new storage node !  Node ID = 0, New Node ID = 10
	manage_node_request Send header: 104(T_MNG_REP_DNT) -1 10 11
	manage_node_request Send Content: 3	30	31	32	

>>> GTStoreStorage::process_manage_reply: Entering	10 join, 3 vnodes
	3
	manage_node_request Send header: 104(T_MNG_REP_DNT) -1 10 7
>>> add_storage_node
	manage_node_request Send Content: 1	9 17	

	sid=10
	 Before KV List: 0  intervals: 3
	vid=30
>>> GTStoreStorage::process_manage_reply: Entering	10 join, 3 vnodes
	3
	vid=31
	manage_node_request Send header: 40(T_MNG_REP) -1 10 11
>>> add_storage_node
	vid=32
	manage_node_request Send Content: 3	30	31	32	

	sid=10
	add a new storage node !  Node ID = 2, New Node ID = 10
	vid=30
	vid=31
	 Finish KV List: 0
	manage_node_request Send header: 40(T_MNG_REP) -1 10 11
	vid=32
--3(10)--	manage_node_request Send Content: 3	30	31	32	

	add a new storage node !  Node ID = 3, New Node ID = 10
--2(7)--	 Before KV List: 0  intervals: 3
>>> GTStoreStorage::process_manage_reply: Entering	10 join, 3 vnodes
--0(1)--	3
--9(28)----8(24)-->>> add_storage_node
	manage_node_request Send header: 104(T_MNG_REP_DNT) -1 10 11
--9(27)--	sid=10
--6(19)--	manage_node_request Send Content: 3	30	31	32	

	vid=30
--7(22)-->>> GTStoreStorage::process_manage_reply: Entering	10 join, 3 vnodes
--7(23)--	vid=31
	manage_node_request Send header: 104(T_MNG_REP_DNT) -1 10 14
	3
	 Before KV List: 0  intervals: 1
--2(6)--	vid=32
	manage_node_request Send Content: 2	12 31	31 32	

>>> add_storage_node
--7(21)--	add a new storage node !  Node ID = 4, New Node ID = 10
>>> GTStoreStorage::process_manage_reply: Entering	10 join, 3 vnodes
	sid=10
--3(11)--	3
	 Finish KV List: 0
--9(29)--	 Finish KV List: 0
	vid=30
>>> add_storage_node
	manage_node_request Send header: 40(T_MNG_REP) -1 10 11
--3(10)----5(16)----3(10)--	sid=10
	vid=31
	manage_node_request Send Content: 3	30	31	32	

--2(7)----4(12)----2(7)--	vid=30
	vid=32
--0(1)----10(31)----0(1)--	add a new storage node !  Node ID = 5, New Node ID = 10
	vid=31
--9(28)--	vid=32
--10(32)----9(28)--	manage_node_request Send header: 104(T_MNG_REP_DNT) -1 10 11
--8(24)--	add a new storage node !  Node ID = 6, New Node ID = 10
>>> GTStoreStorage::process_manage_reply: Entering	10 join, 3 vnodes
--0(0)----8(24)--	manage_node_request Send Content: 3	30	31	32	

--9(27)--	3
--5(15)----9(27)----6(19)--	manage_node_request Send header: 104(T_MNG_REP_DNT) -1 10 13
>>> add_storage_node
--8(25)----6(19)----7(22)--	manage_node_request Send Content: 2	20 9	11 29	

	sid=10
--2(8)--	 Before KV List: 0  intervals: 2
--7(22)----7(23)--	vid=30
--6(18)----7(23)--	manage_node_request Send header: 40(T_MNG_REP) -1 10 11
--2(6)-->>> GTStoreStorage::process_manage_reply: Entering	10 join, 3 vnodes
--6(20)----2(6)--	vid=31
	manage_node_request Send Content: 3	30	31	32	

--7(21)--	3
--3(9)----7(21)--	vid=32
--3(11)-->>> add_storage_node
--5(17)----3(11)----9(29)--	add a new storage node !  Node ID = 7, New Node ID = 10
	sid=10
--0(2)----9(29)----5(16)--	 Finish KV List: 1
	vid=30
--4(14)----5(16)----4(12)-->>> GTStoreStorage::process_manage_reply: Entering	10 join, 3 vnodes
--3(10)--	3
--10(30)----4(12)--	vid=31
--10(31)----2(7)-->>> add_storage_node
--8(26)----10(31)----10(32)--	vid=32
--0(1)--	sid=10
--4(13)----10(32)----0(0)--	add a new storage node !  Node ID = 8, New Node ID = 10
--9(28)--	vid=30

--0(0)----5(15)----8(24)----5(15)--	vid=31
	<<<--- Node 0:    Key: test_key_2    Version: 1556250652    Value: test_val_2_version=1 --->>>
--8(25)----9(27)----8(25)--	vid=32
	<<<--- Node 0:    Key: test_key_0    Version: 1556250650    Value: test_val_0_version=0 --->>>
--2(8)----6(19)----2(8)--	add a new storage node !  Node ID = 9, New Node ID = 10
	 Before KV List: 0  intervals: 2
	<<<--- Node 0:    Key: test_key_0    Version: 1556250652    Value: test_val_0_version=1 --->>>
--6(18)----7(22)----6(18)--	~~~~~~~~~~~~~~~ node 0 donates tokens to node 10  ~~~~~~~~~~~~~~
--6(20)----7(23)----6(20)--	0_process_manage_reply Send header: 64(T_DNT) 0 10 2
--3(9)----2(6)----3(9)--	0_process_manage_reply Send Content: 0	

--5(17)----7(21)----5(17)----0(2)----3(11)----0(2)----4(14)----9(29)----4(14)----10(30)----5(16)----10(30)----8(26)----4(12)----8(26)----4(13)----10(31)--
--10(32)--	<<<--- Node 2:    Key: test_key_2    Version: 1556250652    Value: test_val_2_version=1 --->>>
	~~~~~~~~~~~~~~~~~~~~~~~~~~~  Got token, todo=5
--4(13)--	 Finish KV List: 0
--0(0)--	<<<--- Node 2:    Key: test_key_1    Version: 1556250652    Value: test_val_1_version=1 --->>>

--3(10)----5(15)--	<<<--- Node 2:    Key: test_key_3    Version: 1556250652    Value: test_val_3_version=1 --->>>
--2(7)--	<<<--- Node 3:    Key: test_key_4    Version: 1556250652    Value: test_val_4_version=1 --->>>
--8(25)--	<<<--- Node 2:    Key: test_key_4    Version: 1556250652    Value: test_val_4_version=1 --->>>
--0(1)--	<<<--- Node 3:    Key: test_key_2    Version: 1556250652    Value: test_val_2_version=1 --->>>
--2(8)--	<<<--- Node 2:    Key: test_key_0    Version: 1556250652    Value: test_val_0_version=1 --->>>
--9(28)--	~~~~~~~~~~~~~~~ node 3 donates tokens to node 10  ~~~~~~~~~~~~~~
--6(18)--	~~~~~~~~~~~~~~~ node 2 donates tokens to node 10  ~~~~~~~~~~~~~~
--8(24)----6(20)--	3_process_manage_reply Send header: 64(T_DNT) 3 10 2
--9(27)--	2_process_manage_reply Send header: 64(T_DNT) 2 10 2
--3(9)--	3_process_manage_reply Send Content: 0	

--6(19)--	2_process_manage_reply Send Content: 0	

--5(17)----7(22)----0(2)----7(23)----4(14)----2(6)----10(30)----7(21)----8(26)----3(11)----4(13)----9(29)--
--5(16)--	~~~~~~~~~~~~~~~~~~~~~~~~~~~  Got token, todo=4
	<<<--- Node 6:    Key: test_key_3    Version: 1556250652    Value: test_val_3_version=1 --->>>
--4(12)--	<<<--- Node 6:    Key: test_key_1    Version: 1556250652    Value: test_val_1_version=1 --->>>
--10(31)--	~~~~~~~~~~~~~~~ node 6 donates tokens to node 10  ~~~~~~~~~~~~~~
--10(32)--	6_process_manage_reply Send header: 64(T_DNT) 6 10 45
--0(0)--	6_process_manage_reply Send Content: 1	test_key_0	1556250652	test_val_0_version=1	

	~~~~~~~~~~~~~~~~~~~~~~~~~~~  Got token, todo=3
--5(15)----8(25)----2(8)----6(18)----6(20)----3(9)--	~~~~~~~~~~~~~~~~~~~~~~~~~~~  Got token, todo=2
--5(17)----0(2)----4(14)----10(30)----8(26)----4(13)--
	<<<--- Node 8:    Key: test_key_1    Version: 1556250652    Value: test_val_1_version=1 --->>>
	<<<--- Node 8:    Key: test_key_2    Version: 1556250652    Value: test_val_2_version=1 --->>>
	<<<--- Node 8:    Key: test_key_3    Version: 1556250652    Value: test_val_3_version=1 --->>>
	<<<--- Node 8:    Key: test_key_0    Version: 1556250652    Value: test_val_0_version=1 --->>>
	~~~~~~~~~~~~~~~ node 8 donates tokens to node 10  ~~~~~~~~~~~~~~
	8_process_manage_reply Send header: 64(T_DNT) 8 10 2
	8_process_manage_reply Send Content: 0	

	~~~~~~~~~~~~~~~~~~~~~~~~~~~  Got token, todo=1
<<< Done Collecting tokens...
	----ACK sending----
	GTStoreStorage::init Send header: 0(T) -1 10 0
	----ACK sent----
<<< manage_node_request: Exiting
I am node 0, I want to leave
--3(10)----2(7)----0(1)----9(28)----8(24)----9(27)----6(19)----7(22)----7(23)----2(6)----7(21)----3(11)----9(29)----5(16)----4(12)----10(31)----10(32)----0(0)----5(15)----8(25)----2(8)----6(18)----6(20)----3(9)----5(17)----0(2)----4(14)----10(30)----8(26)----4(13)--
	<<<--- Node 0:    Key: test_key_2    Version: 1556250652    Value: test_val_2_version=1 --->>>
	<<<--- Node 0:    Key: test_key_0    Version: 1556250650    Value: test_val_0_version=0 --->>>
	<<<--- Node 0:    Key: test_key_0    Version: 1556250652    Value: test_val_0_version=1 --->>>
>>> remove_storage_node	sid=0
<<< storage node 0 removed
	GTStoreStorage::leave Send header: 64(T_DNT) 0 6 131
	GTStoreStorage::leave Send Content: 3	test_key_2	1556250652	test_val_2_version=1	test_key_0	1556250650	test_val_0_version=0	test_key_0	1556250652	test_val_0_version=1	

~~~~~~~~~~~ Node 0 donates to node 6 before leaving
~~~~~~~~~~~ Node 0 detached from manager
	GTStoreStorage::leave Send header: 130(T_FWD_LEA) 0 0 0
Process donate req from 6
--3(10)----2(7)----0(1)----9(28)----8(24)----9(27)-->>> GTStoreManager: manage_node_request_leave
--6(19)--#nodes= 10
--7(22)-->>> remove_storage_node	sid=0
--7(23)----2(6)----7(21)----3(11)----9(29)--<<< storage node 0 removed
--5(16)--#nodes= 9
--4(12)--Sending close to 2
--10(31)----10(32)----0(0)----5(15)----8(25)--	manage_node_request_leave Send header: 136(T_MNG_LEA) 0 0 0
--2(8)----6(18)----6(20)--	Manager send leaving message:---------------
--3(9)-- header: 136(T_MNG_LEA) 0 0 0
--5(17)----0(2)--Sending close to 3
--4(14)----10(30)----8(26)----4(13)--	manage_node_request_leave Send header: 136(T_MNG_LEA) 0 0 0

>>> remove_storage_node	sid=0
	Manager send leaving message:---------------
	<<<--- Node 6:    Key: test_key_3    Version: 1556250652    Value: test_val_3_version=1 --->>>
 header: 136(T_MNG_LEA) 0 0 0
	<<<--- Node 6:    Key: test_key_1    Version: 1556250652    Value: test_val_1_version=1 --->>>
<<< storage node 0 removed
Sending close to 4
>>> remove_storage_node	sid=0
	manage_node_request_leave Send header: 136(T_MNG_LEA) 0 0 0
	Manager send leaving message:---------------
<<< storage node 0 removed
 header: 136(T_MNG_LEA) 0 0 0
---------Duplicate Data on Node 6: test_key_0 ---------
Sending close to 5
After accept donation from 0:--3(10)----2(7)----0(1)--	manage_node_request_leave Send header: 136(T_MNG_LEA) 0 0 0
--9(28)--	Manager send leaving message:---------------
>>> remove_storage_node	sid=0
--8(24)-- header: 136(T_MNG_LEA) 0 0 0
--9(27)--Sending close to 6
--6(19)--<<< storage node 0 removed
--7(22)--	manage_node_request_leave Send header: 136(T_MNG_LEA) 0 0 0
--7(23)--	Manager send leaving message:---------------
--2(6)-->>> remove_storage_node	sid=0
 header: 136(T_MNG_LEA) 0 0 0
--7(21)--Sending close to 7
--3(11)----9(29)--<<< storage node 0 removed
--5(16)--	manage_node_request_leave Send header: 136(T_MNG_LEA) 0 0 0
--4(12)----10(31)----10(32)--	Manager send leaving message:---------------
--0(0)-- header: 136(T_MNG_LEA) 0 0 0
--5(15)----8(25)--Sending close to 8
--2(8)-->>> remove_storage_node	sid=0
--6(18)----6(20)--	manage_node_request_leave Send header: 136(T_MNG_LEA) 0 0 0
--3(9)--<<< storage node 0 removed
--5(17)--	Manager send leaving message:---------------
--0(2)-- header: 136(T_MNG_LEA) 0 0 0
--4(14)--Sending close to 9
--10(30)----8(26)----4(13)-->>> remove_storage_node	sid=0

	manage_node_request_leave Send header: 136(T_MNG_LEA) 0 0 0
	<<<--- Node 6:    Key: test_key_1    Version: 1556250652    Value: test_val_1_version=1 --->>>
	Manager send leaving message:---------------
	<<<--- Node 6:    Key: test_key_2    Version: 1556250652    Value: test_val_2_version=1 --->>>
 header: 136(T_MNG_LEA) 0 0 0
<<< storage node 0 removed
	<<<--- Node 6:    Key: test_key_3    Version: 1556250652    Value: test_val_3_version=1 --->>>
Sending close to 10
	<<<--- Node 6:    Key: test_key_0    Version: 1556250650    Value: test_val_0_version=0 --->>>
>>> remove_storage_node	sid=0
	manage_node_request_leave Send header: 136(T_MNG_LEA) 0 0 0
	Manager send leaving message:---------------
 header: 136(T_MNG_LEA) 0 0 0
<<< storage node 0 removed
<<< GTStoreManager: manage_node_request_leave
	manage_node_request_leave Send header: 136(T_MNG_LEA) 0 0 0
>>> remove_storage_node	sid=0
<<< storage node 0 removed
>>> remove_storage_node	sid=0
<<< storage node 0 removed
========================
========================
=== Starting Storage Node 11...
	GTStoreStorage::init Send header: 2(T_FWD) -1 -1 1
	GTStoreStorage::init Send Content: 3

Sent request to manager
>>> manage_node_request: Entering with 3 requested vnodes
>>> add_storage_node
	sid=11
	vid=33
	vid=34
	vid=35
--11(33)----3(10)----2(7)----11(35)----9(28)----11(34)----8(24)----9(27)----6(19)----7(22)----7(23)----2(6)----7(21)----3(11)----9(29)----5(16)----4(12)----10(31)----10(32)----5(15)----8(25)----2(8)----6(18)----6(20)----3(9)----5(17)----4(14)----10(30)----8(26)----4(13)--
	computing.......33
>>>>>>>>>>>>>> 33
>>>>>>>>>>>>>> 13
>>>>>>>>>>>>>> 26
>>>>>>>>>>>>>> 30
>>>>>>>>>>>>>> 14
>>>>>>>>>>>>>> 17
>>>>>>>>>>>>>> 9
		||||----Donate: 3, [9, 17)----||||
		||||----Donate: 2, [17, 14)----||||
		||||----Donate: 2, [14, 30)----||||
		||||----Donate: 9, [30, 26)----||||
		||||----Donate: 8, [26, 13)----||||
		||||----Donate: 6, [13, 33)----||||
	computing.......34
>>>>>>>>>>>>>> 34
>>>>>>>>>>>>>> 28
>>>>>>>>>>>>>> 35
		||||----Donate: 2, [35, 28)----||||
		||||----Donate: 2, [28, 34)----||||
	computing.......35
>>>>>>>>>>>>>> 35
>>>>>>>>>>>>>> 7
>>>>>>>>>>>>>> 10
>>>>>>>>>>>>>> 33
		||||----Donate: 6, [33, 10)----||||
		||||----Donate: 7, [10, 7)----||||
		||||----Donate: 2, [7, 35)----||||
		find 6 donators
	manage_node_request Send header: 40(T_MNG_REP) -1 11 155
	manage_node_request Send Content: 30	6 2	7 2	8 2	9 3	10 3	11 3	12 4	13 4	14 4	15 5	16 5	17 5	18 6	19 6	20 6	21 7	22 7	23 7	24 8	25 8	26 8	27 9	28 9	29 9	30 10	31 10	32 10	33 11	34 11	35 11	

Sent reply to manager
	vid=6
{6, 2}		vid=7
{7, 2}		vid=8
{8, 2}		vid=9
{9, 3}		vid=10
{10, 3}		vid=11
{11, 3}		vid=12
{12, 4}		vid=13
{13, 4}		vid=14
{14, 4}		vid=15
{15, 5}		vid=16
{16, 5}		vid=17
{17, 5}		vid=18
{18, 6}		vid=19
{19, 6}		vid=20
{20, 6}		vid=21
{21, 7}		vid=22
{22, 7}		vid=23
{23, 7}		vid=24
{24, 8}		vid=25
{25, 8}		vid=26
{26, 8}		vid=27
{27, 9}		vid=28
{28, 9}		vid=29
{29, 9}		vid=30
{30, 10}		vid=31
{31, 10}		vid=32
{32, 10}		vid=33
{33, 11}		vid=34
{34, 11}		vid=35
{35, 11}	
Successfully add self to manager!  Node ID = 11
	GTStoreStorage::init Send header: 0(T) -1 11 0
Inside GTStoreStorage::init() nodes 10/5
>>> Collecting tokens...
	manage_node_request: Broadcast new node 11 to old storage nodes
	manage_node_request Send header: 104(T_MNG_REP_DNT) -1 11 11
	manage_node_request Send Content: 3	33	34	35	

	manage_node_request Send header: 104(T_MNG_REP_DNT) -1 11 31
	manage_node_request Send Content: 5	17 14	14 30	35 28	28 34	7 35	

>>> GTStoreStorage::process_manage_reply: Entering	11 join, 3 vnodes
	manage_node_request Send header: 104(T_MNG_REP_DNT) -1 11 11
	3
	manage_node_request Send Content: 3	33	34	35	

>>> add_storage_node
	sid=11
	manage_node_request Send header: 104(T_MNG_REP_DNT) -1 11 7
	vid=33
	manage_node_request Send Content: 1	9 17	

	vid=34
	vid=35
	add a new storage node !  Node ID = 2, New Node ID = 11
	manage_node_request Send header: 40(T_MNG_REP) -1 11 11
	manage_node_request Send Content: 3	33	34	35	

>>> GTStoreStorage::process_manage_reply: Entering	11 join, 3 vnodes
	3
>>> add_storage_node
	sid=11
	vid=33
	manage_node_request Send header: 40(T_MNG_REP) -1 11 11
	 Before KV List: 0  intervals: 5
	vid=34
	manage_node_request Send Content: 3	33	34	35	

>>> GTStoreStorage::process_manage_reply: Entering	11 join, 3 vnodes
	vid=35
	3
	add a new storage node !  Node ID = 3, New Node ID = 11
>>> add_storage_node
	sid=11
	manage_node_request Send header: 104(T_MNG_REP_DNT) -1 11 11
	manage_node_request Send Content: 3	33	34	35	

	vid=33
>>> GTStoreStorage::process_manage_reply: Entering	11 join, 3 vnodes
	vid=34
	manage_node_request Send header: 104(T_MNG_REP_DNT) -1 11 14
	 Before KV List: 0  intervals: 1
	3
	vid=35
	manage_node_request Send Content: 2	13 33	33 10	

>>> add_storage_node
	add a new storage node !  Node ID = 4, New Node ID = 11
	sid=11
	 Finish KV List: 2
--11(33)--	vid=33
--3(10)----2(7)--	manage_node_request Send header: 104(T_MNG_REP_DNT) -1 11 11
	vid=34
	 Finish KV List: 0
--11(35)--	manage_node_request Send Content: 3	33	34	35	

	vid=35
--11(33)--	add a new storage node !  Node ID = 5, New Node ID = 11
--3(10)----9(28)--	manage_node_request Send header: 104(T_MNG_REP_DNT) -1 11 7
--2(7)----11(34)--	manage_node_request Send Content: 1	10 7	

--11(35)----8(24)-->>> GTStoreStorage::process_manage_reply: Entering	11 join, 3 vnodes
--9(28)----9(27)----11(34)----6(19)--	3
>>> GTStoreStorage::process_manage_reply: Entering	11 join, 3 vnodes
--8(24)----7(22)--	manage_node_request Send header: 104(T_MNG_REP_DNT) -1 11 11
>>> add_storage_node
	3
--9(27)----7(23)----6(19)--	manage_node_request Send Content: 3	33	34	35	

	sid=11
>>> add_storage_node
--2(6)----7(22)--	sid=11
	vid=33
	manage_node_request Send header: 104(T_MNG_REP_DNT) -1 11 8
--7(21)----7(23)--	vid=33
	vid=34
	manage_node_request Send Content: 1	26 13	

--3(11)-->>> GTStoreStorage::process_manage_reply: Entering	11 join, 3 vnodes
--2(6)--	vid=35
	vid=34
--9(29)--	3
--5(16)----7(21)--	add a new storage node !  Node ID = 6, New Node ID = 11
	manage_node_request Send header: 104(T_MNG_REP_DNT) -1 11 11
	vid=35
>>> add_storage_node
--4(12)--	add a new storage node !  Node ID = 7, New Node ID = 11
--3(11)--	manage_node_request Send Content: 3	33	34	35	

	sid=11
--10(31)----9(29)----10(32)----5(16)--	vid=33
--5(15)--	manage_node_request Send header: 104(T_MNG_REP_DNT) -1 11 8
	 Before KV List: 0  intervals: 2
--4(12)----8(25)--	vid=34
	manage_node_request Send Content: 1	30 26	

--10(31)----2(8)--	 Before KV List: 0  intervals: 1
	vid=35
--10(32)----6(18)--	add a new storage node !  Node ID = 8, New Node ID = 11
--5(15)----6(20)----8(25)----3(9)----2(8)----5(17)--	manage_node_request Send header: 40(T_MNG_REP) -1 11 11
--6(18)----4(14)----6(20)--	manage_node_request Send Content: 3	33	34	35	

--10(30)----3(9)--	 Before KV List: 0  intervals: 1
--8(26)----5(17)----4(13)----4(14)--	 Finish KV List: 1

--10(30)--	 Finish KV List: 0
--11(33)----8(26)--	<<<--- Node 2:    Key: test_key_2    Version: 1556250652    Value: test_val_2_version=1 --->>>
--11(33)----3(10)----4(13)--	<<<--- Node 2:    Key: test_key_4    Version: 1556250652    Value: test_val_4_version=1 --->>>
--3(10)----2(7)--
	<<<--- Node 2:    Key: test_key_0    Version: 1556250652    Value: test_val_0_version=1 --->>>
--2(7)----11(35)-->>> GTStoreStorage::process_manage_reply: Entering	11 join, 3 vnodes
	<<<--- Node 3:    Key: test_key_4    Version: 1556250652    Value: test_val_4_version=1 --->>>
--11(35)--	~~~~~~~~~~~~~~~ node 2 donates tokens to node 11  ~~~~~~~~~~~~~~
--9(28)--	3
	<<<--- Node 3:    Key: test_key_2    Version: 1556250652    Value: test_val_2_version=1 --->>>
--9(28)--	~~~~~~~~~~~~~~~ node 3 donates tokens to node 11  ~~~~~~~~~~~~~~
--11(34)--	2_process_manage_reply Send header: 64(T_DNT) 2 11 88
	 Finish KV List: 0
	2_process_manage_reply Send Content: 2	test_key_1	1556250652	test_val_1_version=1	test_key_3	1556250652	test_val_3_version=1	

>>> add_storage_node
--11(34)----8(24)--	3_process_manage_reply Send header: 64(T_DNT) 3 11 2
--11(33)--	sid=11
--8(24)----9(27)--	3_process_manage_reply Send Content: 0	

--3(10)----9(27)--	vid=33
--6(19)----2(7)----6(19)----7(22)--	vid=34
--11(35)----7(22)----7(23)----9(28)--	vid=35
--7(23)----2(6)----11(34)--	add a new storage node !  Node ID = 9, New Node ID = 11
--2(6)----7(21)----8(24)----7(21)----9(27)----3(11)----3(11)----6(19)----9(29)----9(29)----7(22)----5(16)--	 Before KV List: 0  intervals: 1
--5(16)----7(23)--	~~~~~~~~~~~~~~~~~~~~~~~~~~~  Got token, todo=6
--4(12)----4(12)----2(6)----10(31)----10(31)----7(21)----10(32)----10(32)----3(11)----5(15)----5(15)----9(29)----8(25)----8(25)----5(16)----2(8)----2(8)----4(12)----6(18)----6(18)----10(31)----6(20)----6(20)----10(32)----3(9)----3(9)----5(15)----5(17)----5(17)----8(25)----4(14)----4(14)----2(8)--	 Finish KV List: 0
--10(30)----10(30)----6(18)----11(33)----8(26)----8(26)----6(20)----3(10)----4(13)----4(13)----3(9)----2(7)--
	~~~~~~~~~~~~~~~~~~~~~~~~~~~  Got token, todo=5

--5(17)----11(35)--	<<<--- Node 6:    Key: test_key_1    Version: 1556250652    Value: test_val_1_version=1 --->>>
	<<<--- Node 7:    Key: test_key_3    Version: 1556250652    Value: test_val_3_version=1 --->>>
--4(14)----9(28)--	<<<--- Node 6:    Key: test_key_3    Version: 1556250652    Value: test_val_3_version=1 --->>>
	<<<--- Node 7:    Key: test_key_1    Version: 1556250652    Value: test_val_1_version=1 --->>>
--10(30)--	<<<--- Node 7:    Key: test_key_4    Version: 1556250652    Value: test_val_4_version=1 --->>>
--11(34)--	<<<--- Node 6:    Key: test_key_0    Version: 1556250650    Value: test_val_0_version=0 --->>>
--8(26)--	~~~~~~~~~~~~~~~ node 7 donates tokens to node 11  ~~~~~~~~~~~~~~
--8(24)--	~~~~~~~~~~~~~~~ node 6 donates tokens to node 11  ~~~~~~~~~~~~~~
--4(13)--	7_process_manage_reply Send header: 64(T_DNT) 7 11 2
--9(27)--	6_process_manage_reply Send header: 64(T_DNT) 6 11 45

	7_process_manage_reply Send Content: 0	

--6(19)--	6_process_manage_reply Send Content: 1	test_key_2	1556250652	test_val_2_version=1	

	<<<--- Node 8:    Key: test_key_1    Version: 1556250652    Value: test_val_1_version=1 --->>>
--7(22)--	<<<--- Node 8:    Key: test_key_2    Version: 1556250652    Value: test_val_2_version=1 --->>>
--7(23)--	<<<--- Node 8:    Key: test_key_3    Version: 1556250652    Value: test_val_3_version=1 --->>>
--2(6)--	<<<--- Node 8:    Key: test_key_0    Version: 1556250652    Value: test_val_0_version=1 --->>>
--7(21)--	~~~~~~~~~~~~~~~ node 8 donates tokens to node 11  ~~~~~~~~~~~~~~
--3(11)--	~~~~~~~~~~~~~~~~~~~~~~~~~~~  Got token, todo=4
	8_process_manage_reply Send header: 64(T_DNT) 8 11 2
--9(29)--	8_process_manage_reply Send Content: 0	

--5(16)----4(12)----10(31)----10(32)----5(15)----8(25)----2(8)----6(18)----6(20)----3(9)----5(17)----4(14)----10(30)----8(26)----4(13)--
	<<<--- Node 9:    Key: test_key_2    Version: 1556250652    Value: test_val_2_version=1 --->>>
	~~~~~~~~~~~~~~~~~~~~~~~~~~~  Got token, todo=3
	<<<--- Node 9:    Key: test_key_4    Version: 1556250652    Value: test_val_4_version=1 --->>>
>>> GTStoreStorage::process_manage_reply: Entering	11 join, 3 vnodes
	<<<--- Node 9:    Key: test_key_3    Version: 1556250652    Value: test_val_3_version=1 --->>>
	3
	<<<--- Node 9:    Key: test_key_1    Version: 1556250652    Value: test_val_1_version=1 --->>>
>>> add_storage_node
	sid=11
	~~~~~~~~~~~~~~~ node 9 donates tokens to node 11  ~~~~~~~~~~~~~~
	vid=33
	9_process_manage_reply Send header: 64(T_DNT) 9 11 2
	~~~~~~~~~~~~~~~~~~~~~~~~~~~  Got token, todo=2
	9_process_manage_reply Send Content: 0	

	vid=34
	vid=35
	add a new storage node !  Node ID = 10, New Node ID = 11
	~~~~~~~~~~~~~~~~~~~~~~~~~~~  Got token, todo=1
<<< Done Collecting tokens...
	----ACK sending----
	GTStoreStorage::init Send header: 0(T) -1 11 0
	----ACK sent----
<<< manage_node_request: Exiting
I am node 2, I want to leave
--11(33)----3(10)----2(7)----11(35)----9(28)----11(34)----8(24)----9(27)----6(19)----7(22)----7(23)----2(6)----7(21)----3(11)----9(29)----5(16)----4(12)----10(31)----10(32)----5(15)----8(25)----2(8)----6(18)----6(20)----3(9)----5(17)----4(14)----10(30)----8(26)----4(13)--
	<<<--- Node 2:    Key: test_key_2    Version: 1556250652    Value: test_val_2_version=1 --->>>
	<<<--- Node 2:    Key: test_key_4    Version: 1556250652    Value: test_val_4_version=1 --->>>
	<<<--- Node 2:    Key: test_key_0    Version: 1556250652    Value: test_val_0_version=1 --->>>
>>> remove_storage_node	sid=2
<<< storage node 2 removed
	GTStoreStorage::leave Send header: 64(T_DNT) 2 3 45
	GTStoreStorage::leave Send Content: 1	test_key_0	1556250652	test_val_0_version=1	

~~~~~~~~~~~ Node 2 donates to node 3 before leaving
	GTStoreStorage::leave Send header: 64(T_DNT) 2 6 45
	GTStoreStorage::leave Send Content: 1	test_key_2	1556250652	test_val_2_version=1	

~~~~~~~~~~~ Node 2 donates to node 6 before leaving
Process donate req from 3
	GTStoreStorage::leave Send header: 64(T_DNT) 2 4 45
--11(33)--	GTStoreStorage::leave Send Content: 1	test_key_4	1556250652	test_val_4_version=1	

--3(10)----2(7)----11(35)--~~~~~~~~~~~ Node 2 donates to node 4 before leaving
--9(28)----11(34)----8(24)--~~~~~~~~~~~ Node 2 detached from manager
--9(27)----6(19)--	GTStoreStorage::leave Send header: 130(T_FWD_LEA) 2 2 0
--7(22)----7(23)--Process donate req from 6
--2(6)----7(21)----11(33)----3(11)----3(10)----9(29)----2(7)----5(16)----11(35)--Process donate req from 4
--4(12)----9(28)----10(31)----11(33)----11(34)----10(32)----3(10)----8(24)----5(15)----2(7)----8(25)----9(27)----11(35)----2(8)----6(19)----9(28)----6(18)----7(22)----11(34)----6(20)----7(23)----8(24)----3(9)----2(6)----9(27)----5(17)----7(21)----6(19)----4(14)----3(11)----7(22)----10(30)----9(29)----7(23)----8(26)----5(16)----2(6)----4(13)----4(12)----7(21)--
--10(31)----3(11)----10(32)----9(29)--	<<<--- Node 3:    Key: test_key_4    Version: 1556250652    Value: test_val_4_version=1 --->>>
--5(15)----5(16)--	<<<--- Node 3:    Key: test_key_2    Version: 1556250652    Value: test_val_2_version=1 --->>>
--8(25)----4(12)----2(8)----10(31)----6(18)----10(32)----6(20)----5(15)----3(9)----8(25)----5(17)----2(8)----4(14)----6(18)----10(30)----6(20)--After accept donation from 2:--8(26)----3(9)----11(33)----4(13)----5(17)----3(10)--
--2(7)----4(14)----11(35)--	<<<--- Node 6:    Key: test_key_1    Version: 1556250652    Value: test_val_1_version=1 --->>>
--10(30)----9(28)--	<<<--- Node 6:    Key: test_key_3    Version: 1556250652    Value: test_val_3_version=1 --->>>
>>> GTStoreManager: manage_node_request_leave
--8(26)----11(34)--	<<<--- Node 6:    Key: test_key_0    Version: 1556250650    Value: test_val_0_version=0 --->>>
--4(13)--#nodes= 10
--8(24)--
--9(27)-->>> remove_storage_node	sid=2
--6(19)----7(22)----7(23)----2(6)--After accept donation from 2:--7(21)----11(33)----3(11)----9(29)----5(16)--<<< storage node 2 removed
--4(12)--After accept donation from 2:--3(10)--#nodes= 9
--2(7)----10(31)----11(33)----10(32)--Sending close to 3
--11(35)----3(10)----5(15)----9(28)----2(7)----8(25)----11(34)----2(8)----11(35)----6(18)----8(24)----9(28)----6(20)----9(27)----11(34)----3(9)----6(19)--	manage_node_request_leave Send header: 136(T_MNG_LEA) 2 2 0
--8(24)----5(17)----7(22)----9(27)----4(14)----7(23)--	Manager send leaving message:---------------
--6(19)----10(30)----2(6)----8(26)-- header: 136(T_MNG_LEA) 2 2 0
--7(22)----7(21)----4(13)----7(23)----3(11)--
--2(6)--Sending close to 4
--9(29)--	<<<--- Node 3:    Key: test_key_4    Version: 1556250652    Value: test_val_4_version=1 --->>>
--7(21)----5(16)--	<<<--- Node 3:    Key: test_key_0    Version: 1556250652    Value: test_val_0_version=1 --->>>
--3(11)----4(12)--	manage_node_request_leave Send header: 136(T_MNG_LEA) 2 2 0
	<<<--- Node 3:    Key: test_key_2    Version: 1556250652    Value: test_val_2_version=1 --->>>
--9(29)----10(31)--	Manager send leaving message:---------------
--5(16)----10(32)-- header: 136(T_MNG_LEA) 2 2 0
--5(15)----4(12)----8(25)----10(31)--Sending close to 5
--10(32)----2(8)----5(15)----6(18)----8(25)----6(20)----2(8)----3(9)----6(18)--	manage_node_request_leave Send header: 136(T_MNG_LEA) 2 2 0
--5(17)-->>> remove_storage_node	sid=2
	Manager send leaving message:---------------
--6(20)-- header: 136(T_MNG_LEA) 2 2 0
--4(14)----3(9)----10(30)--Sending close to 6
--5(17)----8(26)----4(14)--<<< storage node 2 removed
--10(30)----4(13)--	manage_node_request_leave Send header: 136(T_MNG_LEA) 2 2 0
--8(26)--
--4(13)--	Manager send leaving message:---------------
	<<<--- Node 6:    Key: test_key_1    Version: 1556250652    Value: test_val_1_version=1 --->>>

 header: 136(T_MNG_LEA) 2 2 0
	<<<--- Node 6:    Key: test_key_2    Version: 1556250652    Value: test_val_2_version=1 --->>>
	<<<--- Node 4:    Key: test_key_4    Version: 1556250652    Value: test_val_4_version=1 --->>>
Sending close to 7
	<<<--- Node 6:    Key: test_key_3    Version: 1556250652    Value: test_val_3_version=1 --->>>
	<<<--- Node 6:    Key: test_key_0    Version: 1556250650    Value: test_val_0_version=0 --->>>
	manage_node_request_leave Send header: 136(T_MNG_LEA) 2 2 0
>>> remove_storage_node	sid=2
	Manager send leaving message:---------------
 header: 136(T_MNG_LEA) 2 2 0
Sending close to 8
>>> remove_storage_node	sid=2
<<< storage node 2 removed
>>> remove_storage_node	sid=2
	manage_node_request_leave Send header: 136(T_MNG_LEA) 2 2 0
<<< storage node 2 removed
<<< storage node 2 removed
	Manager send leaving message:---------------
>>> remove_storage_node	sid=2
 header: 136(T_MNG_LEA) 2 2 0
Sending close to 9
>>> remove_storage_node	sid=2
<<< storage node 2 removed
	manage_node_request_leave Send header: 136(T_MNG_LEA) 2 2 0
	Manager send leaving message:---------------
<<< storage node 2 removed
 header: 136(T_MNG_LEA) 2 2 0
Sending close to 10
	manage_node_request_leave Send header: 136(T_MNG_LEA) 2 2 0
	Manager send leaving message:---------------
 header: 136(T_MNG_LEA) 2 2 0
Sending close to 11
>>> remove_storage_node	sid=2
	manage_node_request_leave Send header: 136(T_MNG_LEA) 2 2 0
>>> remove_storage_node	sid=2
	Manager send leaving message:---------------
<<< storage node 2 removed
 header: 136(T_MNG_LEA) 2 2 0
<<< storage node 2 removed
<<< GTStoreManager: manage_node_request_leave
	manage_node_request_leave Send header: 136(T_MNG_LEA) 2 2 0
>>> remove_storage_node	sid=2
<<< storage node 2 removed
========================
========================
=== Starting Storage Node 12...
	GTStoreStorage::init Send header: 2(T_FWD) -1 -1 1
	GTStoreStorage::init Send Content: 3

Sent request to manager
>>> manage_node_request: Entering with 3 requested vnodes
>>> add_storage_node
	sid=12
	vid=36
	vid=37
	vid=38
--11(33)----3(10)----11(35)----9(28)----11(34)----8(24)----9(27)----6(19)----7(22)----12(36)----7(23)----12(37)----7(21)----3(11)----9(29)----5(16)----4(12)----10(31)----10(32)----5(15)----12(38)----8(25)----6(18)----6(20)----3(9)----5(17)----4(14)----10(30)----8(26)----4(13)--
	computing.......36
>>>>>>>>>>>>>> 36
>>>>>>>>>>>>>> 22
>>>>>>>>>>>>>> 19
>>>>>>>>>>>>>> 27
>>>>>>>>>>>>>> 24
>>>>>>>>>>>>>> 34
		||||----Donate: 3, [34, 24)----||||
		||||----Donate: 5, [24, 27)----||||
		||||----Donate: 5, [27, 19)----||||
		||||----Donate: 4, [19, 22)----||||
		||||----Donate: 4, [22, 36)----||||
	computing.......37
>>>>>>>>>>>>>> 37
>>>>>>>>>>>>>> 23
>>>>>>>>>>>>>> 36
		||||----Donate: 4, [36, 23)----||||
		||||----Donate: 4, [23, 37)----||||
	computing.......38
>>>>>>>>>>>>>> 38
>>>>>>>>>>>>>> 15
>>>>>>>>>>>>>> 32
>>>>>>>>>>>>>> 31
>>>>>>>>>>>>>> 12
>>>>>>>>>>>>>> 16
>>>>>>>>>>>>>> 29
>>>>>>>>>>>>>> 11
		||||----Donate: 8, [11, 29)----||||
		||||----Donate: 6, [29, 16)----||||
		||||----Donate: 6, [16, 12)----||||
		||||----Donate: 3, [12, 31)----||||
		||||----Donate: 3, [31, 32)----||||
		||||----Donate: 4, [32, 15)----||||
		||||----Donate: 4, [15, 38)----||||
		find 5 donators
	manage_node_request Send header: 40(T_MNG_REP) -1 12 161
	manage_node_request Send Content: 30	9 3	10 3	11 3	12 4	13 4	14 4	15 5	16 5	17 5	18 6	19 6	20 6	21 7	22 7	23 7	24 8	25 8	26 8	27 9	28 9	29 9	30 10	31 10	32 10	33 11	34 11	35 11	36 12	37 12	38 12	

Sent reply to manager
	vid=9
{9, 3}		vid=10
{10, 3}		vid=11
{11, 3}		vid=12
{12, 4}		vid=13
{13, 4}		vid=14
{14, 4}		vid=15
{15, 5}		vid=16
{16, 5}		vid=17
{17, 5}		vid=18
{18, 6}		vid=19
{19, 6}		vid=20
{20, 6}		vid=21
{21, 7}		vid=22
{22, 7}		vid=23
{23, 7}		vid=24
{24, 8}		vid=25
{25, 8}		vid=26
{26, 8}		vid=27
{27, 9}		vid=28
{28, 9}		vid=29
{29, 9}		vid=30
{30, 10}		vid=31
{31, 10}		vid=32
{32, 10}		vid=33
{33, 11}		vid=34
{34, 11}		vid=35
{35, 11}		vid=36
{36, 12}		vid=37
{37, 12}		vid=38
{38, 12}	
Successfully add self to manager!  Node ID = 12
	GTStoreStorage::init Send header: 0(T) -1 12 0
Inside GTStoreStorage::init() nodes 10/5
>>> Collecting tokens...
	manage_node_request: Broadcast new node 12 to old storage nodes
	manage_node_request Send header: 104(T_MNG_REP_DNT) -1 12 11
	manage_node_request Send Content: 3	36	37	38	

	manage_node_request Send header: 104(T_MNG_REP_DNT) -1 12 20
	manage_node_request Send Content: 3	34 24	12 31	31 32	

>>> GTStoreStorage::process_manage_reply: Entering	12 join, 3 vnodes
	3
	manage_node_request Send header: 104(T_MNG_REP_DNT) -1 12 11
>>> add_storage_node
	manage_node_request Send Content: 3	36	37	38	

	sid=12
	vid=36
	manage_node_request Send header: 104(T_MNG_REP_DNT) -1 12 38
	vid=37
	manage_node_request Send Content: 6	19 22	22 36	36 23	23 37	32 15	15 38	

	vid=38
	add a new storage node !  Node ID = 3, New Node ID = 12
>>> GTStoreStorage::process_manage_reply: Entering	12 join, 3 vnodes
	3
	manage_node_request Send header: 104(T_MNG_REP_DNT) -1 12 11
>>> add_storage_node
	manage_node_request Send Content: 3	36	37	38	

	sid=12
	vid=36
	manage_node_request Send header: 104(T_MNG_REP_DNT) -1 12 14
	 Before KV List: 0  intervals: 3
	manage_node_request Send Content: 2	24 27	27 19	

	vid=37
	vid=38
	add a new storage node !  Node ID = 4, New Node ID = 12
	manage_node_request Send header: 104(T_MNG_REP_DNT) -1 12 11
>>> GTStoreStorage::process_manage_reply: Entering	12 join, 3 vnodes
	manage_node_request Send Content: 3	36	37	38	

	3
>>> add_storage_node
	manage_node_request Send header: 104(T_MNG_REP_DNT) -1 12 14
	sid=12
	 Finish KV List: 1
	manage_node_request Send Content: 2	29 16	16 12	

--11(33)--	vid=36
--3(10)--	 Before KV List: 0  intervals: 6
--11(35)--	vid=37
--9(28)----11(34)--	vid=38
--8(24)--	manage_node_request Send header: 40(T_MNG_REP) -1 12 11
--9(27)--	add a new storage node !  Node ID = 5, New Node ID = 12
	manage_node_request Send Content: 3	36	37	38	

--6(19)--	 Finish KV List: 1
--7(22)----12(36)----11(33)----7(23)----3(10)----12(37)-->>> GTStoreStorage::process_manage_reply: Entering	12 join, 3 vnodes
--11(35)----7(21)--	manage_node_request Send header: 104(T_MNG_REP_DNT) -1 12 11
	3
--9(28)----3(11)--	manage_node_request Send Content: 3	36	37	38	

	 Before KV List: 0  intervals: 2
>>> add_storage_node
--11(34)----9(29)--	manage_node_request Send header: 104(T_MNG_REP_DNT) -1 12 8
	sid=12
--8(24)----5(16)----9(27)--	manage_node_request Send Content: 1	11 29	

	vid=36
--4(12)----6(19)----10(31)--	vid=37
--7(22)----10(32)--	vid=38
--12(36)--	add a new storage node !  Node ID = 6, New Node ID = 12
	manage_node_request Send header: 40(T_MNG_REP) -1 12 11
--5(15)--	 Finish KV List: 0
--7(23)----11(33)--	manage_node_request Send Content: 3	36	37	38	

--12(38)----12(37)----3(10)--	 Before KV List: 0  intervals: 2
--8(25)----7(21)----11(35)----6(18)----3(11)----9(28)----6(20)----9(29)----11(34)----3(9)----5(16)----8(24)----5(17)----4(12)----9(27)----4(14)----10(31)----6(19)----10(30)----10(32)----7(22)----8(26)----5(15)----12(36)----4(13)----12(38)----7(23)--	manage_node_request Send header: 40(T_MNG_REP) -1 12 11

--8(25)----12(37)--	manage_node_request Send Content: 3	36	37	38	

	<<<--- Node 3:    Key: test_key_4    Version: 1556250652    Value: test_val_4_version=1 --->>>
--6(18)----7(21)-->>> GTStoreStorage::process_manage_reply: Entering	12 join, 3 vnodes
>>> GTStoreStorage::process_manage_reply: Entering	12 join, 3 vnodes
	<<<--- Node 3:    Key: test_key_2    Version: 1556250652    Value: test_val_2_version=1 --->>>
--6(20)----3(11)--	 Finish KV List: 0
	3
	3
--3(9)--	~~~~~~~~~~~~~~~ node 3 donates tokens to node 12  ~~~~~~~~~~~~~~
--9(29)--	manage_node_request Send header: 40(T_MNG_REP) -1 12 11
--11(33)-->>> add_storage_node
>>> add_storage_node
--5(17)-->>> GTStoreStorage::process_manage_reply: Entering	12 join, 3 vnodes
	3_process_manage_reply Send header: 64(T_DNT) 3 12 45
	3
	3_process_manage_reply Send Content: 1	test_key_0	1556250652	test_val_0_version=1	

--5(16)--	manage_node_request Send Content: 3	36	37	38	

--3(10)--	sid=12
	sid=12
--4(14)-->>> add_storage_node
--4(12)----11(35)--	vid=36
	vid=36
--10(30)--	sid=12
	vid=37
--10(31)--	vid=36
--9(28)----8(26)--	vid=38
--10(32)----11(34)----4(13)--	vid=37
	add a new storage node !  Node ID = 9, New Node ID = 12
--5(15)-->>> GTStoreStorage::process_manage_reply: Entering	12 join, 3 vnodes
	vid=37
--8(24)--
--12(38)--	vid=38
--8(25)--	add a new storage node !  Node ID = 10, New Node ID = 12
	3
--9(27)--	vid=38
	~~~~~~~~~~~~~~~ node 4 donates tokens to node 12  ~~~~~~~~~~~~~~
	add a new storage node !  Node ID = 7, New Node ID = 12
--6(18)----6(19)-->>> add_storage_node
	~~~~~~~~~~~~~~~~~~~~~~~~~~~  Got token, todo=5
	4_process_manage_reply Send header: 64(T_DNT) 4 12 45
--6(20)----7(22)--	sid=12
	4_process_manage_reply Send Content: 1	test_key_4	1556250652	test_val_4_version=1	

--3(9)----12(36)--	vid=36
--5(17)----7(23)----4(14)----12(37)----10(30)--	vid=37
--7(21)----8(26)----3(11)--	vid=38
--4(13)----9(29)--
	add a new storage node !  Node ID = 8, New Node ID = 12
--5(16)--	<<<--- Node 5:    Key: test_key_4    Version: 1556250652    Value: test_val_4_version=1 --->>>
--4(12)--	<<<--- Node 5:    Key: test_key_0    Version: 1556250652    Value: test_val_0_version=1 --->>>
	~~~~~~~~~~~~~~~~~~~~~~~~~~~  Got token, todo=4
--10(31)--	~~~~~~~~~~~~~~~ node 5 donates tokens to node 12  ~~~~~~~~~~~~~~
--10(32)----5(15)--	5_process_manage_reply Send header: 64(T_DNT) 5 12 2
--12(38)--	 Before KV List: 0  intervals: 1
	5_process_manage_reply Send Content: 0	

--8(25)----6(18)----6(20)----3(9)----5(17)----4(14)----10(30)----8(26)----4(13)--
>>> GTStoreStorage::process_manage_reply: Entering	12 join, 3 vnodes
	~~~~~~~~~~~~~~~~~~~~~~~~~~~  Got token, todo=3
	<<<--- Node 6:    Key: test_key_1    Version: 1556250652    Value: test_val_1_version=1 --->>>
	3
	<<<--- Node 6:    Key: test_key_2    Version: 1556250652    Value: test_val_2_version=1 --->>>
>>> add_storage_node
	<<<--- Node 6:    Key: test_key_3    Version: 1556250652    Value: test_val_3_version=1 --->>>
	sid=12
	<<<--- Node 6:    Key: test_key_0    Version: 1556250650    Value: test_val_0_version=0 --->>>
	~~~~~~~~~~~~~~~ node 6 donates tokens to node 12  ~~~~~~~~~~~~~~
	vid=36
	 Finish KV List: 0
	6_process_manage_reply Send header: 64(T_DNT) 6 12 2
	vid=37
--11(33)--	6_process_manage_reply Send Content: 0	

--3(10)--	vid=38
--11(35)----9(28)--	add a new storage node !  Node ID = 11, New Node ID = 12
--11(34)----8(24)----9(27)----6(19)----7(22)----12(36)----7(23)--	~~~~~~~~~~~~~~~~~~~~~~~~~~~  Got token, todo=2
--12(37)----7(21)----3(11)----9(29)----5(16)----4(12)----10(31)----10(32)----5(15)----12(38)----8(25)----6(18)----6(20)----3(9)----5(17)----4(14)----10(30)----8(26)----4(13)--
	<<<--- Node 8:    Key: test_key_1    Version: 1556250652    Value: test_val_1_version=1 --->>>
	<<<--- Node 8:    Key: test_key_2    Version: 1556250652    Value: test_val_2_version=1 --->>>
	<<<--- Node 8:    Key: test_key_3    Version: 1556250652    Value: test_val_3_version=1 --->>>
	<<<--- Node 8:    Key: test_key_0    Version: 1556250652    Value: test_val_0_version=1 --->>>
	~~~~~~~~~~~~~~~ node 8 donates tokens to node 12  ~~~~~~~~~~~~~~
	8_process_manage_reply Send header: 64(T_DNT) 8 12 2
	8_process_manage_reply Send Content: 0	

	~~~~~~~~~~~~~~~~~~~~~~~~~~~  Got token, todo=1
<<< Done Collecting tokens...
	----ACK sending----
	GTStoreStorage::init Send header: 0(T) -1 12 0
	----ACK sent----
<<< manage_node_request: Exiting
I am node 3, I want to leave
--11(33)----3(10)----11(35)----9(28)----11(34)----8(24)----9(27)----6(19)----7(22)----12(36)----7(23)----12(37)----7(21)----3(11)----9(29)----5(16)----4(12)----10(31)----10(32)----5(15)----12(38)----8(25)----6(18)----6(20)----3(9)----5(17)----4(14)----10(30)----8(26)----4(13)--
	<<<--- Node 3:    Key: test_key_4    Version: 1556250652    Value: test_val_4_version=1 --->>>
	<<<--- Node 3:    Key: test_key_2    Version: 1556250652    Value: test_val_2_version=1 --->>>
>>> remove_storage_node	sid=3
<<< storage node 3 removed
	GTStoreStorage::leave Send header: 64(T_DNT) 3 7 45
	GTStoreStorage::leave Send Content: 1	test_key_2	1556250652	test_val_2_version=1	

~~~~~~~~~~~ Node 3 donates to node 7 before leaving
	GTStoreStorage::leave Send header: 64(T_DNT) 3 4 45
	GTStoreStorage::leave Send Content: 1	test_key_4	1556250652	test_val_4_version=1	

~~~~~~~~~~~ Node 3 donates to node 4 before leaving
Process donate req from 7
~~~~~~~~~~~ Node 3 detached from manager
--11(33)--	GTStoreStorage::leave Send header: 130(T_FWD_LEA) 3 3 0
--3(10)----11(35)----9(28)----11(34)----8(24)--Process donate req from 4
--9(27)----6(19)----11(33)----7(22)----3(10)----12(36)----11(35)----7(23)----9(28)----12(37)----11(34)-->>> GTStoreManager: manage_node_request_leave
--7(21)----8(24)--#nodes= 10
--3(11)----9(27)-->>> remove_storage_node	sid=3
--9(29)----6(19)----5(16)----7(22)----4(12)----12(36)----10(31)----7(23)----10(32)----12(37)--<<< storage node 3 removed
--5(15)----7(21)--#nodes= 9
--12(38)----3(11)--Sending close to 4
--8(25)----9(29)----6(18)----5(16)----6(20)----4(12)----3(9)----10(31)----5(17)----10(32)--	manage_node_request_leave Send header: 136(T_MNG_LEA) 3 3 0
--4(14)----5(15)----10(30)----12(38)--	Manager send leaving message:---------------
--8(26)----8(25)-- header: 136(T_MNG_LEA) 3 3 0
--4(13)----6(18)--
--6(20)--Sending close to 5
	<<<--- Node 7:    Key: test_key_3    Version: 1556250652    Value: test_val_3_version=1 --->>>
--3(9)--	<<<--- Node 7:    Key: test_key_1    Version: 1556250652    Value: test_val_1_version=1 --->>>
--5(17)--	<<<--- Node 7:    Key: test_key_4    Version: 1556250652    Value: test_val_4_version=1 --->>>
--4(14)--	manage_node_request_leave Send header: 136(T_MNG_LEA) 3 3 0
--10(30)----8(26)----4(13)--	Manager send leaving message:---------------

After accept donation from 3: header: 136(T_MNG_LEA) 3 3 0
--11(33)----3(10)----11(35)--Sending close to 6
--9(28)--After accept donation from 3:--11(34)----11(33)----8(24)----3(10)-->>> remove_storage_node	sid=3
--9(27)----11(35)--	manage_node_request_leave Send header: 136(T_MNG_LEA) 3 3 0
--6(19)----9(28)----7(22)----11(34)--	Manager send leaving message:---------------
<<< storage node 3 removed
--12(36)----8(24)-- header: 136(T_MNG_LEA) 3 3 0
--7(23)----9(27)----12(37)----6(19)--Sending close to 7
--7(21)----7(22)-->>> remove_storage_node	sid=3
--3(11)----12(36)--	manage_node_request_leave Send header: 136(T_MNG_LEA) 3 3 0
--9(29)----7(23)--	Manager send leaving message:---------------
<<< storage node 3 removed
--5(16)----12(37)-- header: 136(T_MNG_LEA) 3 3 0
--4(12)----7(21)----10(31)--Sending close to 8
--3(11)----10(32)----9(29)----5(15)----5(16)----12(38)----4(12)--	manage_node_request_leave Send header: 136(T_MNG_LEA) 3 3 0
--8(25)----10(31)--	Manager send leaving message:---------------
--6(18)-- header: 136(T_MNG_LEA) 3 3 0
--10(32)----6(20)--Sending close to 9
--5(15)----3(9)----12(38)----8(25)----5(17)----6(18)-->>> remove_storage_node	sid=3
--4(14)--	manage_node_request_leave Send header: 136(T_MNG_LEA) 3 3 0
--6(20)----10(30)----3(9)--	Manager send leaving message:---------------
--8(26)----5(17)-- header: 136(T_MNG_LEA) 3 3 0
<<< storage node 3 removed
--4(13)----4(14)--Sending close to 10

--10(30)--	<<<--- Node 7:    Key: test_key_1    Version: 1556250652    Value: test_val_1_version=1 --->>>
--8(26)-->>> remove_storage_node	sid=3
	<<<--- Node 7:    Key: test_key_2    Version: 1556250652    Value: test_val_2_version=1 --->>>
	manage_node_request_leave Send header: 136(T_MNG_LEA) 3 3 0
--4(13)--	<<<--- Node 7:    Key: test_key_3    Version: 1556250652    Value: test_val_3_version=1 --->>>

	Manager send leaving message:---------------
<<< storage node 3 removed
	<<<--- Node 7:    Key: test_key_4    Version: 1556250652    Value: test_val_4_version=1 --->>>
	<<<--- Node 4:    Key: test_key_4    Version: 1556250652    Value: test_val_4_version=1 --->>>
 header: 136(T_MNG_LEA) 3 3 0
>>> remove_storage_node	sid=3
Sending close to 11
>>> remove_storage_node	sid=3
	manage_node_request_leave Send header: 136(T_MNG_LEA) 3 3 0
<<< storage node 3 removed
	Manager send leaving message:---------------
>>> remove_storage_node	sid=3
<<< storage node 3 removed
 header: 136(T_MNG_LEA) 3 3 0
Sending close to 12
>>> remove_storage_node	sid=3
<<< storage node 3 removed
	manage_node_request_leave Send header: 136(T_MNG_LEA) 3 3 0
<<< storage node 3 removed
	Manager send leaving message:---------------
 header: 136(T_MNG_LEA) 3 3 0
<<< GTStoreManager: manage_node_request_leave
	manage_node_request_leave Send header: 136(T_MNG_LEA) 3 3 0
>>> remove_storage_node	sid=3
<<< storage node 3 removed
========================
========================
=== Starting Storage Node 13...
	GTStoreStorage::init Send header: 2(T_FWD) -1 -1 1
	GTStoreStorage::init Send Content: 3

Sent request to manager
>>> manage_node_request: Entering with 3 requested vnodes
>>> add_storage_node
	sid=13
	vid=39
	vid=40
	vid=41
--11(33)----11(35)----9(28)----13(40)----11(34)----8(24)----9(27)----6(19)----7(22)----12(36)----7(23)----12(37)----7(21)----9(29)----5(16)----4(12)----13(41)----10(31)----10(32)----5(15)----12(38)----8(25)----13(39)----6(18)----6(20)----5(17)----4(14)----10(30)----8(26)----4(13)--
	computing.......39
>>>>>>>>>>>>>> 39
>>>>>>>>>>>>>> 25
>>>>>>>>>>>>>> 38
>>>>>>>>>>>>>> 15
>>>>>>>>>>>>>> 32
>>>>>>>>>>>>>> 31
>>>>>>>>>>>>>> 41
		||||----Donate: 6, [41, 31)----||||
		||||----Donate: 6, [31, 32)----||||
		||||----Donate: 4, [32, 15)----||||
		||||----Donate: 4, [15, 38)----||||
		||||----Donate: 10, [38, 25)----||||
		||||----Donate: 8, [25, 39)----||||
	computing.......40
>>>>>>>>>>>>>> 40
>>>>>>>>>>>>>> 28
>>>>>>>>>>>>>> 35
>>>>>>>>>>>>>> 33
>>>>>>>>>>>>>> 13
>>>>>>>>>>>>>> 26
>>>>>>>>>>>>>> 30
		||||----Donate: 6, [30, 26)----||||
		||||----Donate: 6, [26, 13)----||||
		||||----Donate: 7, [13, 33)----||||
		||||----Donate: 7, [33, 35)----||||
		||||----Donate: 7, [35, 28)----||||
		||||----Donate: 7, [28, 40)----||||
	computing.......41
>>>>>>>>>>>>>> 41
>>>>>>>>>>>>>> 12
>>>>>>>>>>>>>> 16
>>>>>>>>>>>>>> 29
>>>>>>>>>>>>>> 21
>>>>>>>>>>>>>> 37
		||||----Donate: 10, [37, 21)----||||
		||||----Donate: 12, [21, 29)----||||
		||||----Donate: 8, [29, 16)----||||
		||||----Donate: 8, [16, 12)----||||
		||||----Donate: 6, [12, 41)----||||
		find 6 donators
	manage_node_request Send header: 40(T_MNG_REP) -1 13 165
	manage_node_request Send Content: 30	12 4	13 4	14 4	15 5	16 5	17 5	18 6	19 6	20 6	21 7	22 7	23 7	24 8	25 8	26 8	27 9	28 9	29 9	30 10	31 10	32 10	33 11	34 11	35 11	36 12	37 12	38 12	39 13	40 13	41 13	

Sent reply to manager
	vid=12
{12, 4}		vid=13
{13, 4}		vid=14
{14, 4}		vid=15
{15, 5}		vid=16
{16, 5}		vid=17
{17, 5}		vid=18
{18, 6}		vid=19
{19, 6}		vid=20
{20, 6}		vid=21
{21, 7}		vid=22
{22, 7}		vid=23
{23, 7}		vid=24
{24, 8}		vid=25
{25, 8}		vid=26
{26, 8}		vid=27
{27, 9}		vid=28
{28, 9}		vid=29
{29, 9}		vid=30
{30, 10}		vid=31
{31, 10}		vid=32
{32, 10}		vid=33
{33, 11}		vid=34
{34, 11}		vid=35
{35, 11}		vid=36
{36, 12}		vid=37
{37, 12}		vid=38
{38, 12}		vid=39
{39, 13}		vid=40
{40, 13}		vid=41
{41, 13}	
Successfully add self to manager!  Node ID = 13
	GTStoreStorage::init Send header: 0(T) -1 13 0
Inside GTStoreStorage::init() nodes 10/5
>>> Collecting tokens...
	manage_node_request: Broadcast new node 13 to old storage nodes
	manage_node_request Send header: 104(T_MNG_REP_DNT) -1 13 11
	manage_node_request Send Content: 3	39	40	41	

	manage_node_request Send header: 104(T_MNG_REP_DNT) -1 13 14
	manage_node_request Send Content: 2	32 15	15 38	

	manage_node_request Send header: 40(T_MNG_REP) -1 13 11
>>> GTStoreStorage::process_manage_reply: Entering	13 join, 3 vnodes
	manage_node_request Send Content: 3	39	40	41	

	3
>>> add_storage_node
	sid=13
	vid=39
	manage_node_request Send header: 104(T_MNG_REP_DNT) -1 13 11
	manage_node_request Send Content: 3	39	40	41	

	vid=40
	manage_node_request Send header: 104(T_MNG_REP_DNT) -1 13 32
	vid=41
	manage_node_request Send Content: 5	41 31	31 32	30 26	26 13	12 41	

>>> GTStoreStorage::process_manage_reply: Entering	13 join, 3 vnodes
	add a new storage node !  Node ID = 4, New Node ID = 13
	3
	manage_node_request Send header: 104(T_MNG_REP_DNT) -1 13 11
>>> add_storage_node
	manage_node_request Send Content: 3	39	40	41	

>>> GTStoreStorage::process_manage_reply: Entering	13 join, 3 vnodes
	sid=13
	 Before KV List: 0  intervals: 2
	3
	vid=39
	manage_node_request Send header: 104(T_MNG_REP_DNT) -1 13 26
>>> add_storage_node
	manage_node_request Send Content: 4	13 33	33 35	35 28	28 40	

	vid=40
	sid=13
	 Finish KV List: 0
	vid=41
>>> GTStoreStorage::process_manage_reply: Entering	13 join, 3 vnodes
	vid=39
--11(33)--	add a new storage node !  Node ID = 5, New Node ID = 13
	3
	manage_node_request Send header: 104(T_MNG_REP_DNT) -1 13 11
--11(35)--	vid=40
>>> add_storage_node
	manage_node_request Send Content: 3	39	40	41	

--9(28)--	vid=41
	sid=13
--13(40)--	add a new storage node !  Node ID = 6, New Node ID = 13
	manage_node_request Send header: 104(T_MNG_REP_DNT) -1 13 20
	vid=39
--11(34)--	manage_node_request Send Content: 3	25 39	29 16	16 12	

--8(24)--	vid=40
--9(27)-->>> GTStoreStorage::process_manage_reply: Entering	13 join, 3 vnodes
--6(19)--	vid=41
	3
	add a new storage node !  Node ID = 7, New Node ID = 13
--7(22)--	manage_node_request Send header: 40(T_MNG_REP) -1 13 11
>>> add_storage_node
	 Before KV List: 0  intervals: 5
--12(36)--	manage_node_request Send Content: 3	39	40	41	

	sid=13
--7(23)----12(37)--	 Before KV List: 0  intervals: 4
	vid=39
--7(21)----9(29)--	manage_node_request Send header: 104(T_MNG_REP_DNT) -1 13 11
	vid=40
--5(16)--	manage_node_request Send Content: 3	39	40	41	

--4(12)--	vid=41
>>> GTStoreStorage::process_manage_reply: Entering	13 join, 3 vnodes
--13(41)--	manage_node_request Send header: 104(T_MNG_REP_DNT) -1 13 14
	add a new storage node !  Node ID = 8, New Node ID = 13
	3
	 Finish KV List: 3
--10(31)-->>> add_storage_node
	 Finish KV List: 1
--11(33)--	 Before KV List: 0  intervals: 3
	manage_node_request Send Content: 2	38 25	37 21	

--10(32)--	sid=13
>>> GTStoreStorage::process_manage_reply: Entering	13 join, 3 vnodes
--11(33)----11(35)----5(15)--	vid=39
	3
--11(35)----9(28)----12(38)--	vid=40
--9(28)--	manage_node_request Send header: 40(T_MNG_REP) -1 13 11
--13(40)----8(25)----13(40)--	vid=41
	manage_node_request Send Content: 3	39	40	41	

>>> add_storage_node
--11(34)----13(39)----11(34)--	add a new storage node !  Node ID = 9, New Node ID = 13
	 Finish KV List: 0
--8(24)----8(24)----6(18)----11(33)--	manage_node_request Send header: 104(T_MNG_REP_DNT) -1 13 11
--9(27)----9(27)----6(20)----6(19)----11(35)--	manage_node_request Send Content: 3	39	40	41	

--6(19)-->>> GTStoreStorage::process_manage_reply: Entering	13 join, 3 vnodes
--5(17)----7(22)----9(28)----7(22)--	3
	manage_node_request Send header: 104(T_MNG_REP_DNT) -1 13 8
--4(14)----12(36)----13(40)----12(36)-->>> add_storage_node
	manage_node_request Send Content: 1	21 29	

--10(30)----7(23)----11(34)----7(23)--	sid=13
--8(26)----12(37)----8(24)----12(37)----4(13)--	vid=39
--7(21)----9(27)----7(21)--
--9(29)----6(19)--	<<<--- Node 4:    Key: test_key_4    Version: 1556250652    Value: test_val_4_version=1 --->>>
	vid=40
--9(29)----5(16)----7(22)----4(12)--	~~~~~~~~~~~~~~~ node 4 donates tokens to node 13  ~~~~~~~~~~~~~~
--5(16)--	vid=41
--12(36)----13(41)--	add a new storage node !  Node ID = 11, New Node ID = 13
--4(12)--	4_process_manage_reply Send header: 64(T_DNT) 4 13 2
>>> GTStoreStorage::process_manage_reply: Entering	13 join, 3 vnodes
--7(23)----10(31)----13(41)--	4_process_manage_reply Send Content: 0	

	3
--12(37)----10(32)----10(31)-->>> add_storage_node
--7(21)--	sid=13
--5(15)----10(32)----9(29)----12(38)--	vid=39
--5(15)----5(16)----8(25)----12(38)----4(12)--	vid=40
--13(39)----8(25)----13(41)----6(18)----13(39)--	vid=41
--10(31)--	~~~~~~~~~~~~~~~~~~~~~~~~~~~  Got token, todo=6
--6(20)----6(18)--	sid=13
	add a new storage node !  Node ID = 12, New Node ID = 13
--10(32)----5(17)----6(20)--	vid=39
--5(15)----4(14)----5(17)----12(38)----10(30)----4(14)--	vid=40
--8(25)----8(26)----10(30)----13(39)----4(13)----8(26)--	vid=41
--6(18)--
--4(13)--	<<<--- Node 6:    Key: test_key_1    Version: 1556250652    Value: test_val_1_version=1 --->>>

	add a new storage node !  Node ID = 10, New Node ID = 13
	<<<--- Node 6:    Key: test_key_2    Version: 1556250652    Value: test_val_2_version=1 --->>>
--6(20)--	<<<--- Node 7:    Key: test_key_4    Version: 1556250652    Value: test_val_4_version=1 --->>>
	<<<--- Node 6:    Key: test_key_3    Version: 1556250652    Value: test_val_3_version=1 --->>>
	 Before KV List: 0  intervals: 1
--5(17)--	~~~~~~~~~~~~~~~ node 6 donates tokens to node 13  ~~~~~~~~~~~~~~
	~~~~~~~~~~~~~~~ node 7 donates tokens to node 13  ~~~~~~~~~~~~~~
--4(14)--	6_process_manage_reply Send header: 64(T_DNT) 6 13 45
--10(30)--	7_process_manage_reply Send header: 64(T_DNT) 7 13 131
	6_process_manage_reply Send Content: 1	test_key_0	1556250650	test_val_0_version=0	

--8(26)--	7_process_manage_reply Send Content: 3	test_key_1	1556250652	test_val_1_version=1	test_key_2	1556250652	test_val_2_version=1	test_key_3	1556250652	test_val_3_version=1	

--4(13)--	 Before KV List: 0  intervals: 2

	 Finish KV List: 0
	<<<--- Node 8:    Key: test_key_1    Version: 1556250652    Value: test_val_1_version=1 --->>>
--11(33)--	<<<--- Node 8:    Key: test_key_2    Version: 1556250652    Value: test_val_2_version=1 --->>>
--11(35)--	<<<--- Node 8:    Key: test_key_3    Version: 1556250652    Value: test_val_3_version=1 --->>>
--9(28)--	 Finish KV List: 0
	<<<--- Node 8:    Key: test_key_0    Version: 1556250652    Value: test_val_0_version=1 --->>>
--13(40)----11(33)--	~~~~~~~~~~~~~~~ node 8 donates tokens to node 13  ~~~~~~~~~~~~~~
--11(34)----11(35)--	8_process_manage_reply Send header: 64(T_DNT) 8 13 2
--8(24)----9(28)--	8_process_manage_reply Send Content: 0	

--9(27)----13(40)----6(19)----11(34)----7(22)----8(24)--	~~~~~~~~~~~~~~~~~~~~~~~~~~~  Got token, todo=5
--12(36)----9(27)----7(23)----12(37)----7(21)----9(29)----6(19)----5(16)----7(22)----4(12)----12(36)----13(41)----7(23)----10(31)----12(37)----10(32)----5(15)----7(21)----12(38)----9(29)----8(25)----5(16)----13(39)----4(12)----6(18)----13(41)----6(20)----10(31)----5(17)----10(32)----4(14)----5(15)----10(30)--	~~~~~~~~~~~~~~~~~~~~~~~~~~~  Got token, todo=4
--12(38)----8(26)----8(25)----4(13)----13(39)--
--6(18)----6(20)--	<<<--- Node 12:    Key: test_key_4    Version: 1556250652    Value: test_val_4_version=1 --->>>
--5(17)--	<<<--- Node 12:    Key: test_key_0    Version: 1556250652    Value: test_val_0_version=1 --->>>
--4(14)--	~~~~~~~~~~~~~~~ node 12 donates tokens to node 13  ~~~~~~~~~~~~~~
--10(30)--	12_process_manage_reply Send header: 64(T_DNT) 12 13 2
--8(26)--	12_process_manage_reply Send Content: 0	

--4(13)--
	<<<--- Node 10:    Key: test_key_0    Version: 1556250652    Value: test_val_0_version=1 --->>>
	~~~~~~~~~~~~~~~ node 10 donates tokens to node 13  ~~~~~~~~~~~~~~
	10_process_manage_reply Send header: 64(T_DNT) 10 13 2
	10_process_manage_reply Send Content: 0	

	~~~~~~~~~~~~~~~~~~~~~~~~~~~  Got token, todo=3
	~~~~~~~~~~~~~~~~~~~~~~~~~~~  Got token, todo=2
	~~~~~~~~~~~~~~~~~~~~~~~~~~~  Got token, todo=1
<<< Done Collecting tokens...
	----ACK sending----
	GTStoreStorage::init Send header: 0(T) -1 13 0
	----ACK sent----
<<< manage_node_request: Exiting
I am node 5, I want to leave
--11(33)----11(35)----9(28)----13(40)----11(34)----8(24)----9(27)----6(19)----7(22)----12(36)----7(23)----12(37)----7(21)----9(29)----5(16)----4(12)----13(41)----10(31)----10(32)----5(15)----12(38)----8(25)----13(39)----6(18)----6(20)----5(17)----4(14)----10(30)----8(26)----4(13)--
	<<<--- Node 5:    Key: test_key_4    Version: 1556250652    Value: test_val_4_version=1 --->>>
	<<<--- Node 5:    Key: test_key_0    Version: 1556250652    Value: test_val_0_version=1 --->>>
>>> remove_storage_node	sid=5
<<< storage node 5 removed
	GTStoreStorage::leave Send header: 64(T_DNT) 5 6 45
	GTStoreStorage::leave Send Content: 1	test_key_0	1556250652	test_val_0_version=1	

~~~~~~~~~~~ Node 5 donates to node 6 before leaving
	GTStoreStorage::leave Send header: 64(T_DNT) 5 13 45
	GTStoreStorage::leave Send Content: 1	test_key_4	1556250652	test_val_4_version=1	

Process donate req from 6
~~~~~~~~~~~ Node 5 donates to node 13 before leaving
--11(33)--~~~~~~~~~~~ Node 5 detached from manager
--11(35)--	GTStoreStorage::leave Send header: 130(T_FWD_LEA) 5 5 0
--9(28)----13(40)----11(34)----8(24)----9(27)----6(19)----7(22)----12(36)----7(23)----12(37)----7(21)-->>> GTStoreManager: manage_node_request_leave
--9(29)--Process donate req from 13
#nodes= 10
--5(16)-->>> remove_storage_node	sid=5
--4(12)----11(33)----13(41)----10(31)----11(35)----10(32)----9(28)----5(15)--<<< storage node 5 removed
--13(40)----12(38)--#nodes= 9
--11(34)----8(25)--Sending close to 4
--8(24)----13(39)----9(27)----6(18)----6(19)----6(20)----7(22)----5(17)----12(36)----4(14)----7(23)--	manage_node_request_leave Send header: 136(T_MNG_LEA) 5 5 0
--10(30)----12(37)----8(26)----7(21)--	Manager send leaving message:---------------
--4(13)----9(29)-- header: 136(T_MNG_LEA) 5 5 0
--5(16)--
--4(12)--Sending close to 6
	<<<--- Node 6:    Key: test_key_1    Version: 1556250652    Value: test_val_1_version=1 --->>>
--13(41)-->>> remove_storage_node	sid=5
	<<<--- Node 6:    Key: test_key_2    Version: 1556250652    Value: test_val_2_version=1 --->>>
--10(31)--	manage_node_request_leave Send header: 136(T_MNG_LEA) 5 5 0
	<<<--- Node 6:    Key: test_key_3    Version: 1556250652    Value: test_val_3_version=1 --->>>
--10(32)--<<< storage node 5 removed
	Manager send leaving message:---------------
--5(15)-- header: 136(T_MNG_LEA) 5 5 0
--12(38)----8(25)--Sending close to 7
After accept donation from 5:--13(39)----11(33)----6(18)----11(35)--	manage_node_request_leave Send header: 136(T_MNG_LEA) 5 5 0
--6(20)----9(28)----5(17)--	Manager send leaving message:---------------
--13(40)----4(14)-- header: 136(T_MNG_LEA) 5 5 0
--11(34)----10(30)----8(24)--Sending close to 8
--8(26)----9(27)----4(13)----6(19)-->>> remove_storage_node	sid=5

--7(22)--	<<<--- Node 13:    Key: test_key_1    Version: 1556250652    Value: test_val_1_version=1 --->>>
	manage_node_request_leave Send header: 136(T_MNG_LEA) 5 5 0
--12(36)--	<<<--- Node 13:    Key: test_key_3    Version: 1556250652    Value: test_val_3_version=1 --->>>
	Manager send leaving message:---------------
--7(23)--<<< storage node 5 removed
	<<<--- Node 13:    Key: test_key_2    Version: 1556250652    Value: test_val_2_version=1 --->>>
 header: 136(T_MNG_LEA) 5 5 0
--12(37)--	<<<--- Node 13:    Key: test_key_0    Version: 1556250650    Value: test_val_0_version=0 --->>>
Sending close to 9
--7(21)----9(29)-->>> remove_storage_node	sid=5
--5(16)--	manage_node_request_leave Send header: 136(T_MNG_LEA) 5 5 0
--4(12)----13(41)--After accept donation from 5:--10(31)--	Manager send leaving message:---------------
<<< storage node 5 removed
--11(33)----10(32)-- header: 136(T_MNG_LEA) 5 5 0
--11(35)----5(15)-->>> remove_storage_node	sid=5
Sending close to 10
--9(28)----12(38)----13(40)----8(25)----11(34)--<<< storage node 5 removed
--13(39)----8(24)--	manage_node_request_leave Send header: 136(T_MNG_LEA) 5 5 0
--6(18)----9(27)----6(20)----6(19)--	Manager send leaving message:---------------
--5(17)----7(22)-- header: 136(T_MNG_LEA) 5 5 0
--4(14)----12(36)--Sending close to 11
--10(30)----7(23)-->>> remove_storage_node	sid=5
--8(26)----12(37)--	manage_node_request_leave Send header: 136(T_MNG_LEA) 5 5 0
--4(13)----7(21)--
	Manager send leaving message:---------------
--9(29)-- header: 136(T_MNG_LEA) 5 5 0
	<<<--- Node 6:    Key: test_key_1    Version: 1556250652    Value: test_val_1_version=1 --->>>
<<< storage node 5 removed
--5(16)--Sending close to 12
	<<<--- Node 6:    Key: test_key_2    Version: 1556250652    Value: test_val_2_version=1 --->>>
--4(12)-->>> remove_storage_node	sid=5
	<<<--- Node 6:    Key: test_key_3    Version: 1556250652    Value: test_val_3_version=1 --->>>
--13(41)--	manage_node_request_leave Send header: 136(T_MNG_LEA) 5 5 0
	<<<--- Node 6:    Key: test_key_0    Version: 1556250652    Value: test_val_0_version=1 --->>>
--10(31)--<<< storage node 5 removed
	Manager send leaving message:---------------
--10(32)-- header: 136(T_MNG_LEA) 5 5 0
--5(15)----12(38)--Sending close to 13
--8(25)----13(39)-->>> remove_storage_node	sid=5
--6(18)--	manage_node_request_leave Send header: 136(T_MNG_LEA) 5 5 0
--6(20)-->>> remove_storage_node	sid=5
<<< storage node 5 removed
	Manager send leaving message:---------------
--5(17)-- header: 136(T_MNG_LEA) 5 5 0
--4(14)--<<< storage node 5 removed
--10(30)--<<< GTStoreManager: manage_node_request_leave
--8(26)--	manage_node_request_leave Send header: 136(T_MNG_LEA) 5 5 0
--4(13)--
	<<<--- Node 13:    Key: test_key_1    Version: 1556250652    Value: test_val_1_version=1 --->>>
	<<<--- Node 13:    Key: test_key_3    Version: 1556250652    Value: test_val_3_version=1 --->>>
	<<<--- Node 13:    Key: test_key_2    Version: 1556250652    Value: test_val_2_version=1 --->>>
	<<<--- Node 13:    Key: test_key_4    Version: 1556250652    Value: test_val_4_version=1 --->>>
	<<<--- Node 13:    Key: test_key_0    Version: 1556250650    Value: test_val_0_version=0 --->>>
>>> remove_storage_node	sid=5
<<< storage node 5 removed
========================
========================
=== Starting Storage Node 14...
	GTStoreStorage::init Send header: 2(T_FWD) -1 -1 1
	GTStoreStorage::init Send Content: 3

Sent request to manager
>>> manage_node_request: Entering with 3 requested vnodes
>>> add_storage_node
	sid=14
	vid=42
	vid=43
	vid=44
--11(33)----14(43)----11(35)----9(28)----13(40)----11(34)----8(24)----9(27)----6(19)----7(22)----12(36)----7(23)----12(37)----7(21)----9(29)----4(12)----13(41)----10(31)----10(32)----12(38)----8(25)----13(39)----6(18)----6(20)----4(14)----10(30)----14(44)----8(26)----4(13)----14(42)--
	computing.......42
>>>>>>>>>>>>>> 42
>>>>>>>>>>>>>> 13
>>>>>>>>>>>>>> 26
>>>>>>>>>>>>>> 44
		||||----Donate: 13, [44, 26)----||||
		||||----Donate: 8, [26, 13)----||||
		||||----Donate: 6, [13, 42)----||||
	computing.......43
>>>>>>>>>>>>>> 43
>>>>>>>>>>>>>> 33
>>>>>>>>>>>>>> 42
		||||----Donate: 6, [42, 33)----||||
		||||----Donate: 6, [33, 43)----||||
	computing.......44
>>>>>>>>>>>>>> 44
>>>>>>>>>>>>>> 30
>>>>>>>>>>>>>> 14
>>>>>>>>>>>>>> 20
>>>>>>>>>>>>>> 18
>>>>>>>>>>>>>> 39
>>>>>>>>>>>>>> 25
		||||----Donate: 8, [25, 39)----||||
		||||----Donate: 11, [39, 18)----||||
		||||----Donate: 11, [18, 20)----||||
		||||----Donate: 9, [20, 14)----||||
		||||----Donate: 9, [14, 30)----||||
		||||----Donate: 13, [30, 44)----||||
		find 5 donators
	manage_node_request Send header: 40(T_MNG_REP) -1 14 168
	manage_node_request Send Content: 30	12 4	13 4	14 4	18 6	19 6	20 6	21 7	22 7	23 7	24 8	25 8	26 8	27 9	28 9	29 9	30 10	31 10	32 1033 11	34 11	35 11	36 12	37 12	38 12	39 13	40 13	41 13	42 14	43 14	44 14	

Sent reply to manager
	vid=12
{12, 4}		vid=13
{13, 4}		vid=14
{14, 4}		vid=18
{18, 6}		vid=19
{19, 6}		vid=20
{20, 6}		vid=21
{21, 7}		vid=22
{22, 7}		vid=23
{23, 7}		vid=24
{24, 8}		vid=25
{25, 8}		vid=26
{26, 8}		vid=27
{27, 9}		vid=28
{28, 9}		vid=29
{29, 9}		vid=30
{30, 10}		vid=31
{31, 10}		vid=32
{32, 10}		vid=33
{33, 11}		vid=34
{34, 11}		vid=35
{35, 11}		vid=36
{36, 12}		vid=37
{37, 12}		vid=38
{38, 12}		vid=39
{39, 13}		vid=40
{40, 13}		vid=41
{41, 13}		vid=42
{42, 14}		vid=43
{43, 14}		vid=44
{44, 14}	
Successfully add self to manager!  Node ID = 14
	GTStoreStorage::init Send header: 0(T) -1 14 0
Inside GTStoreStorage::init() nodes 10/5
>>> Collecting tokens...
	manage_node_request: Broadcast new node 14 to old storage nodes
	manage_node_request Send header: 40(T_MNG_REP) -1 14 11
	manage_node_request Send Content: 3	42	43	44	

	manage_node_request Send header: 104(T_MNG_REP_DNT) -1 14 11
	manage_node_request Send Content: 3	42	43	44	

	manage_node_request Send header: 104(T_MNG_REP_DNT) -1 14 20
>>> GTStoreStorage::process_manage_reply: Entering	14 join, 3 vnodes
	manage_node_request Send Content: 3	13 42	42 33	33 43	

	3
>>> add_storage_node
>>> GTStoreStorage::process_manage_reply: Entering	14 join, 3 vnodes
	sid=14
	manage_node_request Send header: 40(T_MNG_REP) -1 14 11
	3
	manage_node_request Send Content: 3	42	43	44	

	vid=42
>>> add_storage_node
	sid=14
	vid=43
	vid=42
	manage_node_request Send header: 104(T_MNG_REP_DNT) -1 14 11
	vid=44
	vid=43
>>> GTStoreStorage::process_manage_reply: Entering	14 join, 3 vnodes
	manage_node_request Send Content: 3	42	43	44	

	add a new storage node !  Node ID = 4, New Node ID = 14
	vid=44
	3
	add a new storage node !  Node ID = 6, New Node ID = 14
>>> add_storage_node
	manage_node_request Send header: 104(T_MNG_REP_DNT) -1 14 14
	sid=14
	manage_node_request Send Content: 2	26 13	25 39	

	vid=42
>>> GTStoreStorage::process_manage_reply: Entering	14 join, 3 vnodes
	vid=43
	3
	 Before KV List: 0  intervals: 3
	vid=44
>>> add_storage_node
	manage_node_request Send header: 104(T_MNG_REP_DNT) -1 14 11
	add a new storage node !  Node ID = 7, New Node ID = 14
	sid=14
	manage_node_request Send Content: 3	42	43	44	

	vid=42
	manage_node_request Send header: 104(T_MNG_REP_DNT) -1 14 14
	vid=43
	manage_node_request Send Content: 2	20 14	14 30	

	vid=44
	add a new storage node !  Node ID = 8, New Node ID = 14
>>> GTStoreStorage::process_manage_reply: Entering	14 join, 3 vnodes
	manage_node_request Send header: 40(T_MNG_REP) -1 14 11
	3
	manage_node_request Send Content: 3	42	43	44	

	 Finish KV List: 1
>>> add_storage_node
--11(33)--	sid=14
--14(43)----11(35)--	 Before KV List: 0  intervals: 2
	vid=42
--9(28)--	manage_node_request Send header: 104(T_MNG_REP_DNT) -1 14 11
--13(40)--	vid=43
	manage_node_request Send Content: 3	42	43	44	

--11(34)-->>> GTStoreStorage::process_manage_reply: Entering	14 join, 3 vnodes
	vid=44
--8(24)--	manage_node_request Send header: 104(T_MNG_REP_DNT) -1 14 14
	3
--9(27)--	add a new storage node !  Node ID = 9, New Node ID = 14
	manage_node_request Send Content: 2	39 18	18 20	

>>> add_storage_node
--6(19)--	sid=14
--7(22)-->>> GTStoreStorage::process_manage_reply: Entering	14 join, 3 vnodes
--12(36)--	3
	vid=42
--7(23)--	manage_node_request Send header: 40(T_MNG_REP) -1 14 11
>>> add_storage_node
	 Finish KV List: 0
	 Before KV List: 0  intervals: 2
--12(37)--	manage_node_request Send Content: 3	42	43	44	

	sid=14
--11(33)----7(21)--	vid=42
	vid=43
--9(29)----14(43)----4(12)----11(35)--	vid=43
	vid=44
--13(41)--	manage_node_request Send header: 104(T_MNG_REP_DNT) -1 14 11
--9(28)--	vid=44
	add a new storage node !  Node ID = 10, New Node ID = 14
--10(31)--	manage_node_request Send Content: 3	42	43	44	

--13(40)-->>> GTStoreStorage::process_manage_reply: Entering	14 join, 3 vnodes
	add a new storage node !  Node ID = 11, New Node ID = 14
--10(32)----11(34)--	 Finish KV List: 0
	manage_node_request Send header: 104(T_MNG_REP_DNT) -1 14 14
--12(38)----8(24)----11(33)--	manage_node_request Send Content: 2	44 26	30 44	

--8(25)----9(27)--	3
--14(43)----13(39)----6(19)-->>> GTStoreStorage::process_manage_reply: Entering	14 join, 3 vnodes
--11(35)-->>> add_storage_node
--6(18)----7(22)--	3
--9(28)--	sid=14
--6(20)----12(36)--	 Before KV List: 0  intervals: 2
>>> add_storage_node
--13(40)--	vid=42
--4(14)----7(23)--	sid=14
--11(34)----10(30)--	vid=43
--12(37)----8(24)--	vid=42
--14(44)--	vid=44
--7(21)----9(27)----8(26)--	vid=43
	add a new storage node !  Node ID = 12, New Node ID = 14
--9(29)----6(19)----4(13)--	vid=44
	 Finish KV List: 0
--4(12)----7(22)----14(42)--	add a new storage node !  Node ID = 13, New Node ID = 14
--11(33)----13(41)----12(36)--
--14(43)----10(31)----7(23)--	<<<--- Node 6:    Key: test_key_1    Version: 1556250652    Value: test_val_1_version=1 --->>>
--11(35)----10(32)----9(28)----12(37)--	<<<--- Node 6:    Key: test_key_3    Version: 1556250652    Value: test_val_3_version=1 --->>>
--12(38)----13(40)----7(21)----11(34)--	<<<--- Node 6:    Key: test_key_0    Version: 1556250652    Value: test_val_0_version=1 --->>>
--8(25)----9(29)----8(24)--	 Before KV List: 0  intervals: 2
--13(39)--	~~~~~~~~~~~~~~~ node 6 donates tokens to node 14  ~~~~~~~~~~~~~~
--4(12)----9(27)----13(41)----6(18)--	6_process_manage_reply Send header: 64(T_DNT) 6 14 45
--6(19)----10(31)----6(20)--	6_process_manage_reply Send Content: 1	test_key_2	1556250652	test_val_2_version=1	

--7(22)----10(32)----4(14)----12(36)----12(38)----10(30)----7(23)----8(25)----14(44)----12(37)----13(39)----8(26)----7(21)----6(18)----4(13)----9(29)----6(20)----14(42)----4(12)--	~~~~~~~~~~~~~~~~~~~~~~~~~~~  Got token, todo=5
--4(14)--
--10(30)----13(41)--	<<<--- Node 8:    Key: test_key_1    Version: 1556250652    Value: test_val_1_version=1 --->>>
--14(44)----10(31)--	 Finish KV List: 0
	<<<--- Node 8:    Key: test_key_2    Version: 1556250652    Value: test_val_2_version=1 --->>>
--8(26)----10(32)----11(33)----12(38)--	<<<--- Node 8:    Key: test_key_3    Version: 1556250652    Value: test_val_3_version=1 --->>>
--4(13)----14(43)----8(25)----14(42)--	<<<--- Node 8:    Key: test_key_0    Version: 1556250652    Value: test_val_0_version=1 --->>>
--11(35)----13(39)--
	~~~~~~~~~~~~~~~ node 8 donates tokens to node 14  ~~~~~~~~~~~~~~
--9(28)----6(18)--	<<<--- Node 9:    Key: test_key_2    Version: 1556250652    Value: test_val_2_version=1 --->>>
--13(40)----6(20)--	8_process_manage_reply Send header: 64(T_DNT) 8 14 2
	<<<--- Node 9:    Key: test_key_4    Version: 1556250652    Value: test_val_4_version=1 --->>>
--11(34)----4(14)--	8_process_manage_reply Send Content: 0	

	<<<--- Node 9:    Key: test_key_3    Version: 1556250652    Value: test_val_3_version=1 --->>>
--8(24)----10(30)--	<<<--- Node 9:    Key: test_key_1    Version: 1556250652    Value: test_val_1_version=1 --->>>
--9(27)----14(44)--	~~~~~~~~~~~~~~~ node 9 donates tokens to node 14  ~~~~~~~~~~~~~~
--6(19)----8(26)--	9_process_manage_reply Send header: 64(T_DNT) 9 14 2
--7(22)----4(13)--	9_process_manage_reply Send Content: 0	

	~~~~~~~~~~~~~~~~~~~~~~~~~~~  Got token, todo=4
--12(36)----14(42)----7(23)--
--12(37)----7(21)--	<<<--- Node 11:    Key: test_key_2    Version: 1556250652    Value: test_val_2_version=1 --->>>
--9(29)--	<<<--- Node 11:    Key: test_key_3    Version: 1556250652    Value: test_val_3_version=1 --->>>
--4(12)--	~~~~~~~~~~~~~~~~~~~~~~~~~~~  Got token, todo=3
	<<<--- Node 11:    Key: test_key_1    Version: 1556250652    Value: test_val_1_version=1 --->>>
--13(41)--	~~~~~~~~~~~~~~~ node 11 donates tokens to node 14  ~~~~~~~~~~~~~~
--10(31)----10(32)--	11_process_manage_reply Send header: 64(T_DNT) 11 14 2
--12(38)--	11_process_manage_reply Send Content: 0	

--8(25)----13(39)----6(18)----6(20)----4(14)----10(30)----14(44)----8(26)----4(13)----14(42)--	~~~~~~~~~~~~~~~~~~~~~~~~~~~  Got token, todo=2

	<<<--- Node 13:    Key: test_key_1    Version: 1556250652    Value: test_val_1_version=1 --->>>
	<<<--- Node 13:    Key: test_key_3    Version: 1556250652    Value: test_val_3_version=1 --->>>
	<<<--- Node 13:    Key: test_key_2    Version: 1556250652    Value: test_val_2_version=1 --->>>
	<<<--- Node 13:    Key: test_key_4    Version: 1556250652    Value: test_val_4_version=1 --->>>
	<<<--- Node 13:    Key: test_key_0    Version: 1556250650    Value: test_val_0_version=0 --->>>
	~~~~~~~~~~~~~~~ node 13 donates tokens to node 14  ~~~~~~~~~~~~~~
	13_process_manage_reply Send header: 64(T_DNT) 13 14 2
	13_process_manage_reply Send Content: 0	

	~~~~~~~~~~~~~~~~~~~~~~~~~~~  Got token, todo=1
<<< Done Collecting tokens...
	----ACK sending----
	GTStoreStorage::init Send header: 0(T) -1 14 0
	----ACK sent----
<<< manage_node_request: Exiting
I am node 4, I want to leave
--11(33)----14(43)----11(35)----9(28)----13(40)----11(34)----8(24)----9(27)----6(19)----7(22)----12(36)----7(23)----12(37)----7(21)----9(29)----4(12)----13(41)----10(31)----10(32)----12(38)----8(25)----13(39)----6(18)----6(20)----4(14)----10(30)----14(44)----8(26)----4(13)----14(42)--
	<<<--- Node 4:    Key: test_key_4    Version: 1556250652    Value: test_val_4_version=1 --->>>
>>> remove_storage_node	sid=4
<<< storage node 4 removed
	GTStoreStorage::leave Send header: 64(T_DNT) 4 10 45
	GTStoreStorage::leave Send Content: 1	test_key_4	1556250652	test_val_4_version=1	

~~~~~~~~~~~ Node 4 donates to node 10 before leaving
~~~~~~~~~~~ Node 4 detached from manager
	GTStoreStorage::leave Send header: 130(T_FWD_LEA) 4 4 0
Process donate req from 10
--11(33)----14(43)----11(35)----9(28)----13(40)----11(34)----8(24)----9(27)----6(19)-->>> GTStoreManager: manage_node_request_leave
--7(22)--#nodes= 10
--12(36)-->>> remove_storage_node	sid=4
--7(23)----12(37)----7(21)----9(29)----4(12)--<<< storage node 4 removed
--13(41)--#nodes= 9
--10(31)--Sending close to 6
--10(32)----12(38)----8(25)----13(39)----6(18)----6(20)----4(14)----10(30)--	manage_node_request_leave Send header: 136(T_MNG_LEA) 4 4 0
--14(44)----8(26)----4(13)--	Manager send leaving message:---------------
--14(42)-- header: 136(T_MNG_LEA) 4 4 0

	<<<--- Node 10:    Key: test_key_0    Version: 1556250652    Value: test_val_0_version=1 --->>>
Sending close to 7
	manage_node_request_leave Send header: 136(T_MNG_LEA) 4 4 0
>>> remove_storage_node	sid=4
After accept donation from 4:	Manager send leaving message:---------------
--11(33)-- header: 136(T_MNG_LEA) 4 4 0
--14(43)----11(35)----9(28)--Sending close to 8
--13(40)--<<< storage node 4 removed
--11(34)----8(24)----9(27)--	manage_node_request_leave Send header: 136(T_MNG_LEA) 4 4 0
--6(19)-->>> remove_storage_node	sid=4
--7(22)--	Manager send leaving message:---------------
--12(36)----7(23)-- header: 136(T_MNG_LEA) 4 4 0
--12(37)--<<< storage node 4 removed
--7(21)--Sending close to 9
--9(29)----4(12)-->>> remove_storage_node	sid=4
--13(41)----10(31)--	manage_node_request_leave Send header: 136(T_MNG_LEA) 4 4 0
--10(32)----12(38)--<<< storage node 4 removed
	Manager send leaving message:---------------
--8(25)-- header: 136(T_MNG_LEA) 4 4 0
--13(39)----6(18)----6(20)--Sending close to 10
--4(14)----10(30)----14(44)----8(26)----4(13)--	manage_node_request_leave Send header: 136(T_MNG_LEA) 4 4 0
--14(42)--
>>> remove_storage_node	sid=4
	Manager send leaving message:---------------
	<<<--- Node 10:    Key: test_key_4    Version: 1556250652    Value: test_val_4_version=1 --->>>
 header: 136(T_MNG_LEA) 4 4 0
	<<<--- Node 10:    Key: test_key_0    Version: 1556250652    Value: test_val_0_version=1 --->>>
Sending close to 11
<<< storage node 4 removed
	manage_node_request_leave Send header: 136(T_MNG_LEA) 4 4 0
	Manager send leaving message:---------------
 header: 136(T_MNG_LEA) 4 4 0
>>> remove_storage_node	sid=4
Sending close to 12
<<< storage node 4 removed
	manage_node_request_leave Send header: 136(T_MNG_LEA) 4 4 0
	Manager send leaving message:---------------
 header: 136(T_MNG_LEA) 4 4 0
>>> remove_storage_node	sid=4
Sending close to 13
	manage_node_request_leave Send header: 136(T_MNG_LEA) 4 4 0
<<< storage node 4 removed
	Manager send leaving message:---------------
 header: 136(T_MNG_LEA) 4 4 0
Sending close to 14
>>> remove_storage_node	sid=4
	manage_node_request_leave Send header: 136(T_MNG_LEA) 4 4 0
	Manager send leaving message:---------------
 header: 136(T_MNG_LEA) 4 4 0
<<< GTStoreManager: manage_node_request_leave
>>> remove_storage_node	sid=4
<<< storage node 4 removed
	manage_node_request_leave Send header: 136(T_MNG_LEA) 4 4 0
<<< storage node 4 removed
>>> remove_storage_node	sid=4
<<< storage node 4 removed
========================
========================
=== Starting Storage Node 15...
	GTStoreStorage::init Send header: 2(T_FWD) -1 -1 1
	GTStoreStorage::init Send Content: 3

Sent request to manager
>>> manage_node_request: Entering with 3 requested vnodes
>>> add_storage_node
	sid=15
	vid=45
	vid=46
	vid=47
--11(33)----14(43)----11(35)----9(28)----13(40)----11(34)----8(24)----9(27)----6(19)----7(22)----12(36)----15(45)----7(23)----15(46)----12(37)----7(21)----9(29)----13(41)----10(31)----10(32)----12(38)----8(25)----13(39)----6(18)----6(20)----15(47)----10(30)----14(44)----8(26)----14(42)--
	computing.......45
>>>>>>>>>>>>>> 45
>>>>>>>>>>>>>> 36
>>>>>>>>>>>>>> 22
>>>>>>>>>>>>>> 19
>>>>>>>>>>>>>> 27
>>>>>>>>>>>>>> 24
		||||----Donate: 13, [24, 27)----||||
		||||----Donate: 13, [27, 19)----||||
		||||----Donate: 10, [19, 22)----||||
		||||----Donate: 10, [22, 36)----||||
		||||----Donate: 10, [36, 45)----||||
	computing.......46
>>>>>>>>>>>>>> 46
>>>>>>>>>>>>>> 23
>>>>>>>>>>>>>> 45
		||||----Donate: 10, [45, 23)----||||
		||||----Donate: 10, [23, 46)----||||
	computing.......47
>>>>>>>>>>>>>> 47
>>>>>>>>>>>>>> 20
>>>>>>>>>>>>>> 18
>>>>>>>>>>>>>> 39
>>>>>>>>>>>>>> 25
>>>>>>>>>>>>>> 38
>>>>>>>>>>>>>> 32
		||||----Donate: 10, [32, 38)----||||
		||||----Donate: 14, [38, 25)----||||
		||||----Donate: 8, [25, 39)----||||
		||||----Donate: 11, [39, 18)----||||
		||||----Donate: 11, [18, 20)----||||
		||||----Donate: 9, [20, 47)----||||
		find 6 donators
	manage_node_request Send header: 40(T_MNG_REP) -1 15 171
	manage_node_request Send Content: 30	18 6	19 6	20 6	21 7	22 7	23 7	24 8	25 8	26 8	27 9	28 9	29 9	30 10	31 10	32 10	33 11	34 11	35 1136 12	37 12	38 12	39 13	40 13	41 13	42 14	43 14	44 14	45 15	46 15	47 15	

Sent reply to manager
	vid=18
{18, 6}		vid=19
{19, 6}		vid=20
{20, 6}		vid=21
{21, 7}		vid=22
{22, 7}		vid=23
{23, 7}		vid=24
{24, 8}		vid=25
{25, 8}		vid=26
{26, 8}		vid=27
{27, 9}		vid=28
{28, 9}		vid=29
{29, 9}		vid=30
{30, 10}		vid=31
{31, 10}		vid=32
{32, 10}		vid=33
{33, 11}		vid=34
{34, 11}		vid=35
{35, 11}		vid=36
{36, 12}		vid=37
{37, 12}		vid=38
{38, 12}		vid=39
{39, 13}		vid=40
{40, 13}		vid=41
{41, 13}		vid=42
{42, 14}		vid=43
{43, 14}		vid=44
{44, 14}		vid=45
{45, 15}		vid=46
{46, 15}		vid=47
{47, 15}	
Successfully add self to manager!  Node ID = 15
	GTStoreStorage::init Send header: 0(T) -1 15 0
Inside GTStoreStorage::init() nodes 10/5
>>> Collecting tokens...
	manage_node_request: Broadcast new node 15 to old storage nodes
	manage_node_request Send header: 40(T_MNG_REP) -1 15 11
	manage_node_request Send Content: 3	45	46	47	

	manage_node_request Send header: 40(T_MNG_REP) -1 15 11
	manage_node_request Send Content: 3	45	46	47	

>>> GTStoreStorage::process_manage_reply: Entering	15 join, 3 vnodes
	3
>>> add_storage_node
	sid=15
	manage_node_request Send header: 104(T_MNG_REP_DNT) -1 15 11
	vid=45
	manage_node_request Send Content: 3	45	46	47	

	vid=46
	manage_node_request Send header: 104(T_MNG_REP_DNT) -1 15 8
>>> GTStoreStorage::process_manage_reply: Entering	15 join, 3 vnodes
	vid=47
	manage_node_request Send Content: 1	25 39	

	3
	add a new storage node !  Node ID = 6, New Node ID = 15
>>> add_storage_node
	sid=15
	vid=45
>>> GTStoreStorage::process_manage_reply: Entering	15 join, 3 vnodes
	manage_node_request Send header: 104(T_MNG_REP_DNT) -1 15 11
	vid=46
	3
	manage_node_request Send Content: 3	45	46	47	

	vid=47
>>> add_storage_node
	add a new storage node !  Node ID = 7, New Node ID = 15
	sid=15
	manage_node_request Send header: 104(T_MNG_REP_DNT) -1 15 8
	vid=45
	manage_node_request Send Content: 1	20 47	

	vid=46
	vid=47
	add a new storage node !  Node ID = 8, New Node ID = 15
>>> GTStoreStorage::process_manage_reply: Entering	15 join, 3 vnodes
	manage_node_request Send header: 104(T_MNG_REP_DNT) -1 15 11
	3
	manage_node_request Send Content: 3	45	46	47	

>>> add_storage_node
	sid=15
	manage_node_request Send header: 104(T_MNG_REP_DNT) -1 15 38
	manage_node_request Send Content: 6	19 22	22 36	36 45	45 23	23 46	32 38	

	vid=45
	 Before KV List: 0  intervals: 1
	vid=46
>>> GTStoreStorage::process_manage_reply: Entering	15 join, 3 vnodes
	vid=47
	manage_node_request Send header: 104(T_MNG_REP_DNT) -1 15 11
	3
	manage_node_request Send Content: 3	45	46	47	

	add a new storage node !  Node ID = 9, New Node ID = 15
>>> add_storage_node
	sid=15
	manage_node_request Send header: 104(T_MNG_REP_DNT) -1 15 14
	manage_node_request Send Content: 2	39 18	18 20	

	vid=45
	vid=46
	 Finish KV List: 0
	vid=47
--11(33)--	add a new storage node !  Node ID = 10, New Node ID = 15
>>> GTStoreStorage::process_manage_reply: Entering	15 join, 3 vnodes
--14(43)--	manage_node_request Send header: 40(T_MNG_REP) -1 15 11
	 Before KV List: 0  intervals: 1
	3
--11(35)--	manage_node_request Send Content: 3	45	46	47	

>>> add_storage_node
--9(28)--	sid=15
	 Before KV List: 0  intervals: 6
--13(40)--	vid=45
--11(34)----8(24)--	vid=46
--9(27)--	vid=47
	manage_node_request Send header: 104(T_MNG_REP_DNT) -1 15 11
--6(19)--	add a new storage node !  Node ID = 11, New Node ID = 15
	manage_node_request Send Content: 3	45	46	47	

--7(22)-->>> GTStoreStorage::process_manage_reply: Entering	15 join, 3 vnodes
--12(36)--	3
--15(45)--	 Finish KV List: 1
	manage_node_request Send header: 104(T_MNG_REP_DNT) -1 15 14
>>> add_storage_node
--7(23)----11(33)--	 Finish KV List: 0
	manage_node_request Send Content: 2	24 27	27 19	

	sid=15
--15(46)----14(43)----11(33)--	 Before KV List: 0  intervals: 2
>>> GTStoreStorage::process_manage_reply: Entering	15 join, 3 vnodes
--12(37)--	vid=45
	manage_node_request Send header: 104(T_MNG_REP_DNT) -1 15 11
--11(35)----14(43)--	3
--7(21)-->>> add_storage_node
	manage_node_request Send Content: 3	45	46	47	

	vid=46
--9(28)----11(35)----9(29)--	sid=15
	vid=47
--13(40)--	manage_node_request Send header: 104(T_MNG_REP_DNT) -1 15 8
--9(28)----13(41)--	add a new storage node !  Node ID = 12, New Node ID = 15
--11(34)--	vid=45
	manage_node_request Send Content: 1	38 25	

--13(40)----10(31)--	 Finish KV List: 0
--8(24)--	vid=46
--11(34)----10(32)-->>> GTStoreStorage::process_manage_reply: Entering	15 join, 3 vnodes
--11(33)----9(27)----8(24)--	vid=47
--12(38)--	3
--14(43)----6(19)----9(27)--	add a new storage node !  Node ID = 13, New Node ID = 15
--8(25)-->>> add_storage_node
--11(35)--	sid=15
--7(22)----6(19)----13(39)----9(28)----12(36)--	vid=45
--7(22)----6(18)----13(40)----15(45)----12(36)--	vid=46
--6(20)----11(34)--	 Before KV List: 0  intervals: 2
--7(23)----15(45)----15(46)--	vid=47
--15(47)----8(24)----7(23)----12(37)--	add a new storage node !  Node ID = 14, New Node ID = 15
--10(30)----9(27)----15(46)----7(21)----14(44)----6(19)----12(37)----9(29)----8(26)----7(22)----7(21)----13(41)----14(42)----12(36)----9(29)--	 Before KV List: 0  intervals: 1
--10(31)--
--15(45)----13(41)----10(32)--	<<<--- Node 8:    Key: test_key_1    Version: 1556250652    Value: test_val_1_version=1 --->>>
--7(23)--	 Finish KV List: 0
--10(31)----12(38)--	<<<--- Node 8:    Key: test_key_2    Version: 1556250652    Value: test_val_2_version=1 --->>>
--15(46)--	 Finish KV List: 0
--11(33)----10(32)----8(25)--	<<<--- Node 8:    Key: test_key_3    Version: 1556250652    Value: test_val_3_version=1 --->>>
--12(37)----11(33)----14(43)----12(38)----13(39)--	<<<--- Node 8:    Key: test_key_0    Version: 1556250652    Value: test_val_0_version=1 --->>>
--7(21)----14(43)----11(35)----8(25)----6(18)----9(29)--	~~~~~~~~~~~~~~~ node 8 donates tokens to node 15  ~~~~~~~~~~~~~~
--11(35)----9(28)----13(39)----6(20)----13(41)----9(28)--	8_process_manage_reply Send header: 64(T_DNT) 8 15 2
--13(40)----6(18)----15(47)----10(31)----13(40)--	8_process_manage_reply Send Content: 0	

--11(34)----6(20)----10(30)----10(32)----11(34)----8(24)----15(47)----14(44)----12(38)----8(24)----9(27)----10(30)----8(26)----8(25)----9(27)----13(39)----6(19)----14(44)----14(42)----6(19)--
--6(18)----7(22)----8(26)--	~~~~~~~~~~~~~~~~~~~~~~~~~~~  Got token, todo=6
--7(22)----6(20)--	<<<--- Node 10:    Key: test_key_0    Version: 1556250652    Value: test_val_0_version=1 --->>>
--12(36)----14(42)----15(45)----12(36)----7(23)----15(47)--
	~~~~~~~~~~~~~~~ node 10 donates tokens to node 15  ~~~~~~~~~~~~~~
--15(46)--	<<<--- Node 9:    Key: test_key_2    Version: 1556250652    Value: test_val_2_version=1 --->>>
--15(45)----10(30)----12(37)--	10_process_manage_reply Send header: 64(T_DNT) 10 15 45
	<<<--- Node 9:    Key: test_key_4    Version: 1556250652    Value: test_val_4_version=1 --->>>
--7(23)----14(44)----7(21)--	10_process_manage_reply Send Content: 1	test_key_4	1556250652	test_val_4_version=1	

--15(46)--	<<<--- Node 9:    Key: test_key_3    Version: 1556250652    Value: test_val_3_version=1 --->>>
--8(26)--	<<<--- Node 9:    Key: test_key_1    Version: 1556250652    Value: test_val_1_version=1 --->>>
--9(29)----12(37)----14(42)----13(41)----7(21)--	~~~~~~~~~~~~~~~ node 9 donates tokens to node 15  ~~~~~~~~~~~~~~

--10(31)----9(29)--	<<<--- Node 11:    Key: test_key_2    Version: 1556250652    Value: test_val_2_version=1 --->>>
--10(32)----13(41)--	9_process_manage_reply Send header: 64(T_DNT) 9 15 2
	<<<--- Node 11:    Key: test_key_3    Version: 1556250652    Value: test_val_3_version=1 --->>>
--12(38)----10(31)--	9_process_manage_reply Send Content: 0	

	<<<--- Node 11:    Key: test_key_1    Version: 1556250652    Value: test_val_1_version=1 --->>>
--8(25)----10(32)----13(39)----12(38)--	~~~~~~~~~~~~~~~ node 11 donates tokens to node 15  ~~~~~~~~~~~~~~
--6(18)----8(25)----6(20)----13(39)----15(47)--	11_process_manage_reply Send header: 64(T_DNT) 11 15 2
--6(18)----10(30)--	11_process_manage_reply Send Content: 0	

--6(20)----14(44)----15(47)----8(26)----10(30)----14(42)----14(44)--
	~~~~~~~~~~~~~~~~~~~~~~~~~~~  Got token, todo=5
--8(26)--	<<<--- Node 13:    Key: test_key_1    Version: 1556250652    Value: test_val_1_version=1 --->>>
--14(42)--	<<<--- Node 13:    Key: test_key_3    Version: 1556250652    Value: test_val_3_version=1 --->>>

	<<<--- Node 13:    Key: test_key_2    Version: 1556250652    Value: test_val_2_version=1 --->>>
	<<<--- Node 14:    Key: test_key_2    Version: 1556250652    Value: test_val_2_version=1 --->>>
	<<<--- Node 13:    Key: test_key_4    Version: 1556250652    Value: test_val_4_version=1 --->>>
	<<<--- Node 13:    Key: test_key_0    Version: 1556250650    Value: test_val_0_version=0 --->>>
	~~~~~~~~~~~~~~~ node 14 donates tokens to node 15  ~~~~~~~~~~~~~~
	~~~~~~~~~~~~~~~~~~~~~~~~~~~  Got token, todo=4
	~~~~~~~~~~~~~~~ node 13 donates tokens to node 15  ~~~~~~~~~~~~~~
	14_process_manage_reply Send header: 64(T_DNT) 14 15 2
	13_process_manage_reply Send header: 64(T_DNT) 13 15 2
	14_process_manage_reply Send Content: 0	

	13_process_manage_reply Send Content: 0	

	~~~~~~~~~~~~~~~~~~~~~~~~~~~  Got token, todo=3
	~~~~~~~~~~~~~~~~~~~~~~~~~~~  Got token, todo=2
	~~~~~~~~~~~~~~~~~~~~~~~~~~~  Got token, todo=1
<<< Done Collecting tokens...
	----ACK sending----
	GTStoreStorage::init Send header: 0(T) -1 15 0
	----ACK sent----
<<< manage_node_request: Exiting
I am node 6, I want to leave
--11(33)----14(43)----11(35)----9(28)----13(40)----11(34)----8(24)----9(27)----6(19)----7(22)----12(36)----15(45)----7(23)----15(46)----12(37)----7(21)----9(29)----13(41)----10(31)----10(32)----12(38)----8(25)----13(39)----6(18)----6(20)----15(47)----10(30)----14(44)----8(26)----14(42)--
	<<<--- Node 6:    Key: test_key_1    Version: 1556250652    Value: test_val_1_version=1 --->>>
	<<<--- Node 6:    Key: test_key_3    Version: 1556250652    Value: test_val_3_version=1 --->>>
	<<<--- Node 6:    Key: test_key_0    Version: 1556250652    Value: test_val_0_version=1 --->>>
>>> remove_storage_node	sid=6
<<< storage node 6 removed
	GTStoreStorage::leave Send header: 64(T_DNT) 6 15 45
	GTStoreStorage::leave Send Content: 1	test_key_0	1556250652	test_val_0_version=1	

~~~~~~~~~~~ Node 6 donates to node 15 before leaving
	GTStoreStorage::leave Send header: 64(T_DNT) 6 7 88
	GTStoreStorage::leave Send Content: 2	test_key_1	1556250652	test_val_1_version=1	test_key_3	1556250652	test_val_3_version=1	

~~~~~~~~~~~ Node 6 donates to node 7 before leaving
~~~~~~~~~~~ Node 6 detached from manager
	GTStoreStorage::leave Send header: 130(T_FWD_LEA) 6 6 0
Process donate req from 15
--11(33)----14(43)----11(35)----9(28)----13(40)-->>> GTStoreManager: manage_node_request_leave
--11(34)--Process donate req from 7
#nodes= 10
--8(24)-->>> remove_storage_node	sid=6
--11(33)----9(27)----6(19)----14(43)----7(22)----11(35)--<<< storage node 6 removed
--12(36)--#nodes= 9
--9(28)----15(45)--Sending close to 7
--7(23)----13(40)----15(46)----11(34)----12(37)----8(24)----7(21)----9(27)----9(29)----6(19)--	manage_node_request_leave Send header: 136(T_MNG_LEA) 6 6 0
--13(41)----7(22)----10(31)----12(36)--	Manager send leaving message:---------------
--10(32)----15(45)-- header: 136(T_MNG_LEA) 6 6 0
--7(23)----12(38)----15(46)----8(25)----12(37)--Sending close to 8
--13(39)----7(21)----6(18)----9(29)----6(20)----13(41)----15(47)----10(31)----10(30)----10(32)----14(44)--	manage_node_request_leave Send header: 136(T_MNG_LEA) 6 6 0
--12(38)----8(26)----8(25)----14(42)----13(39)--
	Manager send leaving message:---------------
--6(18)--	<<<--- Node 15:    Key: test_key_4    Version: 1556250652    Value: test_val_4_version=1 --->>>
 header: 136(T_MNG_LEA) 6 6 0
--6(20)----15(47)----10(30)--Sending close to 9
--14(44)----8(26)----14(42)--After accept donation from 6:
--11(33)--	manage_node_request_leave Send header: 136(T_MNG_LEA) 6 6 0
--14(43)--	<<<--- Node 7:    Key: test_key_4    Version: 1556250652    Value: test_val_4_version=1 --->>>
--11(35)--	Manager send leaving message:---------------
>>> remove_storage_node	sid=6
--9(28)-- header: 136(T_MNG_LEA) 6 6 0
--13(40)----11(34)--Sending close to 10
--8(24)--After accept donation from 6:<<< storage node 6 removed
--9(27)----11(33)----6(19)----14(43)--	manage_node_request_leave Send header: 136(T_MNG_LEA) 6 6 0
--7(22)----11(35)-->>> remove_storage_node	sid=6
--12(36)--	Manager send leaving message:---------------
--9(28)----15(45)-- header: 136(T_MNG_LEA) 6 6 0
--13(40)--<<< storage node 6 removed
--7(23)-->>> remove_storage_node	sid=6
--11(34)--Sending close to 11
--15(46)----8(24)----12(37)----9(27)--<<< storage node 6 removed
--7(21)----6(19)--	manage_node_request_leave Send header: 136(T_MNG_LEA) 6 6 0
--9(29)----7(22)----13(41)--	Manager send leaving message:---------------
--12(36)----10(31)-- header: 136(T_MNG_LEA) 6 6 0
--15(45)----10(32)----7(23)--Sending close to 12
--12(38)----15(46)----8(25)----12(37)----13(39)----7(21)----6(18)--	manage_node_request_leave Send header: 136(T_MNG_LEA) 6 6 0
--9(29)-->>> remove_storage_node	sid=6
--6(20)----13(41)--	Manager send leaving message:---------------
--15(47)----10(31)-- header: 136(T_MNG_LEA) 6 6 0
--10(30)--<<< storage node 6 removed
>>> remove_storage_node	sid=6
--10(32)----14(44)--Sending close to 13
--12(38)----8(26)--<<< storage node 6 removed
--8(25)----14(42)----13(39)--
	manage_node_request_leave Send header: 136(T_MNG_LEA) 6 6 0
--6(18)--	<<<--- Node 15:    Key: test_key_4    Version: 1556250652    Value: test_val_4_version=1 --->>>
--6(20)--	Manager send leaving message:---------------
	<<<--- Node 15:    Key: test_key_0    Version: 1556250652    Value: test_val_0_version=1 --->>>
--15(47)-- header: 136(T_MNG_LEA) 6 6 0
--10(30)----14(44)--Sending close to 14
--8(26)----14(42)-->>> remove_storage_node	sid=6

	manage_node_request_leave Send header: 136(T_MNG_LEA) 6 6 0
	<<<--- Node 7:    Key: test_key_3    Version: 1556250652    Value: test_val_3_version=1 --->>>
	<<<--- Node 7:    Key: test_key_1    Version: 1556250652    Value: test_val_1_version=1 --->>>
<<< storage node 6 removed
	Manager send leaving message:---------------
	<<<--- Node 7:    Key: test_key_4    Version: 1556250652    Value: test_val_4_version=1 --->>>
 header: 136(T_MNG_LEA) 6 6 0
Sending close to 15
	manage_node_request_leave Send header: 136(T_MNG_LEA) 6 6 0
>>> remove_storage_node	sid=6
	Manager send leaving message:---------------
>>> remove_storage_node	sid=6
 header: 136(T_MNG_LEA) 6 6 0
<<< storage node 6 removed
<<< GTStoreManager: manage_node_request_leave
	manage_node_request_leave Send header: 136(T_MNG_LEA) 6 6 0
<<< storage node 6 removed
>>> remove_storage_node	sid=6
<<< storage node 6 removed
========================
========================
=== Starting Storage Node 16...
	GTStoreStorage::init Send header: 2(T_FWD) -1 -1 1
	GTStoreStorage::init Send Content: 3

Sent request to manager
>>> manage_node_request: Entering with 3 requested vnodes
>>> add_storage_node
	sid=16
	vid=48
	vid=49
	vid=50
--11(33)----14(43)----16(49)----11(35)----9(28)----13(40)----11(34)----8(24)----9(27)----7(22)----12(36)----15(45)----7(23)----15(46)----12(37)----7(21)----9(29)----13(41)----10(31)----10(32)----12(38)----8(25)----16(48)----13(39)----15(47)----10(30)----14(44)----8(26)----16(50)----14(42)--
	computing.......48
>>>>>>>>>>>>>> 48
>>>>>>>>>>>>>> 25
>>>>>>>>>>>>>> 38
>>>>>>>>>>>>>> 32
>>>>>>>>>>>>>> 31
>>>>>>>>>>>>>> 41
>>>>>>>>>>>>>> 29
		||||----Donate: 15, [29, 41)----||||
		||||----Donate: 15, [41, 31)----||||
		||||----Donate: 15, [31, 32)----||||
		||||----Donate: 10, [32, 38)----||||
		||||----Donate: 14, [38, 25)----||||
		||||----Donate: 8, [25, 48)----||||
	computing.......49
>>>>>>>>>>>>>> 49
>>>>>>>>>>>>>> 43
>>>>>>>>>>>>>> 33
>>>>>>>>>>>>>> 42
>>>>>>>>>>>>>> 50
		||||----Donate: 8, [50, 42)----||||
		||||----Donate: 8, [42, 33)----||||
		||||----Donate: 8, [33, 43)----||||
		||||----Donate: 7, [43, 49)----||||
	computing.......50
>>>>>>>>>>>>>> 50
>>>>>>>>>>>>>> 26
>>>>>>>>>>>>>> 44
>>>>>>>>>>>>>> 30
>>>>>>>>>>>>>> 47
>>>>>>>>>>>>>> 39
		||||----Donate: 11, [39, 47)----||||
		||||----Donate: 9, [47, 30)----||||
		||||----Donate: 13, [30, 44)----||||
		||||----Donate: 13, [44, 26)----||||
		||||----Donate: 8, [26, 50)----||||
		find 8 donators
	manage_node_request Send header: 40(T_MNG_REP) -1 16 174
	manage_node_request Send Content: 30	21 7	22 7	23 7	24 8	25 8	26 8	27 9	28 9	29 9	30 10	31 10	32 10	33 11	34 11	35 11	36 12	37 12	38 1239 13	40 13	41 13	42 14	43 14	44 14	45 15	46 15	47 15	48 16	49 16	50 16	

Sent reply to manager
	vid=21
{21, 7}		vid=22
{22, 7}		vid=23
{23, 7}		vid=24
{24, 8}		vid=25
{25, 8}		vid=26
{26, 8}		vid=27
{27, 9}		vid=28
{28, 9}		vid=29
{29, 9}		vid=30
{30, 10}		vid=31
{31, 10}		vid=32
{32, 10}		vid=33
{33, 11}		vid=34
{34, 11}		vid=35
{35, 11}		vid=36
{36, 12}		vid=37
{37, 12}		vid=38
{38, 12}		vid=39
{39, 13}		vid=40
{40, 13}		vid=41
{41, 13}		vid=42
{42, 14}		vid=43
{43, 14}		vid=44
{44, 14}		vid=45
{45, 15}		vid=46
{46, 15}		vid=47
{47, 15}		vid=48
{48, 16}		vid=49
{49, 16}		vid=50
{50, 16}	
Successfully add self to manager!  Node ID = 16
	GTStoreStorage::init Send header: 0(T) -1 16 0
Inside GTStoreStorage::init() nodes 10/5
>>> Collecting tokens...
	manage_node_request: Broadcast new node 16 to old storage nodes
	manage_node_request Send header: 104(T_MNG_REP_DNT) -1 16 11
	manage_node_request Send Content: 3	48	49	50	

	manage_node_request Send header: 104(T_MNG_REP_DNT) -1 16 8
	manage_node_request Send Content: 1	43 49	

>>> GTStoreStorage::process_manage_reply: Entering	16 join, 3 vnodes
	3
>>> add_storage_node
	sid=16
	manage_node_request Send header: 104(T_MNG_REP_DNT) -1 16 11
	vid=48
	manage_node_request Send Content: 3	48	49	50	

	vid=49
	vid=50
	manage_node_request Send header: 104(T_MNG_REP_DNT) -1 16 32
	add a new storage node !  Node ID = 7, New Node ID = 16
	manage_node_request Send Content: 5	25 48	50 42	42 33	33 43	26 50	

	manage_node_request Send header: 104(T_MNG_REP_DNT) -1 16 11
>>> GTStoreStorage::process_manage_reply: Entering	16 join, 3 vnodes
	manage_node_request Send Content: 3	48	49	50	

	3
	 Before KV List: 0  intervals: 1
>>> add_storage_node
	sid=16
	manage_node_request Send header: 104(T_MNG_REP_DNT) -1 16 8
	manage_node_request Send Content: 1	47 30	

	vid=48
	vid=49
	vid=50
	add a new storage node !  Node ID = 8, New Node ID = 16
>>> GTStoreStorage::process_manage_reply: Entering	16 join, 3 vnodes
	manage_node_request Send header: 104(T_MNG_REP_DNT) -1 16 11
	3
	manage_node_request Send Content: 3	48	49	50	

>>> add_storage_node
	sid=16
	 Finish KV List: 1
	manage_node_request Send header: 104(T_MNG_REP_DNT) -1 16 8
	vid=48
	 Before KV List: 0  intervals: 5
--11(33)--	manage_node_request Send Content: 1	32 38	

	vid=49
--14(43)----16(49)--	vid=50
>>> GTStoreStorage::process_manage_reply: Entering	16 join, 3 vnodes
--11(35)--	add a new storage node !  Node ID = 9, New Node ID = 16
	3
--9(28)--	manage_node_request Send header: 104(T_MNG_REP_DNT) -1 16 11
>>> add_storage_node
--13(40)--	manage_node_request Send Content: 3	48	49	50	

	sid=16
--11(34)--	manage_node_request Send header: 104(T_MNG_REP_DNT) -1 16 8
	vid=48
--8(24)--	manage_node_request Send Content: 1	39 47	

	 Before KV List: 0  intervals: 1
	 Finish KV List: 1
--9(27)--	vid=49
--11(33)----7(22)--	vid=50
--14(43)----12(36)-->>> GTStoreStorage::process_manage_reply: Entering	16 join, 3 vnodes
--16(49)--	add a new storage node !  Node ID = 10, New Node ID = 16
	manage_node_request Send header: 40(T_MNG_REP) -1 16 11
--15(45)--	3
--11(35)--	manage_node_request Send Content: 3	48	49	50	

--7(23)-->>> add_storage_node
--9(28)----15(46)--	sid=16
--13(40)--	 Before KV List: 0  intervals: 1
--12(37)--	 Finish KV List: 0
	vid=48
--11(34)--	manage_node_request Send header: 104(T_MNG_REP_DNT) -1 16 11
--7(21)----11(33)-->>> GTStoreStorage::process_manage_reply: Entering	16 join, 3 vnodes
--8(24)--	vid=49
	manage_node_request Send Content: 3	48	49	50	

--9(29)----14(43)--	 Finish KV List: 0
	3
--9(27)--	vid=50
--13(41)----16(49)--	manage_node_request Send header: 104(T_MNG_REP_DNT) -1 16 14
--11(33)-->>> add_storage_node
--7(22)--	add a new storage node !  Node ID = 11, New Node ID = 16
--10(31)----11(35)--	manage_node_request Send Content: 2	30 44	44 26	

--14(43)--	sid=16
--12(36)-->>> GTStoreStorage::process_manage_reply: Entering	16 join, 3 vnodes
--10(32)----9(28)----16(49)--	vid=48
--15(45)--	manage_node_request Send header: 104(T_MNG_REP_DNT) -1 16 11
	3
--12(38)----13(40)----11(35)--	 Before KV List: 0  intervals: 1
--7(23)--	manage_node_request Send Content: 3	48	49	50	

	vid=49
>>> add_storage_node
--8(25)--	manage_node_request Send header: 104(T_MNG_REP_DNT) -1 16 8
--11(34)----9(28)----15(46)--	sid=16
--12(37)--	vid=50
--16(48)--	manage_node_request Send Content: 1	38 25	

--8(24)----13(40)----7(21)--	vid=48
--13(39)--	add a new storage node !  Node ID = 12, New Node ID = 16
--9(27)----11(34)----9(29)----15(47)--	 Finish KV List: 0
	vid=49
--7(22)----8(24)----13(41)----10(30)--	manage_node_request Send header: 104(T_MNG_REP_DNT) -1 16 11
--11(33)-->>> GTStoreStorage::process_manage_reply: Entering	16 join, 3 vnodes
	vid=50
--12(36)----9(27)----15(45)----10(31)----14(44)--	manage_node_request Send Content: 3	48	49	50	

--14(43)--	3
	add a new storage node !  Node ID = 13, New Node ID = 16
--7(22)----7(23)----10(32)----8(26)----16(49)--	manage_node_request Send header: 104(T_MNG_REP_DNT) -1 16 20
>>> add_storage_node
--12(36)----15(46)----12(38)----16(50)----11(35)--	manage_node_request Send Content: 3	29 41	41 31	31 32	

	sid=16
--15(45)----12(37)----8(25)----14(42)----16(48)----9(28)----13(39)-->>> GTStoreStorage::process_manage_reply: Entering	16 join, 3 vnodes
	 Before KV List: 0  intervals: 2
--7(23)----7(21)--	vid=48

--13(40)----15(47)----11(34)--	3
--15(46)-->>> add_storage_node
--12(37)----9(29)--	<<<--- Node 7:    Key: test_key_1    Version: 1556250652    Value: test_val_1_version=1 --->>>
--10(30)----8(24)--	vid=49
	sid=16
--7(21)----13(41)--	<<<--- Node 7:    Key: test_key_4    Version: 1556250652    Value: test_val_4_version=1 --->>>
--14(44)----9(27)----9(29)--	vid=48
	vid=50
--10(31)--	~~~~~~~~~~~~~~~ node 7 donates tokens to node 16  ~~~~~~~~~~~~~~
--8(26)----7(22)----13(41)----10(32)--	vid=49
	add a new storage node !  Node ID = 14, New Node ID = 16
--16(50)--	7_process_manage_reply Send header: 64(T_DNT) 7 16 45
--12(36)----10(31)----12(38)----10(32)--	vid=50
--14(42)--	7_process_manage_reply Send Content: 1	test_key_3	1556250652	test_val_3_version=1	

--15(45)--	 Finish KV List: 0
--8(25)----12(38)--
	add a new storage node !  Node ID = 15, New Node ID = 16
	<<<--- Node 8:    Key: test_key_1    Version: 1556250652    Value: test_val_1_version=1 --->>>
--7(23)----11(33)----16(48)----8(25)--	<<<--- Node 8:    Key: test_key_3    Version: 1556250652    Value: test_val_3_version=1 --->>>
--15(46)----14(43)----13(39)--	 Before KV List: 0  intervals: 1
--16(48)--	<<<--- Node 8:    Key: test_key_0    Version: 1556250652    Value: test_val_0_version=1 --->>>
--12(37)----16(49)----15(47)----13(39)----7(21)--	~~~~~~~~~~~~~~~ node 8 donates tokens to node 16  ~~~~~~~~~~~~~~
--11(35)----10(30)--	 Before KV List: 0  intervals: 3
--15(47)----9(29)----9(28)----14(44)--	8_process_manage_reply Send header: 64(T_DNT) 8 16 45
	 Finish KV List: 0
--10(30)----13(41)----13(40)----8(26)--	8_process_manage_reply Send Content: 1	test_key_2	1556250652	test_val_2_version=1	

--14(44)----11(33)----10(31)----11(34)----16(50)--	~~~~~~~~~~~~~~~~~~~~~~~~~~~  Got token, todo=8
--8(26)----14(43)----10(32)----8(24)----12(38)----14(42)--	 Finish KV List: 1
--16(50)----16(49)----9(27)----8(25)--
--11(33)----14(42)----11(35)----7(22)----16(48)--	<<<--- Node 9:    Key: test_key_2    Version: 1556250652    Value: test_val_2_version=1 --->>>
--14(43)--
--9(28)----12(36)----13(39)--	<<<--- Node 9:    Key: test_key_4    Version: 1556250652    Value: test_val_4_version=1 --->>>
--16(49)--	<<<--- Node 10:    Key: test_key_0    Version: 1556250652    Value: test_val_0_version=1 --->>>
--13(40)----15(45)----15(47)--	<<<--- Node 9:    Key: test_key_3    Version: 1556250652    Value: test_val_3_version=1 --->>>
--11(35)--	~~~~~~~~~~~~~~~ node 10 donates tokens to node 16  ~~~~~~~~~~~~~~
--11(34)----7(23)----10(30)----15(46)--	<<<--- Node 9:    Key: test_key_1    Version: 1556250652    Value: test_val_1_version=1 --->>>
--9(28)----8(24)--	10_process_manage_reply Send header: 64(T_DNT) 10 16 2
	~~~~~~~~~~~~~~~~~~~~~~~~~~~  Got token, todo=7
--14(44)----12(37)--	~~~~~~~~~~~~~~~ node 9 donates tokens to node 16  ~~~~~~~~~~~~~~
--13(40)----9(27)--	10_process_manage_reply Send Content: 0	

--8(26)----7(21)--	9_process_manage_reply Send header: 64(T_DNT) 9 16 2
--11(34)----7(22)----16(50)----9(29)--	9_process_manage_reply Send Content: 0	

--8(24)----12(36)----14(42)----13(41)--
--9(27)----15(45)----10(31)--	<<<--- Node 11:    Key: test_key_2    Version: 1556250652    Value: test_val_2_version=1 --->>>
--7(22)----7(23)----10(32)--	<<<--- Node 11:    Key: test_key_3    Version: 1556250652    Value: test_val_3_version=1 --->>>
--12(36)----15(46)----12(38)--	<<<--- Node 11:    Key: test_key_1    Version: 1556250652    Value: test_val_1_version=1 --->>>
	~~~~~~~~~~~~~~~~~~~~~~~~~~~  Got token, todo=6
--15(45)----12(37)----8(25)--	~~~~~~~~~~~~~~~ node 11 donates tokens to node 16  ~~~~~~~~~~~~~~
--7(21)----7(23)----16(48)--	11_process_manage_reply Send header: 64(T_DNT) 11 16 2
--9(29)----15(46)----13(39)--	~~~~~~~~~~~~~~~~~~~~~~~~~~~  Got token, todo=5
	11_process_manage_reply Send Content: 0	

--13(41)----12(37)----15(47)----7(21)----10(31)----10(30)----9(29)----10(32)----14(44)----13(41)----12(38)----8(26)----10(31)----8(25)--	~~~~~~~~~~~~~~~~~~~~~~~~~~~  Got token, todo=4
--16(50)----10(32)----16(48)----14(42)----12(38)--
--13(39)----8(25)--	<<<--- Node 13:    Key: test_key_1    Version: 1556250652    Value: test_val_1_version=1 --->>>
--15(47)----16(48)--	<<<--- Node 13:    Key: test_key_3    Version: 1556250652    Value: test_val_3_version=1 --->>>
--10(30)----13(39)--	<<<--- Node 13:    Key: test_key_2    Version: 1556250652    Value: test_val_2_version=1 --->>>
--14(44)----15(47)--	<<<--- Node 13:    Key: test_key_4    Version: 1556250652    Value: test_val_4_version=1 --->>>
--8(26)----10(30)--	<<<--- Node 13:    Key: test_key_0    Version: 1556250650    Value: test_val_0_version=0 --->>>
--16(50)----14(44)----14(42)--	~~~~~~~~~~~~~~~ node 13 donates tokens to node 16  ~~~~~~~~~~~~~~
--8(26)--
	13_process_manage_reply Send header: 64(T_DNT) 13 16 2
--16(50)--	13_process_manage_reply Send Content: 0	

	<<<--- Node 14:    Key: test_key_2    Version: 1556250652    Value: test_val_2_version=1 --->>>
--14(42)--
	~~~~~~~~~~~~~~~ node 14 donates tokens to node 16  ~~~~~~~~~~~~~~
	<<<--- Node 15:    Key: test_key_4    Version: 1556250652    Value: test_val_4_version=1 --->>>
	14_process_manage_reply Send header: 64(T_DNT) 14 16 2
	~~~~~~~~~~~~~~~ node 15 donates tokens to node 16  ~~~~~~~~~~~~~~
	~~~~~~~~~~~~~~~~~~~~~~~~~~~  Got token, todo=3
	14_process_manage_reply Send Content: 0	

	15_process_manage_reply Send header: 64(T_DNT) 15 16 45
	15_process_manage_reply Send Content: 1	test_key_0	1556250652	test_val_0_version=1	

	~~~~~~~~~~~~~~~~~~~~~~~~~~~  Got token, todo=2
	~~~~~~~~~~~~~~~~~~~~~~~~~~~  Got token, todo=1
<<< Done Collecting tokens...
	----ACK sending----
	GTStoreStorage::init Send header: 0(T) -1 16 0
	----ACK sent----
<<< manage_node_request: Exiting
ERROR: Socket connect: No such file or directory
	get_contact_node Send header: 1(T_CLI) 2 -1 0
ERROR: Socket connect: No such file or directory
>>> manage_client_request: Entering
	get_contact_node Send header: 1(T_CLI) 0 -1 0
	manage_client_request Send header: 1(T_CLI) 2 7 0
<<< manage_client_request: Exiting
>>> manage_client_request: Entering
	manage_client_request Send header: 1(T_CLI) 0 8 0
<<< manage_client_request: Exiting
	put Send header: 17(T_CLI_WR) 2 2 34
	put Send Content: test_key_2	0	test_val_2_version=2	

	put Send header: 17(T_CLI_WR) 0 0 34
	put Send Content: test_key_0	0	test_val_0_version=2	

	process_client_request Send header: 18(T_FWD_WR) 2 7 43
	process_client_request Send Content: test_key_2	1556250654	test_val_2_version=2	

ERROR: Socket connect: No such file or directory
	get_contact_node Send header: 1(T_CLI) 4 -1 0
>>> Entered process_forward_request
	process_client_request Send header: 18(T_FWD_WR) 0 8 43
	process_client_request Send Content: test_key_0	1556250654	test_val_0_version=2	

>>> manage_client_request: Entering
	manage_client_request Send header: 1(T_CLI) 4 9 0
<<< manage_client_request: Exiting
	Write data test_val_2_version=2
	Broadcast with proxy node_id...
	process_forward_request Send header: 20(T_COO_WR) 2 7 43
	process_forward_request Send Content: test_key_2	1556250654	test_val_2_version=2	

>>> Entered process_forward_request
	put Send header: 17(T_CLI_WR) 4 4 34
	Broadcast with proxy node_id...
	put Send Content: test_key_4	0	test_val_4_version=2	

	process_forward_request Send header: 20(T_COO_WR) 2 7 43
	process_forward_request Send Content: test_key_2	1556250654	test_val_2_version=2	

	Write data test_val_0_version=2
	Broadcast with proxy node_id...
	Broadcast with proxy node_id...
	process_forward_request Send header: 20(T_COO_WR) 2 7 43
	process_forward_request Send Content: test_key_2	1556250654	test_val_2_version=2	

	process_forward_request Send header: 20(T_COO_WR) 0 8 43
	Broadcast with proxy node_id...
	process_forward_request Send Content: test_key_0	1556250654	test_val_0_version=2	

	process_coordinate_request Send header: 52(T_COO_WR_REP) 2 7 43
	process_forward_request Send header: 20(T_COO_WR) 2 7 43
	process_coordinate_request Send header: 52(T_COO_WR_REP) 2 7 43
	Broadcast with proxy node_id...
	process_coordinate_request Send Content: test_key_2	1556250654	test_val_2_version=2	

	process_forward_request Send Content: test_key_2	1556250654	test_val_2_version=2	

	process_coordinate_request Send Content: test_key_2	1556250654	test_val_2_version=2	

	process_client_request Send header: 18(T_FWD_WR) 4 9 43
	process_forward_request Send header: 20(T_COO_WR) 0 8 43
<<< Exited process_forward_request with received=1
	process_client_request Send Content: test_key_4	1556250654	test_val_4_version=2	

	process_forward_request Send Content: test_key_0	1556250654	test_val_0_version=2	

	process_coordinate_request Send header: 52(T_COO_WR_REP) 0 8 43
	process_coordinate_request Send Content: test_key_0	1556250654	test_val_0_version=2	

	Broadcast with proxy node_id...
>>> GTStoreStorage::process_coordinate_reply: Entering
>>> Entered process_forward_request
	Done task 2/3
	process_forward_request Send header: 20(T_COO_WR) 0 8 43
	process_forward_request Send Content: test_key_0	1556250654	test_val_0_version=2	

	Broadcast with proxy node_id...
>>> GTStoreStorage::process_coordinate_reply: Entering
	process_coordinate_request Send header: 52(T_COO_WR_REP) 2 7 43
	process_forward_request Send header: 20(T_COO_WR) 0 8 43
	Done task 3/3
	Write data test_val_4_version=2
	process_coordinate_request Send header: 52(T_COO_WR_REP) 0 8 43
	process_coordinate_request Send Content: test_key_2	1556250654	test_val_2_version=2	

	process_forward_request Send Content: test_key_0	1556250654	test_val_0_version=2	

>>> Entering finish_coordination
	Broadcast with proxy node_id...
	process_coordinate_request Send Content: test_key_0	1556250654	test_val_0_version=2	

	send back to transferrer
	process_coordinate_request Send header: 52(T_COO_WR_REP) 0 8 43
<<< Exited process_forward_request with received=1
	process_coordinate_request Send header: 52(T_COO_WR_REP) 2 7 43
send back to transferrer: node.socket_7
	process_coordinate_request Send Content: test_key_0	1556250654	test_val_0_version=2	

	process_forward_request Send header: 20(T_COO_WR) 4 9 43
	process_coordinate_request Send Content: test_key_2	1556250654	test_val_2_version=2	

>>> GTStoreStorage::process_coordinate_reply: Entering
	finish_coordination Send header: 50(T_FWD_WR_REP) 2 7 43
	process_forward_request Send Content: test_key_4	1556250654	test_val_4_version=2	

	Done task 2/3
	finish_coordination Send Content: test_key_2	1556250654	test_val_2_version=2	

	Broadcast with proxy node_id...
	process_forward_request Send header: 20(T_COO_WR) 4 9 43
	process_forward_request Send Content: test_key_4	1556250654	test_val_4_version=2	

>>> GTStoreStorage::process_coordinate_reply: Entering
	Done task 3/3
	Broadcast with proxy node_id...
>>> Entering finish_coordination
>>> GTStoreStorage::process_coordinate_reply: Entering
	send back to transferrer
	process_forward_request Send header: 20(T_COO_WR) 4 9 43
<<< Exiting process_coordinate_reply
ERROR: Socket connect: No such file or directory
	process_forward_request Send Content: test_key_4	1556250654	test_val_4_version=2	

	process_coordinate_request Send header: 52(T_COO_WR_REP) 4 9 43
send back to transferrer: node.socket_8
	get_contact_node Send header: 1(T_CLI) 3 -1 0
ERROR: Socket connect: No such file or directory
	process_coordinate_request Send Content: test_key_4	1556250654	test_val_4_version=2	

>>> GTStoreStorage::process_coordinate_reply: Entering
	Broadcast with proxy node_id...
<<< Exiting process_coordinate_reply
	get_contact_node Send header: 1(T_CLI) 1 -1 0
	finish_coordination Send header: 50(T_FWD_WR_REP) 0 8 43
	finish_coordination Send Content: test_key_0	1556250654	test_val_0_version=2	

	process_coordinate_request Send header: 52(T_COO_WR_REP) 0 8 43
	process_coordinate_request Send header: 52(T_COO_WR_REP) 4 9 43
	process_forward_request Send header: 20(T_COO_WR) 4 9 43
>>> manage_client_request: Entering
>>> Send back to client
	process_coordinate_request Send header: 52(T_COO_WR_REP) 4 9 43
	process_coordinate_request Send Content: test_key_4	1556250654	test_val_4_version=2	

>>> GTStoreStorage::process_coordinate_reply: Entering
	process_forward_request Send Content: test_key_4	1556250654	test_val_4_version=2	

	process_coordinate_request Send Content: test_key_0	1556250654	test_val_0_version=2	

>>> Send back to client
	manage_client_request Send header: 1(T_CLI) 3 10 0
	process_coordinate_request Send Content: test_key_4	1556250654	test_val_4_version=2	

	process_forward_reply Send header: 33(T_CLI_REP) 2 7 43
<<< Exiting process_coordinate_reply
<<< Exited process_forward_request with received=1
	process_forward_reply Send header: 33(T_CLI_REP) 0 8 43
<<< manage_client_request: Exiting
	process_forward_reply Send Content: test_key_2	1556250654	test_val_2_version=2	

	process_forward_reply Send Content: test_key_0	1556250654	test_val_0_version=2	

>>> GTStoreStorage::process_coordinate_reply: Entering
<<< Exiting process_coordinate_reply
	put Send header: 17(T_CLI_WR) 3 3 34
>>> GTStoreStorage::process_coordinate_reply: Entering
>>> manage_client_request: Entering
	put Send Content: test_key_3	0	test_val_3_version=2	

	Done task 2/3
	manage_client_request Send header: 1(T_CLI) 1 11 0
>>> Inside GTStoreClient::put() for client: 0 key: test_key_0 value: test_val_0_version=2
>>> Inside GTStoreClient::put() for client: 2 key: test_key_2 value: test_val_2_version=2
<<< manage_client_request: Exiting
>>> Inside GTStoreClient::put() for reply: 0 key: test_key_0 value: test_val_0_version=2
>>> Inside GTStoreClient::put() for reply: 2 key: test_key_2 value: test_val_2_version=2
>>> GTStoreStorage::process_coordinate_reply: Entering
	Done task 3/3
>>> Entering finish_coordination
	send back to transferrer
	put Send header: 17(T_CLI_WR) 1 5 34
send back to transferrer: node.socket_9
	put Send Content: test_key_1	0	test_val_1_version=2	

	process_client_request Send header: 18(T_FWD_WR) 3 10 43
	finish_coordination Send header: 50(T_FWD_WR_REP) 4 9 43
	process_client_request Send Content: test_key_3	1556250654	test_val_3_version=2	

	finish_coordination Send Content: test_key_4	1556250654	test_val_4_version=2	

	process_coordinate_request Send header: 52(T_COO_WR_REP) 4 9 43
	process_coordinate_request Send Content: test_key_4	1556250654	test_val_4_version=2	

>>> Entered process_forward_request
>>> Entered process_forward_request
>>> Send back to client
	process_forward_reply Send header: 33(T_CLI_REP) 4 9 43
>>> GTStoreStorage::process_coordinate_reply: Entering
	process_forward_reply Send Content: test_key_4	1556250654	test_val_4_version=2	

<<< Exiting process_coordinate_reply
	Write data test_val_1_version=2
	Write data test_val_3_version=2
	Broadcast with proxy node_id...
	Broadcast with proxy node_id...
>>> GTStoreStorage::process_coordinate_reply: Entering
>>> Inside GTStoreClient::put() for client: 4 key: test_key_4 value: test_val_4_version=2
<<< Exiting process_coordinate_reply
>>> Inside GTStoreClient::put() for reply: 4 key: test_key_4 value: test_val_4_version=2
	process_forward_request Send header: 20(T_COO_WR) 3 10 43
	process_forward_request Send header: 20(T_COO_WR) 1 11 43
	process_forward_request Send Content: test_key_3	1556250654	test_val_3_version=2	

	process_forward_request Send Content: test_key_1	1556250654	test_val_1_version=2	

	Broadcast with proxy node_id...
	Broadcast with proxy node_id...
	process_forward_request Send header: 20(T_COO_WR) 3 10 43
	process_forward_request Send Content: test_key_3	1556250654	test_val_3_version=2	

	process_forward_request Send header: 20(T_COO_WR) 1 11 43
	process_forward_request Send Content: test_key_1	1556250654	test_val_1_version=2	

	Broadcast with proxy node_id...
	Broadcast with proxy node_id...
	process_forward_request Send header: 20(T_COO_WR) 3 10 43
	process_coordinate_request Send header: 52(T_COO_WR_REP) 1 11 43
	process_forward_request Send Content: test_key_3	1556250654	test_val_3_version=2	

	process_coordinate_request Send Content: test_key_1	1556250654	test_val_1_version=2	

	process_forward_request Send header: 20(T_COO_WR) 1 11 43
	Broadcast with proxy node_id...
	process_forward_request Send Content: test_key_1	1556250654	test_val_1_version=2	

	process_coordinate_request Send header: 52(T_COO_WR_REP) 1 11 43
	process_forward_request Send header: 20(T_COO_WR) 3 10 43
	process_coordinate_request Send Content: test_key_1	1556250654	test_val_1_version=2	

	process_forward_request Send Content: test_key_3	1556250654	test_val_3_version=2	

	Broadcast with proxy node_id...
<<< Exited process_forward_request with received=1
	process_forward_request Send header: 20(T_COO_WR) 1 11 43
	process_forward_request Send Content: test_key_1	1556250654	test_val_1_version=2	

	process_coordinate_request Send header: 52(T_COO_WR_REP) 3 10 43
	process_coordinate_request Send Content: test_key_3	1556250654	test_val_3_version=2	

	process_coordinate_request Send header: 52(T_COO_WR_REP) 3 10 43
<<< Exited process_forward_request with received=1
	process_coordinate_request Send header: 52(T_COO_WR_REP) 1 11 43
	process_coordinate_request Send Content: test_key_3	1556250654	test_val_3_version=2	

	process_coordinate_request Send Content: test_key_1	1556250654	test_val_1_version=2	

>>> GTStoreStorage::process_coordinate_reply: Entering
	process_coordinate_request Send header: 52(T_COO_WR_REP) 1 11 43
	Done task 2/3
	process_coordinate_request Send Content: test_key_1	1556250654	test_val_1_version=2	

	process_coordinate_request Send header: 52(T_COO_WR_REP) 3 10 43
	process_coordinate_request Send Content: test_key_3	1556250654	test_val_3_version=2	

	process_coordinate_request Send header: 52(T_COO_WR_REP) 3 10 43
>>> GTStoreStorage::process_coordinate_reply: Entering
	process_coordinate_request Send Content: test_key_3	1556250654	test_val_3_version=2	

	Done task 3/3
>>> Entering finish_coordination
	send back to transferrer
>>> GTStoreStorage::process_coordinate_reply: Entering
send back to transferrer: node.socket_10
	Done task 2/3
	finish_coordination Send header: 50(T_FWD_WR_REP) 3 10 43
	finish_coordination Send Content: test_key_3	1556250654	test_val_3_version=2	

>>> GTStoreStorage::process_coordinate_reply: Entering
	Done task 3/3
>>> Entering finish_coordination
	itnew_node is the coordinator
	SIZE of forward tasks for node 11 is 1
>>> Send back to client
>>> Send back to client
	process_forward_reply Send header: 33(T_CLI_REP) 3 10 43
>>> GTStoreStorage::process_coordinate_reply: Entering
	process_forward_reply Send header: 33(T_CLI_REP) 1 11 43
	process_forward_reply Send Content: test_key_3	1556250654	test_val_3_version=2	

<<< Exiting process_coordinate_reply
	process_forward_reply Send Content: test_key_1	1556250654	test_val_1_version=2	

>>> GTStoreStorage::process_coordinate_reply: Entering
<<< Exiting process_coordinate_reply
>>> Inside GTStoreClient::put() for client: 3 key: test_key_3 value: test_val_3_version=2
>>> Inside GTStoreClient::put() for client: 1 key: test_key_1 value: test_val_1_version=2
>>> Inside GTStoreClient::put() for reply: 3 key: test_key_3 value: test_val_3_version=2
>>> Inside GTStoreClient::put() for reply: 1 key: test_key_1 value: test_val_1_version=2
>>> GTStoreStorage::process_coordinate_reply: Entering
<<< Exiting process_coordinate_reply
>>> GTStoreStorage::process_coordinate_reply: Entering
<<< Exiting process_coordinate_reply
I am node 7, I want to leave
--11(33)----14(43)----16(49)----11(35)----9(28)----13(40)----11(34)----8(24)----9(27)----7(22)----12(36)----15(45)----7(23)----15(46)----12(37)----7(21)----9(29)----13(41)----10(31)----10(32)----12(38)----8(25)----16(48)----13(39)----15(47)----10(30)----14(44)----8(26)----16(50)----14(42)--
	<<<--- Node 7:    Key: test_key_1    Version: 1556250654    Value: test_val_1_version=2 --->>>
	<<<--- Node 7:    Key: test_key_4    Version: 1556250654    Value: test_val_4_version=2 --->>>
	<<<--- Node 7:    Key: test_key_4    Version: 1556250652    Value: test_val_4_version=1 --->>>
>>> remove_storage_node	sid=7
<<< storage node 7 removed
	GTStoreStorage::leave Send header: 64(T_DNT) 7 10 88
	GTStoreStorage::leave Send Content: 2	test_key_4	1556250654	test_val_4_version=2	test_key_4	1556250652	test_val_4_version=1	

~~~~~~~~~~~ Node 7 donates to node 10 before leaving
	GTStoreStorage::leave Send header: 64(T_DNT) 7 12 45
	GTStoreStorage::leave Send Content: 1	test_key_1	1556250654	test_val_1_version=2	

Process donate req from 10
~~~~~~~~~~~ Node 7 donates to node 12 before leaving
--11(33)--~~~~~~~~~~~ Node 7 detached from manager
--14(43)--	GTStoreStorage::leave Send header: 130(T_FWD_LEA) 7 7 0
--16(49)----11(35)----9(28)----13(40)--Process donate req from 12
--11(34)----8(24)----11(33)----9(27)----14(43)----7(22)----16(49)-->>> GTStoreManager: manage_node_request_leave
--12(36)----11(35)--#nodes= 10
--15(45)----9(28)-->>> remove_storage_node	sid=7
--7(23)----13(40)----15(46)----11(34)----12(37)----8(24)----7(21)----9(27)--<<< storage node 7 removed
--9(29)----7(22)--#nodes= 9
--13(41)----12(36)--Sending close to 8
--10(31)----15(45)----10(32)----7(23)----12(38)----15(46)----8(25)----12(37)----16(48)----7(21)--	manage_node_request_leave Send header: 136(T_MNG_LEA) 7 7 0
--13(39)----9(29)----15(47)----13(41)--	Manager send leaving message:---------------
--10(30)----10(31)-- header: 136(T_MNG_LEA) 7 7 0
--14(44)----10(32)----8(26)----12(38)--Sending close to 9
--16(50)----8(25)----14(42)----16(48)--
--13(39)----15(47)--	<<<--- Node 10:    Key: test_key_0    Version: 1556250652    Value: test_val_0_version=1 --->>>
	manage_node_request_leave Send header: 136(T_MNG_LEA) 7 7 0
>>> remove_storage_node	sid=7
--10(30)--	<<<--- Node 10:    Key: test_key_0    Version: 1556250654    Value: test_val_0_version=2 --->>>
	Manager send leaving message:---------------
--14(44)-- header: 136(T_MNG_LEA) 7 7 0
--8(26)--<<< storage node 7 removed
--16(50)--Sending close to 10
--14(42)--
>>> remove_storage_node	sid=7
	<<<--- Node 12:    Key: test_key_4    Version: 1556250654    Value: test_val_4_version=2 --->>>
	manage_node_request_leave Send header: 136(T_MNG_LEA) 7 7 0
---------Duplicate Data on Node 10: test_key_4 ---------
<<< storage node 7 removed
	<<<--- Node 12:    Key: test_key_0    Version: 1556250654    Value: test_val_0_version=2 --->>>
	Manager send leaving message:---------------
After accept donation from 7: header: 136(T_MNG_LEA) 7 7 0
--11(33)--Sending close to 11
--14(43)--After accept donation from 7:--16(49)----11(33)----11(35)----14(43)--	manage_node_request_leave Send header: 136(T_MNG_LEA) 7 7 0
--9(28)----16(49)--	Manager send leaving message:---------------
--13(40)----11(35)-- header: 136(T_MNG_LEA) 7 7 0
--11(34)----9(28)--Sending close to 12
--8(24)----13(40)-->>> remove_storage_node	sid=7
--9(27)----11(34)--	manage_node_request_leave Send header: 136(T_MNG_LEA) 7 7 0
--7(22)----8(24)--<<< storage node 7 removed
	Manager send leaving message:---------------
--12(36)----9(27)-- header: 136(T_MNG_LEA) 7 7 0
--15(45)----7(22)--Sending close to 13
--7(23)----12(36)----15(46)----15(45)--	manage_node_request_leave Send header: 136(T_MNG_LEA) 7 7 0
--12(37)----7(23)--	Manager send leaving message:---------------
--7(21)----15(46)-- header: 136(T_MNG_LEA) 7 7 0
--9(29)----12(37)--Sending close to 14
--13(41)----7(21)----10(31)----9(29)-->>> remove_storage_node	sid=7
--10(32)--	manage_node_request_leave Send header: 136(T_MNG_LEA) 7 7 0
--13(41)----12(38)----10(31)--	Manager send leaving message:---------------
--8(25)----10(32)--<<< storage node 7 removed
 header: 136(T_MNG_LEA) 7 7 0
--16(48)----12(38)----13(39)----8(25)----15(47)--Sending close to 15
--16(48)----10(30)----13(39)----14(44)----15(47)----8(26)--	manage_node_request_leave Send header: 136(T_MNG_LEA) 7 7 0
>>> remove_storage_node	sid=7
--10(30)----16(50)--	Manager send leaving message:---------------
--14(44)----14(42)-- header: 136(T_MNG_LEA) 7 7 0
<<< storage node 7 removed
--8(26)--
Sending close to 16
--16(50)--	<<<--- Node 10:    Key: test_key_4    Version: 1556250654    Value: test_val_4_version=2 --->>>
--14(42)--	<<<--- Node 10:    Key: test_key_0    Version: 1556250652    Value: test_val_0_version=1 --->>>

>>> remove_storage_node	sid=7
	manage_node_request_leave Send header: 136(T_MNG_LEA) 7 7 0
	<<<--- Node 10:    Key: test_key_0    Version: 1556250654    Value: test_val_0_version=2 --->>>
	<<<--- Node 12:    Key: test_key_1    Version: 1556250654    Value: test_val_1_version=2 --->>>
	Manager send leaving message:---------------
<<< storage node 7 removed
	<<<--- Node 12:    Key: test_key_4    Version: 1556250654    Value: test_val_4_version=2 --->>>
 header: 136(T_MNG_LEA) 7 7 0
	<<<--- Node 12:    Key: test_key_0    Version: 1556250654    Value: test_val_0_version=2 --->>>
>>> remove_storage_node	sid=7
<<< GTStoreManager: manage_node_request_leave
>>> remove_storage_node	sid=7
	manage_node_request_leave Send header: 136(T_MNG_LEA) 7 7 0
<<< storage node 7 removed
>>> remove_storage_node	sid=7
<<< storage node 7 removed
<<< storage node 7 removed
========================
========================
=== Starting Storage Node 17...
	GTStoreStorage::init Send header: 2(T_FWD) -1 -1 1
	GTStoreStorage::init Send Content: 3

Sent request to manager
>>> manage_node_request: Entering with 3 requested vnodes
>>> add_storage_node
	sid=17
	vid=51
	vid=52
	vid=53
--11(33)----14(43)----16(49)----11(35)----9(28)----17(52)----13(40)----11(34)----8(24)----9(27)----12(36)----15(45)----15(46)----12(37)----9(29)----17(53)----13(41)----10(31)----10(32)----12(38)----8(25)----16(48)----13(39)----17(51)----15(47)----10(30)----14(44)----8(26)----16(50)----14(42)--
	computing.......51
>>>>>>>>>>>>>> 51
>>>>>>>>>>>>>> 39
>>>>>>>>>>>>>> 48
>>>>>>>>>>>>>> 25
>>>>>>>>>>>>>> 38
>>>>>>>>>>>>>> 32
		||||----Donate: 15, [32, 38)----||||
		||||----Donate: 10, [38, 25)----||||
		||||----Donate: 14, [25, 48)----||||
		||||----Donate: 8, [48, 39)----||||
		||||----Donate: 16, [39, 51)----||||
	computing.......52
>>>>>>>>>>>>>> 52
>>>>>>>>>>>>>> 28
>>>>>>>>>>>>>> 35
>>>>>>>>>>>>>> 49
>>>>>>>>>>>>>> 43
>>>>>>>>>>>>>> 33
>>>>>>>>>>>>>> 42
>>>>>>>>>>>>>> 50
>>>>>>>>>>>>>> 26
		||||----Donate: 13, [26, 50)----||||
		||||----Donate: 13, [50, 42)----||||
		||||----Donate: 13, [42, 33)----||||
		||||----Donate: 13, [33, 43)----||||
		||||----Donate: 8, [43, 49)----||||
		||||----Donate: 12, [49, 35)----||||
		||||----Donate: 12, [35, 28)----||||
		||||----Donate: 12, [28, 52)----||||
	computing.......53
>>>>>>>>>>>>>> 53
>>>>>>>>>>>>>> 29
>>>>>>>>>>>>>> 37
>>>>>>>>>>>>>> 46
>>>>>>>>>>>>>> 45
>>>>>>>>>>>>>> 36
>>>>>>>>>>>>>> 27
>>>>>>>>>>>>>> 24
>>>>>>>>>>>>>> 34
		||||----Donate: 13, [34, 24)----||||
		||||----Donate: 10, [24, 27)----||||
		||||----Donate: 10, [27, 36)----||||
		||||----Donate: 10, [36, 45)----||||
		||||----Donate: 10, [45, 46)----||||
		||||----Donate: 8, [46, 37)----||||
		||||----Donate: 8, [37, 29)----||||
		||||----Donate: 16, [29, 53)----||||
		find 7 donators
	manage_node_request Send header: 40(T_MNG_REP) -1 17 177
	manage_node_request Send Content: 30	24 8	25 8	26 8	27 9	28 9	29 9	30 10	31 10	32 10	33 11	34 11	35 11	36 12	37 12	38 12	39 13	40 13	41 1342 14	43 14	44 14	45 15	46 15	47 15	48 16	49 16	50 16	51 17	52 17	53 17	

Sent reply to manager
	vid=24
{24, 8}		vid=25
{25, 8}		vid=26
{26, 8}		vid=27
{27, 9}		vid=28
{28, 9}		vid=29
{29, 9}		vid=30
{30, 10}		vid=31
{31, 10}		vid=32
{32, 10}		vid=33
{33, 11}		vid=34
{34, 11}		vid=35
{35, 11}		vid=36
{36, 12}		vid=37
{37, 12}		vid=38
{38, 12}		vid=39
{39, 13}		vid=40
{40, 13}		vid=41
{41, 13}		vid=42
{42, 14}		vid=43
{43, 14}		vid=44
{44, 14}		vid=45
{45, 15}		vid=46
{46, 15}		vid=47
{47, 15}		vid=48
{48, 16}		vid=49
{49, 16}		vid=50
{50, 16}		vid=51
{51, 17}		vid=52
{52, 17}		vid=53
{53, 17}	
Successfully add self to manager!  Node ID = 17
	GTStoreStorage::init Send header: 0(T) -1 17 0
Inside GTStoreStorage::init() nodes 10/5
>>> Collecting tokens...
	manage_node_request: Broadcast new node 17 to old storage nodes
	manage_node_request Send header: 104(T_MNG_REP_DNT) -1 17 11
	manage_node_request Send Content: 3	51	52	53	

	manage_node_request Send header: 104(T_MNG_REP_DNT) -1 17 26
	manage_node_request Send Content: 4	48 39	43 49	46 37	37 29	

>>> GTStoreStorage::process_manage_reply: Entering	17 join, 3 vnodes
	manage_node_request Send header: 40(T_MNG_REP) -1 17 11
	3
	manage_node_request Send Content: 3	51	52	53	

>>> add_storage_node
	sid=17
	vid=51
	manage_node_request Send header: 104(T_MNG_REP_DNT) -1 17 11
	vid=52
	manage_node_request Send Content: 3	51	52	53	

	vid=53
>>> GTStoreStorage::process_manage_reply: Entering	17 join, 3 vnodes
	add a new storage node !  Node ID = 8, New Node ID = 17
	3
	manage_node_request Send header: 104(T_MNG_REP_DNT) -1 17 32
>>> add_storage_node
	manage_node_request Send Content: 5	38 25	24 27	27 36	36 45	45 46	

	sid=17
>>> GTStoreStorage::process_manage_reply: Entering	17 join, 3 vnodes
	vid=51
	3
	 Before KV List: 0  intervals: 4
	vid=52
>>> add_storage_node
	manage_node_request Send header: 40(T_MNG_REP) -1 17 11
	sid=17
	vid=53
	manage_node_request Send Content: 3	51	52	53	

	vid=51
	add a new storage node !  Node ID = 9, New Node ID = 17
	vid=52
	vid=53
	add a new storage node !  Node ID = 10, New Node ID = 17
	manage_node_request Send header: 104(T_MNG_REP_DNT) -1 17 11
	manage_node_request Send Content: 3	51	52	53	

	 Finish KV List: 1
>>> GTStoreStorage::process_manage_reply: Entering	17 join, 3 vnodes
--11(33)--	3
	manage_node_request Send header: 104(T_MNG_REP_DNT) -1 17 20
--14(43)-->>> add_storage_node
--16(49)--	manage_node_request Send Content: 3	49 35	35 28	28 52	

	sid=17
--11(35)--	 Before KV List: 0  intervals: 5
--9(28)--	vid=51
--17(52)-->>> GTStoreStorage::process_manage_reply: Entering	17 join, 3 vnodes
--13(40)--	vid=52
	3
--11(34)-->>> add_storage_node
--8(24)--	manage_node_request Send header: 104(T_MNG_REP_DNT) -1 17 11
	vid=53
	sid=17
--9(27)--	manage_node_request Send Content: 3	51	52	53	

	add a new storage node !  Node ID = 11, New Node ID = 17
--12(36)--	vid=51
	 Finish KV List: 1
--15(45)--	manage_node_request Send header: 104(T_MNG_REP_DNT) -1 17 32
	vid=52
--11(33)----15(46)--	manage_node_request Send Content: 5	26 50	50 42	42 33	33 43	34 24	

	vid=53
--14(43)----12(37)--	add a new storage node !  Node ID = 12, New Node ID = 17
>>> GTStoreStorage::process_manage_reply: Entering	17 join, 3 vnodes
--16(49)----9(29)--	3
--11(35)--	manage_node_request Send header: 104(T_MNG_REP_DNT) -1 17 11
--17(53)--	manage_node_request Send Content: 3	51	52	53	

>>> add_storage_node
--9(28)----13(41)--	sid=17
	 Before KV List: 0  intervals: 3
--17(52)--	manage_node_request Send header: 104(T_MNG_REP_DNT) -1 17 8
--10(31)--	vid=51
--13(40)--	manage_node_request Send Content: 1	25 48	

--10(32)----11(34)--	vid=52
>>> GTStoreStorage::process_manage_reply: Entering	17 join, 3 vnodes
--12(38)----8(24)--	vid=53
	3
--8(25)----9(27)--	manage_node_request Send header: 104(T_MNG_REP_DNT) -1 17 11
	add a new storage node !  Node ID = 13, New Node ID = 17
--16(48)-->>> add_storage_node
--12(36)--	manage_node_request Send Content: 3	51	52	53	

--13(39)--	sid=17
	 Finish KV List: 1
--15(45)----17(51)--	manage_node_request Send header: 104(T_MNG_REP_DNT) -1 17 8
	vid=51
--11(33)----15(46)----15(47)--	manage_node_request Send Content: 1	32 38	

--14(43)--	 Before KV List: 0  intervals: 5
--12(37)--	vid=52
--10(30)----16(49)--	manage_node_request Send header: 104(T_MNG_REP_DNT) -1 17 11
>>> GTStoreStorage::process_manage_reply: Entering	17 join, 3 vnodes
--9(29)----14(44)--	vid=53
--11(35)--	manage_node_request Send Content: 3	51	52	53	

	3
--17(53)----8(26)----9(28)--	add a new storage node !  Node ID = 14, New Node ID = 17
>>> add_storage_node
--13(41)--	sid=17
--16(50)--	manage_node_request Send header: 104(T_MNG_REP_DNT) -1 17 14
--17(52)--	manage_node_request Send Content: 2	39 51	29 53	

--10(31)--	vid=51
--14(42)----13(40)----10(32)-->>> GTStoreStorage::process_manage_reply: Entering	17 join, 3 vnodes

	vid=52
--11(34)----12(38)--	 Before KV List: 0  intervals: 1
	3
	 Finish KV List: 1
	<<<--- Node 8:    Key: test_key_1    Version: 1556250654    Value: test_val_1_version=2 --->>>
	vid=53
--8(24)----8(25)-->>> add_storage_node
--11(33)--	sid=17
	<<<--- Node 8:    Key: test_key_0    Version: 1556250654    Value: test_val_0_version=2 --->>>
	 Finish KV List: 0
	add a new storage node !  Node ID = 15, New Node ID = 17
--9(27)----16(48)----12(36)----14(43)----15(45)--	vid=51
	~~~~~~~~~~~~~~~ node 8 donates tokens to node 17  ~~~~~~~~~~~~~~
--11(33)----13(39)----16(49)----15(46)--	vid=52
--14(43)--	8_process_manage_reply Send header: 64(T_DNT) 8 17 45
--17(51)----11(35)----12(37)--	vid=53
	 Before KV List: 0  intervals: 1
--16(49)--	8_process_manage_reply Send Content: 1	test_key_3	1556250654	test_val_3_version=2	

--15(47)----9(28)----9(29)--	add a new storage node !  Node ID = 16, New Node ID = 17
--11(35)----10(30)----9(28)----17(52)----17(53)----13(40)----14(44)----17(52)----13(41)----13(40)----11(34)----8(26)----10(31)----11(34)----8(24)----16(50)----10(32)--	~~~~~~~~~~~~~~~~~~~~~~~~~~~  Got token, todo=7
	 Finish KV List: 0
--8(24)----9(27)----14(42)----12(38)----11(33)----9(27)----12(36)--
--8(25)--	 Before KV List: 0  intervals: 2
--14(43)----12(36)----15(45)--	<<<--- Node 10:    Key: test_key_0    Version: 1556250652    Value: test_val_0_version=1 --->>>
--16(48)----16(49)----15(45)----15(46)--	<<<--- Node 10:    Key: test_key_0    Version: 1556250654    Value: test_val_0_version=2 --->>>
--13(39)----11(35)----15(46)--	~~~~~~~~~~~~~~~ node 10 donates tokens to node 17  ~~~~~~~~~~~~~~
--12(37)----17(51)----9(28)----12(37)----9(29)--	10_process_manage_reply Send header: 64(T_DNT) 10 17 45
--15(47)----17(52)--	10_process_manage_reply Send Content: 1	test_key_4	1556250654	test_val_4_version=2	

--9(29)----17(53)----10(30)----13(40)----17(53)----13(41)----14(44)----11(34)----13(41)--	 Finish KV List: 0
--10(31)----8(26)----8(24)----10(31)----11(33)----10(32)----14(43)----16(50)----9(27)----10(32)--	~~~~~~~~~~~~~~~~~~~~~~~~~~~  Got token, todo=6
--12(38)----16(49)----14(42)----12(36)----12(38)----8(25)----11(35)--
--15(45)----8(25)----16(48)----9(28)----15(46)----17(52)--	<<<--- Node 12:    Key: test_key_4    Version: 1556250654    Value: test_val_4_version=2 --->>>
--16(48)----13(39)----12(37)----13(40)--	<<<--- Node 12:    Key: test_key_0    Version: 1556250654    Value: test_val_0_version=2 --->>>
--13(39)----17(51)----9(29)----11(34)--	~~~~~~~~~~~~~~~ node 12 donates tokens to node 17  ~~~~~~~~~~~~~~
--17(51)----15(47)----17(53)----8(24)----15(47)----9(27)----10(30)--	12_process_manage_reply Send header: 64(T_DNT) 12 17 45
--13(41)----10(30)----12(36)----14(44)--	12_process_manage_reply Send Content: 1	test_key_1	1556250654	test_val_1_version=2	

--10(31)----14(44)----15(45)----8(26)----10(32)----8(26)----15(46)----16(50)----12(38)----16(50)----8(25)----12(37)----14(42)----14(42)--
--16(48)----9(29)--
	<<<--- Node 13:    Key: test_key_1    Version: 1556250654    Value: test_val_1_version=2 --->>>
--13(39)----17(53)--	<<<--- Node 14:    Key: test_key_2    Version: 1556250654    Value: test_val_2_version=2 --->>>
	~~~~~~~~~~~~~~~~~~~~~~~~~~~  Got token, todo=5
	<<<--- Node 13:    Key: test_key_3    Version: 1556250654    Value: test_val_3_version=2 --->>>
--17(51)----13(41)--	~~~~~~~~~~~~~~~ node 14 donates tokens to node 17  ~~~~~~~~~~~~~~
	<<<--- Node 13:    Key: test_key_4    Version: 1556250654    Value: test_val_4_version=2 --->>>
--15(47)----10(31)--	<<<--- Node 13:    Key: test_key_0    Version: 1556250654    Value: test_val_0_version=2 --->>>
	14_process_manage_reply Send header: 64(T_DNT) 14 17 2
--10(30)----10(32)--	~~~~~~~~~~~~~~~ node 13 donates tokens to node 17  ~~~~~~~~~~~~~~
	14_process_manage_reply Send Content: 0	

--14(44)----12(38)--	13_process_manage_reply Send header: 64(T_DNT) 13 17 45
--8(26)----8(25)--	13_process_manage_reply Send Content: 1	test_key_2	1556250654	test_val_2_version=2	

--16(50)----16(48)----14(42)----13(39)--
--17(51)--	<<<--- Node 15:    Key: test_key_4    Version: 1556250652    Value: test_val_4_version=1 --->>>
--15(47)--	<<<--- Node 15:    Key: test_key_4    Version: 1556250654    Value: test_val_4_version=2 --->>>
--10(30)--	~~~~~~~~~~~~~~~ node 15 donates tokens to node 17  ~~~~~~~~~~~~~~
--14(44)----8(26)--	15_process_manage_reply Send header: 64(T_DNT) 15 17 2
	~~~~~~~~~~~~~~~~~~~~~~~~~~~  Got token, todo=4
--16(50)--	15_process_manage_reply Send Content: 0	

--14(42)--
	<<<--- Node 16:    Key: test_key_2    Version: 1556250654    Value: test_val_2_version=2 --->>>
	<<<--- Node 16:    Key: test_key_0    Version: 1556250654    Value: test_val_0_version=2 --->>>
	<<<--- Node 16:    Key: test_key_3    Version: 1556250652    Value: test_val_3_version=1 --->>>
	<<<--- Node 16:    Key: test_key_3    Version: 1556250654    Value: test_val_3_version=2 --->>>
	~~~~~~~~~~~~~~~ node 16 donates tokens to node 17  ~~~~~~~~~~~~~~
	16_process_manage_reply Send header: 64(T_DNT) 16 17 2
	16_process_manage_reply Send Content: 0	

	~~~~~~~~~~~~~~~~~~~~~~~~~~~  Got token, todo=3
	~~~~~~~~~~~~~~~~~~~~~~~~~~~  Got token, todo=2
	~~~~~~~~~~~~~~~~~~~~~~~~~~~  Got token, todo=1
<<< Done Collecting tokens...
	----ACK sending----
	GTStoreStorage::init Send header: 0(T) -1 17 0
	----ACK sent----
<<< manage_node_request: Exiting
I am node 8, I want to leave
--11(33)----14(43)----16(49)----11(35)----9(28)----17(52)----13(40)----11(34)----8(24)----9(27)----12(36)----15(45)----15(46)----12(37)----9(29)----17(53)----13(41)----10(31)----10(32)----12(38)----8(25)----16(48)----13(39)----17(51)----15(47)----10(30)----14(44)----8(26)----16(50)----14(42)--
	<<<--- Node 8:    Key: test_key_1    Version: 1556250654    Value: test_val_1_version=2 --->>>
	<<<--- Node 8:    Key: test_key_0    Version: 1556250654    Value: test_val_0_version=2 --->>>
>>> remove_storage_node	sid=8
<<< storage node 8 removed
	GTStoreStorage::leave Send header: 64(T_DNT) 8 17 45
	GTStoreStorage::leave Send Content: 1	test_key_0	1556250654	test_val_0_version=2	

~~~~~~~~~~~ Node 8 donates to node 17 before leaving
	GTStoreStorage::leave Send header: 64(T_DNT) 8 12 45
	GTStoreStorage::leave Send Content: 1	test_key_1	1556250654	test_val_1_version=2	

Process donate req from 17
~~~~~~~~~~~ Node 8 donates to node 12 before leaving
~~~~~~~~~~~ Node 8 detached from manager
--11(33)--	GTStoreStorage::leave Send header: 130(T_FWD_LEA) 8 8 0
--14(43)--Process donate req from 12
--16(49)----11(33)----11(35)----14(43)----9(28)----16(49)----17(52)----11(35)----13(40)----9(28)----11(34)----17(52)----8(24)----13(40)----9(27)----11(34)----12(36)----8(24)----15(45)----9(27)----15(46)----12(36)-->>> GTStoreManager: manage_node_request_leave
--12(37)----15(45)--#nodes= 10
--9(29)----15(46)-->>> remove_storage_node	sid=8
--17(53)----12(37)----13(41)----9(29)----10(31)----17(53)----10(32)----13(41)--<<< storage node 8 removed
--12(38)----10(31)--#nodes= 9
--8(25)----10(32)--Sending close to 9
--16(48)----12(38)----13(39)----8(25)----17(51)----16(48)----15(47)----13(39)----10(30)----17(51)----14(44)----15(47)--	manage_node_request_leave Send header: 136(T_MNG_LEA) 8 8 0
--8(26)----10(30)----16(50)--	Manager send leaving message:---------------
--14(44)----14(42)-- header: 136(T_MNG_LEA) 8 8 0
--8(26)--
--16(50)--	<<<--- Node 17:    Key: test_key_2    Version: 1556250654    Value: test_val_2_version=2 --->>>
--14(42)--Sending close to 10
	<<<--- Node 17:    Key: test_key_3    Version: 1556250654    Value: test_val_3_version=2 --->>>

	<<<--- Node 17:    Key: test_key_1    Version: 1556250654    Value: test_val_1_version=2 --->>>
	<<<--- Node 12:    Key: test_key_4    Version: 1556250654    Value: test_val_4_version=2 --->>>
	manage_node_request_leave Send header: 136(T_MNG_LEA) 8 8 0
>>> remove_storage_node	sid=8
	<<<--- Node 17:    Key: test_key_4    Version: 1556250654    Value: test_val_4_version=2 --->>>
	<<<--- Node 12:    Key: test_key_0    Version: 1556250654    Value: test_val_0_version=2 --->>>
	Manager send leaving message:---------------
 header: 136(T_MNG_LEA) 8 8 0
<<< storage node 8 removed
Sending close to 11
>>> remove_storage_node	sid=8
After accept donation from 8:After accept donation from 8:--11(33)----11(33)----14(43)----14(43)--	manage_node_request_leave Send header: 136(T_MNG_LEA) 8 8 0
--16(49)----16(49)--<<< storage node 8 removed
--11(35)--	Manager send leaving message:---------------
--11(35)----9(28)-- header: 136(T_MNG_LEA) 8 8 0
--9(28)----17(52)-->>> remove_storage_node	sid=8
--17(52)--Sending close to 12
--13(40)----13(40)----11(34)----11(34)--<<< storage node 8 removed
--8(24)----8(24)--	manage_node_request_leave Send header: 136(T_MNG_LEA) 8 8 0
--9(27)----9(27)--	Manager send leaving message:---------------
--12(36)----12(36)-- header: 136(T_MNG_LEA) 8 8 0
--15(45)----15(45)--Sending close to 13
--15(46)----15(46)----12(37)----12(37)----9(29)--	manage_node_request_leave Send header: 136(T_MNG_LEA) 8 8 0
--9(29)----17(53)----17(53)--	Manager send leaving message:---------------
--13(41)----13(41)-- header: 136(T_MNG_LEA) 8 8 0
--10(31)----10(31)--Sending close to 14
--10(32)----10(32)----12(38)----12(38)----8(25)--	manage_node_request_leave Send header: 136(T_MNG_LEA) 8 8 0
--8(25)----16(48)----16(48)--	Manager send leaving message:---------------
--13(39)----13(39)-->>> remove_storage_node	sid=8
 header: 136(T_MNG_LEA) 8 8 0
--17(51)----17(51)----15(47)--Sending close to 15
--15(47)----10(30)-->>> remove_storage_node	sid=8
<<< storage node 8 removed
--10(30)----14(44)--	manage_node_request_leave Send header: 136(T_MNG_LEA) 8 8 0
--14(44)----8(26)----8(26)--	Manager send leaving message:---------------
<<< storage node 8 removed
--16(50)----16(50)-- header: 136(T_MNG_LEA) 8 8 0
--14(42)----14(42)--

Sending close to 16
	<<<--- Node 17:    Key: test_key_2    Version: 1556250654    Value: test_val_2_version=2 --->>>
	<<<--- Node 12:    Key: test_key_1    Version: 1556250654    Value: test_val_1_version=2 --->>>
>>> remove_storage_node	sid=8
	<<<--- Node 17:    Key: test_key_3    Version: 1556250654    Value: test_val_3_version=2 --->>>
	<<<--- Node 12:    Key: test_key_4    Version: 1556250654    Value: test_val_4_version=2 --->>>
	manage_node_request_leave Send header: 136(T_MNG_LEA) 8 8 0
	<<<--- Node 17:    Key: test_key_1    Version: 1556250654    Value: test_val_1_version=2 --->>>
	Manager send leaving message:---------------
	<<<--- Node 12:    Key: test_key_0    Version: 1556250654    Value: test_val_0_version=2 --->>>
<<< storage node 8 removed
	<<<--- Node 17:    Key: test_key_4    Version: 1556250654    Value: test_val_4_version=2 --->>>
 header: 136(T_MNG_LEA) 8 8 0
	<<<--- Node 17:    Key: test_key_0    Version: 1556250654    Value: test_val_0_version=2 --->>>
Sending close to 17
>>> remove_storage_node	sid=8
>>> remove_storage_node	sid=8
	manage_node_request_leave Send header: 136(T_MNG_LEA) 8 8 0
<<< storage node 8 removed
	Manager send leaving message:---------------
 header: 136(T_MNG_LEA) 8 8 0
<<< storage node 8 removed
<<< GTStoreManager: manage_node_request_leave
	manage_node_request_leave Send header: 136(T_MNG_LEA) 8 8 0
>>> remove_storage_node	sid=8
<<< storage node 8 removed
========================
========================
=== Starting Storage Node 18...
	GTStoreStorage::init Send header: 2(T_FWD) -1 -1 1
	GTStoreStorage::init Send Content: 3

Sent request to manager
>>> manage_node_request: Entering with 3 requested vnodes
>>> add_storage_node
	sid=18
	vid=54
	vid=55
	vid=56
--11(33)----18(56)----14(43)----16(49)----11(35)----9(28)----17(52)----13(40)----11(34)----9(27)----18(54)----12(36)----15(45)----15(46)----12(37)----9(29)----17(53)----13(41)----10(31)----10(32)----12(38)----16(48)----13(39)----17(51)----18(55)----15(47)----10(30)----14(44)----16(50)----14(42)--
	computing.......54
>>>>>>>>>>>>>> 54
>>>>>>>>>>>>>> 27
>>>>>>>>>>>>>> 34
>>>>>>>>>>>>>> 40
>>>>>>>>>>>>>> 52
>>>>>>>>>>>>>> 28
>>>>>>>>>>>>>> 35
>>>>>>>>>>>>>> 49
		||||----Donate: 12, [49, 35)----||||
		||||----Donate: 12, [35, 28)----||||
		||||----Donate: 12, [28, 52)----||||
		||||----Donate: 15, [52, 40)----||||
		||||----Donate: 17, [40, 34)----||||
		||||----Donate: 13, [34, 27)----||||
		||||----Donate: 13, [27, 54)----||||
	computing.......55
>>>>>>>>>>>>>> 55
>>>>>>>>>>>>>> 51
>>>>>>>>>>>>>> 39
>>>>>>>>>>>>>> 48
>>>>>>>>>>>>>> 38
>>>>>>>>>>>>>> 32
		||||----Donate: 15, [32, 38)----||||
		||||----Donate: 10, [38, 48)----||||
		||||----Donate: 14, [48, 39)----||||
		||||----Donate: 16, [39, 51)----||||
		||||----Donate: 11, [51, 55)----||||
	computing.......56
>>>>>>>>>>>>>> 56
>>>>>>>>>>>>>> 33
>>>>>>>>>>>>>> 42
>>>>>>>>>>>>>> 50
>>>>>>>>>>>>>> 44
>>>>>>>>>>>>>> 30
>>>>>>>>>>>>>> 47
		||||----Donate: 9, [47, 30)----||||
		||||----Donate: 17, [30, 44)----||||
		||||----Donate: 17, [44, 50)----||||
		||||----Donate: 17, [50, 42)----||||
		||||----Donate: 17, [42, 33)----||||
		||||----Donate: 17, [33, 56)----||||
		find 9 donators
	manage_node_request Send header: 40(T_MNG_REP) -1 18 180
	manage_node_request Send Content: 30	27 9	28 9	29 9	30 10	31 10	32 10	33 11	34 11	35 11	36 12	37 12	38 12	39 13	40 13	41 13	42 14	43 14	44 1445 15	46 15	47 15	48 16	49 16	50 16	51 17	52 17	53 17	54 18	55 18	56 18	

Sent reply to manager
	vid=27
{27, 9}		vid=28
{28, 9}		vid=29
{29, 9}		vid=30
{30, 10}		vid=31
{31, 10}		vid=32
{32, 10}		vid=33
{33, 11}		vid=34
{34, 11}		vid=35
{35, 11}		vid=36
{36, 12}		vid=37
{37, 12}		vid=38
{38, 12}		vid=39
{39, 13}		vid=40
{40, 13}		vid=41
{41, 13}		vid=42
{42, 14}		vid=43
{43, 14}		vid=44
{44, 14}		vid=45
{45, 15}		vid=46
{46, 15}		vid=47
{47, 15}		vid=48
{48, 16}		vid=49
{49, 16}		vid=50
{50, 16}		vid=51
{51, 17}		vid=52
{52, 17}		vid=53
{53, 17}		vid=54
{54, 18}		vid=55
{55, 18}		vid=56
{56, 18}	
Successfully add self to manager!  Node ID = 18
	GTStoreStorage::init Send header: 0(T) -1 18 0
Inside GTStoreStorage::init() nodes 10/5
>>> Collecting tokens...
	manage_node_request: Broadcast new node 18 to old storage nodes
	manage_node_request Send header: 104(T_MNG_REP_DNT) -1 18 11
	manage_node_request Send Content: 3	54	55	56	

	manage_node_request Send header: 104(T_MNG_REP_DNT) -1 18 8
	manage_node_request Send Content: 1	47 30	

	manage_node_request Send header: 104(T_MNG_REP_DNT) -1 18 11
	manage_node_request Send Content: 3	54	55	56	

>>> GTStoreStorage::process_manage_reply: Entering	18 join, 3 vnodes
	3
>>> add_storage_node
	manage_node_request Send header: 104(T_MNG_REP_DNT) -1 18 8
	sid=18
	manage_node_request Send Content: 1	38 48	

	vid=54
	vid=55
	vid=56
>>> GTStoreStorage::process_manage_reply: Entering	18 join, 3 vnodes
	add a new storage node !  Node ID = 9, New Node ID = 18
	manage_node_request Send header: 104(T_MNG_REP_DNT) -1 18 11
	3
	manage_node_request Send Content: 3	54	55	56	

>>> add_storage_node
	sid=18
	manage_node_request Send header: 104(T_MNG_REP_DNT) -1 18 8
	vid=54
	manage_node_request Send Content: 1	51 55	

	vid=55
	 Before KV List: 0  intervals: 1
	vid=56
	add a new storage node !  Node ID = 10, New Node ID = 18
>>> GTStoreStorage::process_manage_reply: Entering	18 join, 3 vnodes
	manage_node_request Send header: 104(T_MNG_REP_DNT) -1 18 11
	3
	manage_node_request Send Content: 3	54	55	56	

>>> add_storage_node
	sid=18
	 Before KV List: 0  intervals: 1
	vid=54
	manage_node_request Send header: 104(T_MNG_REP_DNT) -1 18 20
	manage_node_request Send Content: 3	49 35	35 28	28 52	

	vid=55
	vid=56
	add a new storage node !  Node ID = 11, New Node ID = 18
>>> GTStoreStorage::process_manage_reply: Entering	18 join, 3 vnodes
	manage_node_request Send header: 104(T_MNG_REP_DNT) -1 18 11
	3
	 Finish KV List: 0
	manage_node_request Send Content: 3	54	55	56	

	 Finish KV List: 0
>>> add_storage_node
--11(33)--	manage_node_request Send header: 104(T_MNG_REP_DNT) -1 18 14
--11(33)--	 Before KV List: 0  intervals: 1
	sid=18
--18(56)--	manage_node_request Send Content: 2	34 27	27 54	

--18(56)----14(43)--	vid=54
--14(43)----16(49)--	vid=55
>>> GTStoreStorage::process_manage_reply: Entering	18 join, 3 vnodes
--16(49)----11(35)--	manage_node_request Send header: 104(T_MNG_REP_DNT) -1 18 11
	vid=56
	3
--11(35)----9(28)--	manage_node_request Send Content: 3	54	55	56	

	add a new storage node !  Node ID = 12, New Node ID = 18
>>> add_storage_node
--9(28)----17(52)--	sid=18
--17(52)----13(40)--	manage_node_request Send header: 104(T_MNG_REP_DNT) -1 18 8
--13(40)--	vid=54
--11(34)--	manage_node_request Send Content: 1	48 39	

--11(34)----9(27)--	vid=55
--9(27)----18(54)--	vid=56
--18(54)--	 Finish KV List: 0
--12(36)--	 Before KV List: 0  intervals: 3
>>> GTStoreStorage::process_manage_reply: Entering	18 join, 3 vnodes
	add a new storage node !  Node ID = 13, New Node ID = 18
	manage_node_request Send header: 104(T_MNG_REP_DNT) -1 18 11
--12(36)----11(33)----15(45)--	3
	manage_node_request Send Content: 3	54	55	56	

--15(45)----18(56)----15(46)-->>> add_storage_node
--15(46)--	sid=18
--14(43)--	 Before KV List: 0  intervals: 2
--12(37)--	manage_node_request Send header: 104(T_MNG_REP_DNT) -1 18 14
--12(37)----16(49)--	vid=54
	 Finish KV List: 1
--9(29)--	manage_node_request Send Content: 2	52 40	32 38	

--9(29)----11(35)-->>> GTStoreStorage::process_manage_reply: Entering	18 join, 3 vnodes
--11(33)----17(53)--	vid=55
--17(53)----9(28)--	3
--18(56)--	manage_node_request Send header: 104(T_MNG_REP_DNT) -1 18 11
--13(41)--	vid=56
--10(31)----17(52)-->>> add_storage_node
--13(40)----14(43)--	manage_node_request Send Content: 3	54	55	56	

--10(32)----13(41)--	add a new storage node !  Node ID = 14, New Node ID = 18
	sid=18
--11(34)----16(49)----12(38)----10(31)----9(27)--	manage_node_request Send header: 104(T_MNG_REP_DNT) -1 18 8
--11(35)--	manage_node_request Send Content: 1	39 51	

	vid=54
--16(48)----10(32)----18(54)----9(28)--	 Finish KV List: 0
--13(39)----12(38)--	vid=55
--12(36)----17(52)----11(33)----17(51)----16(48)----15(45)--	vid=56
--15(46)----13(40)----18(56)--	manage_node_request Send header: 104(T_MNG_REP_DNT) -1 18 11
--18(55)--	 Before KV List: 0  intervals: 1
--13(39)----12(37)--	add a new storage node !  Node ID = 15, New Node ID = 18
--11(34)----14(43)--	manage_node_request Send Content: 3	54	55	56	

--15(47)----17(51)-->>> GTStoreStorage::process_manage_reply: Entering	18 join, 3 vnodes
--9(29)----9(27)----16(49)----10(30)----18(55)--	3
	manage_node_request Send header: 104(T_MNG_REP_DNT) -1 18 38
--17(53)----18(54)----11(35)--	 Finish KV List: 0
--14(44)----15(47)-->>> add_storage_node
	manage_node_request Send Content: 6	40 34	30 44	44 50	50 42	42 33	33 56	

--13(41)----12(36)----9(28)----11(33)----16(50)----10(30)--	sid=18
	 Before KV List: 0  intervals: 2
--10(31)----15(45)----17(52)----18(56)--	vid=54
--14(42)----14(44)----10(32)----15(46)----13(40)----14(43)--	vid=55

--16(50)----12(38)----14(42)----12(37)--
--11(34)----16(49)--	<<<--- Node 10:    Key: test_key_0    Version: 1556250652    Value: test_val_0_version=1 --->>>
	vid=56
--16(48)----9(29)----9(27)----13(39)--	<<<--- Node 9:    Key: test_key_3    Version: 1556250654    Value: test_val_3_version=2 --->>>
--11(35)--	<<<--- Node 10:    Key: test_key_0    Version: 1556250654    Value: test_val_0_version=2 --->>>
--17(53)--	add a new storage node !  Node ID = 16, New Node ID = 18
--18(54)----17(51)--	<<<--- Node 9:    Key: test_key_2    Version: 1556250654    Value: test_val_2_version=2 --->>>
--9(28)----13(41)--	~~~~~~~~~~~~~~~ node 10 donates tokens to node 18  ~~~~~~~~~~~~~~
	 Finish KV List: 0
>>> GTStoreStorage::process_manage_reply: Entering	18 join, 3 vnodes
	10_process_manage_reply Send header: 64(T_DNT) 10 18 2
	3
--12(36)----18(55)--	<<<--- Node 9:    Key: test_key_1    Version: 1556250654    Value: test_val_1_version=2 --->>>
--17(52)----10(31)----11(33)--	10_process_manage_reply Send Content: 0	

>>> add_storage_node
--15(45)----15(47)--	<<<--- Node 9:    Key: test_key_4    Version: 1556250654    Value: test_val_4_version=2 --->>>
--13(40)----10(32)----18(56)--	sid=18
--15(46)----10(30)--	<<<--- Node 9:    Key: test_key_3    Version: 1556250652    Value: test_val_3_version=1 --->>>
--11(34)----12(38)----14(43)----12(37)----14(44)--	vid=54
	<<<--- Node 9:    Key: test_key_1    Version: 1556250652    Value: test_val_1_version=1 --->>>
--9(27)----16(48)--	 Before KV List: 0  intervals: 1
	vid=55
--16(49)----9(29)----16(50)--	~~~~~~~~~~~~~~~ node 9 donates tokens to node 18  ~~~~~~~~~~~~~~
--18(54)----13(39)----11(35)----17(53)----14(42)--	vid=56
--12(36)----17(51)--	9_process_manage_reply Send header: 64(T_DNT) 9 18 2
	add a new storage node !  Node ID = 17, New Node ID = 18
--9(28)----13(41)--
--15(45)----18(55)--	9_process_manage_reply Send Content: 0	

--17(52)----10(31)--	<<<--- Node 11:    Key: test_key_3    Version: 1556250654    Value: test_val_3_version=2 --->>>
--15(46)----15(47)----13(40)----10(32)--	<<<--- Node 11:    Key: test_key_2    Version: 1556250652    Value: test_val_2_version=1 --->>>
--12(37)----10(30)----11(34)----12(38)--	<<<--- Node 11:    Key: test_key_3    Version: 1556250652    Value: test_val_3_version=1 --->>>
--9(29)----14(44)----9(27)----16(48)----18(54)--	<<<--- Node 11:    Key: test_key_1    Version: 1556250652    Value: test_val_1_version=1 --->>>
--17(53)--	 Before KV List: 0  intervals: 6
--16(50)----13(39)----12(36)--	<<<--- Node 11:    Key: test_key_1    Version: 1556250654    Value: test_val_1_version=2 --->>>
--13(41)----14(42)----17(51)----15(45)--	<<<--- Node 11:    Key: test_key_2    Version: 1556250654    Value: test_val_2_version=2 --->>>
	 Finish KV List: 0
--10(31)--
--18(55)----15(46)--	~~~~~~~~~~~~~~~ node 11 donates tokens to node 18  ~~~~~~~~~~~~~~
--10(32)----11(33)--	<<<--- Node 12:    Key: test_key_4    Version: 1556250654    Value: test_val_4_version=2 --->>>
--15(47)----12(37)----12(38)--	11_process_manage_reply Send header: 64(T_DNT) 11 18 2
--18(56)--	<<<--- Node 12:    Key: test_key_0    Version: 1556250654    Value: test_val_0_version=2 --->>>
--10(30)----9(29)----16(48)--	11_process_manage_reply Send Content: 0	

--14(43)----14(44)--	~~~~~~~~~~~~~~~ node 12 donates tokens to node 18  ~~~~~~~~~~~~~~
--17(53)----13(39)----16(49)----16(50)--	12_process_manage_reply Send header: 64(T_DNT) 12 18 45
--13(41)----17(51)----11(35)----14(42)--	12_process_manage_reply Send Content: 1	test_key_1	1556250654	test_val_1_version=2	

--10(31)----18(55)----9(28)--
	 Finish KV List: 1
	<<<--- Node 13:    Key: test_key_1    Version: 1556250654    Value: test_val_1_version=2 --->>>
--10(32)----15(47)----17(52)--	~~~~~~~~~~~~~~~~~~~~~~~~~~~  Got token, todo=9
--11(33)--	<<<--- Node 13:    Key: test_key_3    Version: 1556250654    Value: test_val_3_version=2 --->>>
--12(38)----10(30)----13(40)----18(56)--	<<<--- Node 13:    Key: test_key_4    Version: 1556250654    Value: test_val_4_version=2 --->>>
--16(48)----14(44)----11(34)----14(43)--	<<<--- Node 13:    Key: test_key_0    Version: 1556250654    Value: test_val_0_version=2 --->>>
--13(39)----16(50)--	~~~~~~~~~~~~~~~ node 13 donates tokens to node 18  ~~~~~~~~~~~~~~
--9(27)----16(49)----17(51)----14(42)----18(54)--
--11(35)--	13_process_manage_reply Send header: 64(T_DNT) 13 18 2
	~~~~~~~~~~~~~~~~~~~~~~~~~~~  Got token, todo=8
--18(55)----12(36)--	<<<--- Node 14:    Key: test_key_2    Version: 1556250654    Value: test_val_2_version=2 --->>>
--9(28)--	13_process_manage_reply Send Content: 0	

--15(47)----15(45)--	~~~~~~~~~~~~~~~ node 14 donates tokens to node 18  ~~~~~~~~~~~~~~
--17(52)----10(30)----13(40)----15(46)--	14_process_manage_reply Send header: 64(T_DNT) 14 18 2
--14(44)----11(34)----12(37)--	14_process_manage_reply Send Content: 0	

--16(50)----9(27)--	~~~~~~~~~~~~~~~~~~~~~~~~~~~  Got token, todo=7
--9(29)----14(42)----18(54)--
--17(53)----12(36)--	<<<--- Node 15:    Key: test_key_4    Version: 1556250652    Value: test_val_4_version=1 --->>>
--13(41)----15(45)--	<<<--- Node 15:    Key: test_key_4    Version: 1556250654    Value: test_val_4_version=2 --->>>
--10(31)----15(46)--	~~~~~~~~~~~~~~~ node 15 donates tokens to node 18  ~~~~~~~~~~~~~~
--10(32)----12(37)--	15_process_manage_reply Send header: 64(T_DNT) 15 18 2
--12(38)----9(29)--	15_process_manage_reply Send Content: 0	

	~~~~~~~~~~~~~~~~~~~~~~~~~~~  Got token, todo=6
--16(48)----17(53)----13(39)----13(41)----17(51)----10(31)----18(55)----10(32)----15(47)----12(38)----10(30)----16(48)----14(44)----13(39)----16(50)----17(51)----14(42)----18(55)--
--15(47)--	<<<--- Node 16:    Key: test_key_2    Version: 1556250654    Value: test_val_2_version=2 --->>>
--10(30)--	~~~~~~~~~~~~~~~~~~~~~~~~~~~  Got token, todo=5
--14(44)--	<<<--- Node 16:    Key: test_key_0    Version: 1556250654    Value: test_val_0_version=2 --->>>
--16(50)--	<<<--- Node 16:    Key: test_key_3    Version: 1556250652    Value: test_val_3_version=1 --->>>
--14(42)--
	<<<--- Node 16:    Key: test_key_3    Version: 1556250654    Value: test_val_3_version=2 --->>>
	<<<--- Node 17:    Key: test_key_3    Version: 1556250654    Value: test_val_3_version=2 --->>>
	~~~~~~~~~~~~~~~ node 16 donates tokens to node 18  ~~~~~~~~~~~~~~
	<<<--- Node 17:    Key: test_key_1    Version: 1556250654    Value: test_val_1_version=2 --->>>
	~~~~~~~~~~~~~~~~~~~~~~~~~~~  Got token, todo=4
	<<<--- Node 17:    Key: test_key_4    Version: 1556250654    Value: test_val_4_version=2 --->>>
	16_process_manage_reply Send header: 64(T_DNT) 16 18 2
	<<<--- Node 17:    Key: test_key_0    Version: 1556250654    Value: test_val_0_version=2 --->>>
	16_process_manage_reply Send Content: 0	

	~~~~~~~~~~~~~~~ node 17 donates tokens to node 18  ~~~~~~~~~~~~~~
	~~~~~~~~~~~~~~~~~~~~~~~~~~~  Got token, todo=3
	17_process_manage_reply Send header: 64(T_DNT) 17 18 45
	17_process_manage_reply Send Content: 1	test_key_2	1556250654	test_val_2_version=2	

	~~~~~~~~~~~~~~~~~~~~~~~~~~~  Got token, todo=2
	~~~~~~~~~~~~~~~~~~~~~~~~~~~  Got token, todo=1
<<< Done Collecting tokens...
	----ACK sending----
	GTStoreStorage::init Send header: 0(T) -1 18 0
	----ACK sent----
<<< manage_node_request: Exiting
I am node 9, I want to leave
--11(33)----18(56)----14(43)----16(49)----11(35)----9(28)----17(52)----13(40)----11(34)----9(27)----18(54)----12(36)----15(45)----15(46)----12(37)----9(29)----17(53)----13(41)----10(31)----10(32)----12(38)----16(48)----13(39)----17(51)----18(55)----15(47)----10(30)----14(44)----16(50)----14(42)--
	<<<--- Node 9:    Key: test_key_3    Version: 1556250654    Value: test_val_3_version=2 --->>>
	<<<--- Node 9:    Key: test_key_2    Version: 1556250654    Value: test_val_2_version=2 --->>>
	<<<--- Node 9:    Key: test_key_1    Version: 1556250654    Value: test_val_1_version=2 --->>>
	<<<--- Node 9:    Key: test_key_4    Version: 1556250654    Value: test_val_4_version=2 --->>>
	<<<--- Node 9:    Key: test_key_3    Version: 1556250652    Value: test_val_3_version=1 --->>>
	<<<--- Node 9:    Key: test_key_1    Version: 1556250652    Value: test_val_1_version=1 --->>>
>>> remove_storage_node	sid=9
<<< storage node 9 removed
	GTStoreStorage::leave Send header: 64(T_DNT) 9 12 88
	GTStoreStorage::leave Send Content: 2	test_key_1	1556250654	test_val_1_version=2	test_key_1	1556250652	test_val_1_version=1	

~~~~~~~~~~~ Node 9 donates to node 12 before leaving
	GTStoreStorage::leave Send header: 64(T_DNT) 9 18 88
	GTStoreStorage::leave Send Content: 2	test_key_3	1556250654	test_val_3_version=2	test_key_3	1556250652	test_val_3_version=1	

Process donate req from 12
~~~~~~~~~~~ Node 9 donates to node 18 before leaving
--11(33)----18(56)----14(43)--	GTStoreStorage::leave Send header: 64(T_DNT) 9 10 45
--16(49)--	GTStoreStorage::leave Send Content: 1	test_key_4	1556250654	test_val_4_version=2	

--11(35)--~~~~~~~~~~~ Node 9 donates to node 10 before leaving
--9(28)----17(52)----13(40)--Process donate req from 18
--11(34)----9(27)----11(33)--Process donate req from 10
	GTStoreStorage::leave Send header: 64(T_DNT) 9 17 45
--18(54)----18(56)----11(33)--	GTStoreStorage::leave Send Content: 1	test_key_2	1556250654	test_val_2_version=2	

--12(36)----14(43)----18(56)----15(45)--~~~~~~~~~~~ Node 9 donates to node 17 before leaving
--16(49)----14(43)----15(46)----11(35)--~~~~~~~~~~~ Node 9 detached from manager
--16(49)----12(37)----9(28)--	GTStoreStorage::leave Send header: 130(T_FWD_LEA) 9 9 0
--11(35)----9(29)----17(52)----9(28)----17(53)----13(40)----17(52)----13(41)--Process donate req from 17
--11(34)----13(40)----10(31)----9(27)----11(33)----11(34)----10(32)----18(54)----12(38)----18(56)----9(27)-->>> GTStoreManager: manage_node_request_leave
--12(36)--#nodes= 10
--16(48)----14(43)----18(54)----15(45)-->>> remove_storage_node	sid=9
--13(39)----16(49)----12(36)----15(46)----17(51)----11(35)----15(45)----12(37)----18(55)----9(29)----9(28)----15(46)--<<< storage node 9 removed
--15(47)----17(53)----17(52)----12(37)--#nodes= 9
--10(30)----13(41)----13(40)----9(29)--Sending close to 10
--14(44)----10(31)----11(34)----17(53)----16(50)----10(32)----9(27)----13(41)----14(42)----12(38)--	manage_node_request_leave Send header: 136(T_MNG_LEA) 9 9 0
--18(54)----10(31)--
--16(48)----12(36)----10(32)--	Manager send leaving message:---------------
--13(39)--	<<<--- Node 12:    Key: test_key_4    Version: 1556250654    Value: test_val_4_version=2 --->>>
--15(45)----12(38)-- header: 136(T_MNG_LEA) 9 9 0
--17(51)--	<<<--- Node 12:    Key: test_key_0    Version: 1556250654    Value: test_val_0_version=2 --->>>
--15(46)----16(48)----18(55)--Sending close to 11
--12(37)----13(39)----15(47)----9(29)----17(51)----10(30)----17(53)----18(55)----14(44)----13(41)-----------Duplicate Data on Node 12: test_key_1 ---------
--15(47)--	manage_node_request_leave Send header: 136(T_MNG_LEA) 9 9 0
--16(50)----10(31)----10(30)--After accept donation from 9:--14(44)----14(42)--	Manager send leaving message:---------------
--10(32)----11(33)----16(50)--
 header: 136(T_MNG_LEA) 9 9 0
--12(38)----18(56)----14(42)--	<<<--- Node 18:    Key: test_key_2    Version: 1556250654    Value: test_val_2_version=2 --->>>
--16(48)----14(43)--Sending close to 12

>>> remove_storage_node	sid=9
	<<<--- Node 18:    Key: test_key_1    Version: 1556250654    Value: test_val_1_version=2 --->>>
--13(39)----16(49)--	<<<--- Node 10:    Key: test_key_0    Version: 1556250652    Value: test_val_0_version=1 --->>>
	manage_node_request_leave Send header: 136(T_MNG_LEA) 9 9 0
--17(51)----11(35)--<<< storage node 9 removed
	<<<--- Node 10:    Key: test_key_0    Version: 1556250654    Value: test_val_0_version=2 --->>>
--18(55)--	Manager send leaving message:---------------
--9(28)-----------Duplicate Data on Node 18: test_key_3 ---------
--15(47)-- header: 136(T_MNG_LEA) 9 9 0
After accept donation from 9:--17(52)----10(30)--After accept donation from 9:--11(33)--Sending close to 13
--13(40)----14(44)----11(33)----18(56)----11(34)----16(50)----18(56)----14(43)--	manage_node_request_leave Send header: 136(T_MNG_LEA) 9 9 0
--9(27)----14(42)----14(43)----16(49)----18(54)--	Manager send leaving message:---------------

--16(49)----11(35)----12(36)-- header: 136(T_MNG_LEA) 9 9 0
	<<<--- Node 17:    Key: test_key_3    Version: 1556250654    Value: test_val_3_version=2 --->>>
--11(35)----9(28)----15(45)--Sending close to 14
	<<<--- Node 17:    Key: test_key_1    Version: 1556250654    Value: test_val_1_version=2 --->>>
--9(28)----17(52)-->>> remove_storage_node	sid=9
--15(46)--	<<<--- Node 17:    Key: test_key_4    Version: 1556250654    Value: test_val_4_version=2 --->>>
--17(52)----13(40)--	manage_node_request_leave Send header: 136(T_MNG_LEA) 9 9 0
--12(37)--	<<<--- Node 17:    Key: test_key_0    Version: 1556250654    Value: test_val_0_version=2 --->>>
--13(40)----11(34)--<<< storage node 9 removed
--9(29)--	Manager send leaving message:---------------
--11(34)----9(27)----17(53)--After accept donation from 9: header: 136(T_MNG_LEA) 9 9 0
--9(27)----18(54)----13(41)----12(36)----11(33)-->>> remove_storage_node	sid=9
--18(54)--Sending close to 15
--10(31)----15(45)----18(56)----12(36)----10(32)----15(45)----15(46)----14(43)----12(38)----15(46)----16(48)--<<< storage node 9 removed
	manage_node_request_leave Send header: 136(T_MNG_LEA) 9 9 0
--12(37)----16(49)----12(37)----11(35)--	Manager send leaving message:---------------
--13(39)----9(29)----9(29)----9(28)-- header: 136(T_MNG_LEA) 9 9 0
--17(51)----17(53)----17(53)----17(52)----18(55)----13(41)--Sending close to 16
--13(41)----13(40)----15(47)-->>> remove_storage_node	sid=9
--10(31)----10(31)----11(34)----10(30)--	manage_node_request_leave Send header: 136(T_MNG_LEA) 9 9 0
--10(32)----10(32)----9(27)----12(38)----14(44)--<<< storage node 9 removed
--12(38)--	Manager send leaving message:---------------
--18(54)----16(48)----16(50)----16(48)-- header: 136(T_MNG_LEA) 9 9 0
--12(36)----13(39)----14(42)-->>> remove_storage_node	sid=9
--13(39)----15(45)--Sending close to 17
--17(51)--
--17(51)--	<<<--- Node 12:    Key: test_key_1    Version: 1556250654    Value: test_val_1_version=2 --->>>
--15(46)----18(55)--<<< storage node 9 removed
--18(55)--	manage_node_request_leave Send header: 136(T_MNG_LEA) 9 9 0
	<<<--- Node 12:    Key: test_key_4    Version: 1556250654    Value: test_val_4_version=2 --->>>
--12(37)----15(47)----15(47)--	Manager send leaving message:---------------
	<<<--- Node 12:    Key: test_key_0    Version: 1556250654    Value: test_val_0_version=2 --->>>
--9(29)----10(30)----10(30)-- header: 136(T_MNG_LEA) 9 9 0
--17(53)----14(44)----14(44)----13(41)--Sending close to 18
--16(50)----16(50)----10(31)----14(42)----14(42)----10(32)--
>>> remove_storage_node	sid=9

	manage_node_request_leave Send header: 136(T_MNG_LEA) 9 9 0
--12(38)--	<<<--- Node 10:    Key: test_key_4    Version: 1556250654    Value: test_val_4_version=2 --->>>
	<<<--- Node 18:    Key: test_key_2    Version: 1556250654    Value: test_val_2_version=2 --->>>
--16(48)--	Manager send leaving message:---------------
<<< storage node 9 removed
	<<<--- Node 10:    Key: test_key_0    Version: 1556250652    Value: test_val_0_version=1 --->>>
	<<<--- Node 18:    Key: test_key_3    Version: 1556250654    Value: test_val_3_version=2 --->>>
--13(39)-- header: 136(T_MNG_LEA) 9 9 0
	<<<--- Node 10:    Key: test_key_0    Version: 1556250654    Value: test_val_0_version=2 --->>>
	<<<--- Node 18:    Key: test_key_1    Version: 1556250654    Value: test_val_1_version=2 --->>>
--17(51)--<<< GTStoreManager: manage_node_request_leave
--18(55)--	manage_node_request_leave Send header: 136(T_MNG_LEA) 9 9 0
--15(47)----10(30)----14(44)----16(50)-->>> remove_storage_node	sid=9
>>> remove_storage_node	sid=9
--14(42)--
<<< storage node 9 removed
	<<<--- Node 17:    Key: test_key_2    Version: 1556250654    Value: test_val_2_version=2 --->>>
<<< storage node 9 removed
	<<<--- Node 17:    Key: test_key_3    Version: 1556250654    Value: test_val_3_version=2 --->>>
	<<<--- Node 17:    Key: test_key_1    Version: 1556250654    Value: test_val_1_version=2 --->>>
	<<<--- Node 17:    Key: test_key_4    Version: 1556250654    Value: test_val_4_version=2 --->>>
	<<<--- Node 17:    Key: test_key_0    Version: 1556250654    Value: test_val_0_version=2 --->>>
>>> remove_storage_node	sid=9
<<< storage node 9 removed
========================
========================
=== Starting Storage Node 19...
	GTStoreStorage::init Send header: 2(T_FWD) -1 -1 1
	GTStoreStorage::init Send Content: 3

Sent request to manager
>>> manage_node_request: Entering with 3 requested vnodes
>>> add_storage_node
	sid=19
	vid=57
	vid=58
	vid=59
--11(33)----18(56)----14(43)----16(49)----19(58)----11(35)----17(52)----13(40)----11(34)----19(57)----18(54)----12(36)----15(45)----15(46)----12(37)----17(53)----13(41)----10(31)----10(32)----19(59)----12(38)----16(48)----13(39)----17(51)----18(55)----15(47)----10(30)----14(44)----16(50)----14(42)--
	computing.......57
>>>>>>>>>>>>>> 57
>>>>>>>>>>>>>> 34
>>>>>>>>>>>>>> 40
>>>>>>>>>>>>>> 52
>>>>>>>>>>>>>> 35
>>>>>>>>>>>>>> 58
		||||----Donate: 12, [58, 35)----||||
		||||----Donate: 12, [35, 52)----||||
		||||----Donate: 15, [52, 40)----||||
		||||----Donate: 17, [40, 34)----||||
		||||----Donate: 13, [34, 57)----||||
	computing.......58
>>>>>>>>>>>>>> 58
>>>>>>>>>>>>>> 49
>>>>>>>>>>>>>> 43
>>>>>>>>>>>>>> 56
>>>>>>>>>>>>>> 33
>>>>>>>>>>>>>> 42
>>>>>>>>>>>>>> 50
>>>>>>>>>>>>>> 44
>>>>>>>>>>>>>> 30
		||||----Donate: 17, [30, 44)----||||
		||||----Donate: 17, [44, 50)----||||
		||||----Donate: 17, [50, 42)----||||
		||||----Donate: 17, [42, 33)----||||
		||||----Donate: 17, [33, 56)----||||
		||||----Donate: 13, [56, 43)----||||
		||||----Donate: 18, [43, 49)----||||
		||||----Donate: 12, [49, 58)----||||
	computing.......59
>>>>>>>>>>>>>> 59
>>>>>>>>>>>>>> 32
>>>>>>>>>>>>>> 31
>>>>>>>>>>>>>> 41
>>>>>>>>>>>>>> 53
>>>>>>>>>>>>>> 37
>>>>>>>>>>>>>> 46
		||||----Donate: 16, [46, 37)----||||
		||||----Donate: 16, [37, 53)----||||
		||||----Donate: 17, [53, 41)----||||
		||||----Donate: 17, [41, 31)----||||
		||||----Donate: 17, [31, 32)----||||
		||||----Donate: 18, [32, 59)----||||
		find 6 donators
	manage_node_request Send header: 40(T_MNG_REP) -1 19 183
	manage_node_request Send Content: 30	30 10	31 10	32 10	33 11	34 11	35 11	36 12	37 12	38 12	39 13	40 13	41 13	42 14	43 14	44 14	45 15	46 15	47 1548 16	49 16	50 16	51 17	52 17	53 17	54 18	55 18	56 18	57 19	58 19	59 19	

Sent reply to manager
	vid=30
{30, 10}		vid=31
{31, 10}		vid=32
{32, 10}		vid=33
{33, 11}		vid=34
{34, 11}		vid=35
{35, 11}		vid=36
{36, 12}		vid=37
{37, 12}		vid=38
{38, 12}		vid=39
{39, 13}		vid=40
{40, 13}		vid=41
{41, 13}		vid=42
{42, 14}		vid=43
{43, 14}		vid=44
{44, 14}		vid=45
{45, 15}		vid=46
{46, 15}		vid=47
{47, 15}		vid=48
{48, 16}		vid=49
{49, 16}		vid=50
{50, 16}		vid=51
{51, 17}		vid=52
{52, 17}		vid=53
{53, 17}		vid=54
{54, 18}		vid=55
{55, 18}		vid=56
{56, 18}		vid=57
{57, 19}		vid=58
{58, 19}		vid=59
{59, 19}	
Successfully add self to manager!  Node ID = 19
	GTStoreStorage::init Send header: 0(T) -1 19 0
Inside GTStoreStorage::init() nodes 10/5
>>> Collecting tokens...
	manage_node_request: Broadcast new node 19 to old storage nodes
	manage_node_request Send header: 40(T_MNG_REP) -1 19 11
	manage_node_request Send Content: 3	57	58	59	

	manage_node_request Send header: 40(T_MNG_REP) -1 19 11
>>> GTStoreStorage::process_manage_reply: Entering	19 join, 3 vnodes
	manage_node_request Send Content: 3	57	58	59	

	3
>>> add_storage_node
	sid=19
	vid=57
	vid=58
	manage_node_request Send header: 104(T_MNG_REP_DNT) -1 19 11
	vid=59
	manage_node_request Send Content: 3	57	58	59	

	add a new storage node !  Node ID = 10, New Node ID = 19
>>> GTStoreStorage::process_manage_reply: Entering	19 join, 3 vnodes
	manage_node_request Send header: 104(T_MNG_REP_DNT) -1 19 20
	3
	manage_node_request Send Content: 3	58 35	35 52	49 58	

>>> add_storage_node
	sid=19
	vid=57
>>> GTStoreStorage::process_manage_reply: Entering	19 join, 3 vnodes
	manage_node_request Send header: 104(T_MNG_REP_DNT) -1 19 11
	vid=58
	3
	manage_node_request Send Content: 3	57	58	59	

	vid=59
>>> add_storage_node
	sid=19
	add a new storage node !  Node ID = 11, New Node ID = 19
	manage_node_request Send header: 104(T_MNG_REP_DNT) -1 19 14
	vid=57
	manage_node_request Send Content: 2	34 57	56 43	

	vid=58
	vid=59
>>> GTStoreStorage::process_manage_reply: Entering	19 join, 3 vnodes
	add a new storage node !  Node ID = 12, New Node ID = 19
	3
	manage_node_request Send header: 40(T_MNG_REP) -1 19 11
>>> add_storage_node
	manage_node_request Send Content: 3	57	58	59	

	sid=19
	vid=57
	vid=58
	vid=59
	manage_node_request Send header: 104(T_MNG_REP_DNT) -1 19 11
	add a new storage node !  Node ID = 13, New Node ID = 19
	manage_node_request Send Content: 3	57	58	59	

	 Before KV List: 0  intervals: 3
>>> GTStoreStorage::process_manage_reply: Entering	19 join, 3 vnodes
	manage_node_request Send header: 104(T_MNG_REP_DNT) -1 19 8
	3
	manage_node_request Send Content: 1	52 40	

>>> add_storage_node
	sid=19
	 Before KV List: 0  intervals: 2
	vid=57
>>> GTStoreStorage::process_manage_reply: Entering	19 join, 3 vnodes
	manage_node_request Send header: 104(T_MNG_REP_DNT) -1 19 11
	vid=58
	3
	manage_node_request Send Content: 3	57	58	59	

	vid=59
>>> add_storage_node
	 Finish KV List: 1
	sid=19
	add a new storage node !  Node ID = 14, New Node ID = 19
	manage_node_request Send header: 104(T_MNG_REP_DNT) -1 19 14
--11(33)--	vid=57
	manage_node_request Send Content: 2	46 37	37 53	

--18(56)--	vid=58
--14(43)-->>> GTStoreStorage::process_manage_reply: Entering	19 join, 3 vnodes
--16(49)--	vid=59
	 Finish KV List: 0
	3
--19(58)--	add a new storage node !  Node ID = 15, New Node ID = 19
	manage_node_request Send header: 104(T_MNG_REP_DNT) -1 19 11
--11(33)-->>> add_storage_node
--11(35)--	sid=19
	manage_node_request Send Content: 3	57	58	59	

--18(56)----17(52)--	vid=57
--14(43)----13(40)----16(49)--	manage_node_request Send header: 104(T_MNG_REP_DNT) -1 19 56
	vid=58
--11(34)----19(58)--	 Before KV List: 0  intervals: 1
	manage_node_request Send Content: 9	40 34	30 44	44 50	50 42	42 33	33 56	53 41	41 31	31 32	

	vid=59
--19(57)----11(35)-->>> GTStoreStorage::process_manage_reply: Entering	19 join, 3 vnodes
	add a new storage node !  Node ID = 16, New Node ID = 19
--18(54)----17(52)--	3
--12(36)----13(40)--	manage_node_request Send header: 104(T_MNG_REP_DNT) -1 19 11
>>> add_storage_node
--15(45)----11(34)--	 Finish KV List: 0
	manage_node_request Send Content: 3	57	58	59	

	 Before KV List: 0  intervals: 2
	sid=19
--15(46)----19(57)----11(33)----18(54)----12(37)--	vid=57
	manage_node_request Send header: 104(T_MNG_REP_DNT) -1 19 14
--18(56)----12(36)----17(53)--	manage_node_request Send Content: 2	43 49	32 59	

	vid=58
--14(43)----15(45)----13(41)-->>> GTStoreStorage::process_manage_reply: Entering	19 join, 3 vnodes
	vid=59
--16(49)----15(46)----10(31)--	3
	add a new storage node !  Node ID = 17, New Node ID = 19
--19(58)----12(37)----10(32)-->>> add_storage_node
	 Finish KV List: 0
--11(35)----17(53)----19(59)--	sid=19
--11(33)----17(52)----13(41)----12(38)----18(56)--	vid=57
--13(40)----10(31)----16(48)----14(43)--	 Before KV List: 0  intervals: 9
--11(34)--	vid=58
--10(32)----13(39)----16(49)----19(57)--	vid=59
--19(59)--	add a new storage node !  Node ID = 18, New Node ID = 19
--17(51)----19(58)----18(54)----12(38)----18(55)----11(35)----12(36)----16(48)----15(47)----17(52)----15(45)----13(39)----10(30)----13(40)----15(46)----17(51)--	 Before KV List: 0  intervals: 2
--14(44)----11(34)----12(37)----18(55)----16(50)----19(57)----17(53)----15(47)----14(42)----18(54)----13(41)----10(30)--
--12(36)----10(31)----14(44)--	 Finish KV List: 2
--15(45)--	<<<--- Node 12:    Key: test_key_4    Version: 1556250654    Value: test_val_4_version=2 --->>>
--10(32)----16(50)----11(33)----15(46)--	<<<--- Node 12:    Key: test_key_0    Version: 1556250654    Value: test_val_0_version=2 --->>>
--19(59)----14(42)----18(56)----12(37)--	 Finish KV List: 1
--12(38)--
	~~~~~~~~~~~~~~~ node 12 donates tokens to node 19  ~~~~~~~~~~~~~~
	<<<--- Node 13:    Key: test_key_1    Version: 1556250654    Value: test_val_1_version=2 --->>>
--14(43)----17(53)----11(33)----16(48)--	12_process_manage_reply Send header: 64(T_DNT) 12 19 45
	<<<--- Node 13:    Key: test_key_3    Version: 1556250654    Value: test_val_3_version=2 --->>>
--16(49)----13(41)----18(56)----13(39)--	12_process_manage_reply Send Content: 1	test_key_1	1556250654	test_val_1_version=2	

	<<<--- Node 13:    Key: test_key_4    Version: 1556250654    Value: test_val_4_version=2 --->>>
--19(58)----10(31)----14(43)----17(51)--	<<<--- Node 13:    Key: test_key_0    Version: 1556250654    Value: test_val_0_version=2 --->>>
--11(35)----10(32)----16(49)----18(55)----17(52)--	~~~~~~~~~~~~~~~ node 13 donates tokens to node 19  ~~~~~~~~~~~~~~
--19(59)----19(58)----15(47)--	~~~~~~~~~~~~~~~~~~~~~~~~~~~  Got token, todo=6
--12(38)--	13_process_manage_reply Send header: 64(T_DNT) 13 19 2
--11(35)----10(30)----13(40)----16(48)----11(34)--	13_process_manage_reply Send Content: 0	

--17(52)----14(44)----13(39)----19(57)----13(40)----16(50)----17(51)----18(54)----11(34)----14(42)----19(57)----18(55)----18(54)----12(36)--
--15(47)----12(36)----15(45)----10(30)--	<<<--- Node 15:    Key: test_key_4    Version: 1556250652    Value: test_val_4_version=1 --->>>
--15(45)----15(46)----14(44)--	<<<--- Node 15:    Key: test_key_4    Version: 1556250654    Value: test_val_4_version=2 --->>>
--15(46)----12(37)--	~~~~~~~~~~~~~~~~~~~~~~~~~~~  Got token, todo=5
--16(50)----12(37)--	~~~~~~~~~~~~~~~ node 15 donates tokens to node 19  ~~~~~~~~~~~~~~
--17(53)----14(42)----17(53)----13(41)--
	15_process_manage_reply Send header: 64(T_DNT) 15 19 2
--13(41)----10(31)--	<<<--- Node 16:    Key: test_key_2    Version: 1556250654    Value: test_val_2_version=2 --->>>
	15_process_manage_reply Send Content: 0	

--10(31)----10(32)--	<<<--- Node 16:    Key: test_key_0    Version: 1556250654    Value: test_val_0_version=2 --->>>
--10(32)--	<<<--- Node 16:    Key: test_key_3    Version: 1556250652    Value: test_val_3_version=1 --->>>
--19(59)----19(59)--	<<<--- Node 16:    Key: test_key_3    Version: 1556250654    Value: test_val_3_version=2 --->>>
--12(38)----12(38)----16(48)--	~~~~~~~~~~~~~~~ node 16 donates tokens to node 19  ~~~~~~~~~~~~~~
--16(48)--	~~~~~~~~~~~~~~~~~~~~~~~~~~~  Got token, todo=4
--13(39)--	16_process_manage_reply Send header: 64(T_DNT) 16 19 2
--13(39)----17(51)--	16_process_manage_reply Send Content: 0	

--17(51)----18(55)----18(55)----15(47)----15(47)----10(30)----10(30)----14(44)----14(44)----16(50)----16(50)----14(42)----14(42)--

	~~~~~~~~~~~~~~~~~~~~~~~~~~~  Got token, todo=3
	<<<--- Node 17:    Key: test_key_3    Version: 1556250654    Value: test_val_3_version=2 --->>>
	<<<--- Node 18:    Key: test_key_2    Version: 1556250654    Value: test_val_2_version=2 --->>>
	<<<--- Node 17:    Key: test_key_1    Version: 1556250654    Value: test_val_1_version=2 --->>>
	<<<--- Node 18:    Key: test_key_1    Version: 1556250654    Value: test_val_1_version=2 --->>>
	<<<--- Node 17:    Key: test_key_4    Version: 1556250654    Value: test_val_4_version=2 --->>>
	~~~~~~~~~~~~~~~ node 18 donates tokens to node 19  ~~~~~~~~~~~~~~
	~~~~~~~~~~~~~~~ node 17 donates tokens to node 19  ~~~~~~~~~~~~~~
	18_process_manage_reply Send header: 64(T_DNT) 18 19 45
	18_process_manage_reply Send Content: 1	test_key_3	1556250654	test_val_3_version=2	

	17_process_manage_reply Send header: 64(T_DNT) 17 19 88
	17_process_manage_reply Send Content: 2	test_key_2	1556250654	test_val_2_version=2	test_key_0	1556250654	test_val_0_version=2	

	~~~~~~~~~~~~~~~~~~~~~~~~~~~  Got token, todo=2
	~~~~~~~~~~~~~~~~~~~~~~~~~~~  Got token, todo=1
<<< Done Collecting tokens...
	----ACK sending----
	GTStoreStorage::init Send header: 0(T) -1 19 0
	----ACK sent----
<<< manage_node_request: Exiting
ERROR: Socket connect: No such file or directory
ERROR: Socket connect: No such file or directory
	get_contact_node Send header: 1(T_CLI) 0 -1 0
	get_contact_node Send header: 1(T_CLI) 2 -1 0
>>> manage_client_request: Entering
	manage_client_request Send header: 1(T_CLI) 0 12 0
<<< manage_client_request: Exiting
>>> manage_client_request: Entering
	manage_client_request Send header: 1(T_CLI) 2 13 0
<<< manage_client_request: Exiting
	get Send header: 1(T_CLI) 0 8 14
	get Send Content: test_key_0	0		

ERROR: Socket connect: No such file or directory
	get_contact_node Send header: 1(T_CLI) 4 -1 0
	get Send header: 1(T_CLI) 2 7 14
	get Send Content: test_key_2	0		

	process_client_request Send header: 2(T_FWD) 0 12 23
>>> manage_client_request: Entering
	process_client_request Send Content: test_key_0	1556250655		

	manage_client_request Send header: 1(T_CLI) 4 14 0
<<< manage_client_request: Exiting
	process_client_request Send header: 2(T_FWD) 2 13 23
	process_client_request Send Content: test_key_2	1556250655		

>>> Entered process_forward_request
	get Send header: 1(T_CLI) 4 9 14
	get Send Content: test_key_4	0		

>>> Entered process_forward_request
	Read data test_val_0_version=2
	Broadcast with proxy node_id...
	process_forward_request Send header: 4(T_COO) 0 12 23
	Read data test_val_2_version=2
	process_forward_request Send Content: test_key_0	1556250655		

	Broadcast with proxy node_id...
	Broadcast with proxy node_id...
	process_client_request Send header: 2(T_FWD) 4 14 23
	process_forward_request Send header: 4(T_COO) 2 13 23
	process_forward_request Send header: 4(T_COO) 0 12 23
	process_client_request Send Content: test_key_4	1556250655		

	process_forward_request Send Content: test_key_2	1556250655		

	process_forward_request Send Content: test_key_0	1556250655		

	Broadcast with proxy node_id...
	Broadcast with proxy node_id...
	process_forward_request Send header: 4(T_COO) 2 13 23
	process_forward_request Send Content: test_key_2	1556250655		

>>> Entered process_forward_request
	Broadcast with proxy node_id...
	process_forward_request Send header: 4(T_COO) 0 12 23
	process_coordinate_request Send header: 36(T_COO_REP) 0 12 43
	process_forward_request Send header: 4(T_COO) 2 13 23
	process_forward_request Send Content: test_key_0	1556250655		

	process_coordinate_request Send Content: test_key_0	1556250654	test_val_0_version=2	

	Read data test_val_4_version=2
	process_forward_request Send Content: test_key_2	1556250655		

	process_coordinate_request Send header: 36(T_COO_REP) 2 13 43
	process_coordinate_request Send header: 36(T_COO_REP) 0 12 43
	Broadcast with proxy node_id...
	Broadcast with proxy node_id...
	process_coordinate_request Send header: 36(T_COO_REP) 2 13 43
	Broadcast with proxy node_id...
	process_coordinate_request Send Content: test_key_2	1556250654	test_val_2_version=2	

	process_coordinate_request Send Content: test_key_0	1556250654	test_val_0_version=2	

	process_coordinate_request Send Content: test_key_2	1556250654	test_val_2_version=2	

	process_forward_request Send header: 4(T_COO) 0 12 23
	process_forward_request Send header: 4(T_COO) 4 14 23
	process_forward_request Send header: 4(T_COO) 2 13 23
	process_coordinate_request Send header: 36(T_COO_REP) 0 12 43
	get Send header: 1(T_CLI) 3 10 14
	process_forward_request Send Content: test_key_0	1556250655		

	get Send header: 1(T_CLI) 1 11 14
	process_forward_request Send Content: test_key_4	1556250655		

	process_forward_request Send Content: test_key_2	1556250655		

	process_coordinate_request Send Content: test_key_0	1556250654	test_val_0_version=2	

	get Send Content: test_key_3	0		

	get Send Content: test_key_1	0		

<<< Exited process_forward_request with received=1
	Broadcast with proxy node_id...
<<< Exited process_forward_request with received=1
	process_coordinate_request Send header: 36(T_COO_REP) 0 12 43
	process_coordinate_request Send Content: test_key_0	1556250654	test_val_0_version=2	

	process_forward_request Send header: 4(T_COO) 4 14 23
	process_coordinate_request Send header: 36(T_COO_REP) 4 14 43
	process_forward_request Send Content: test_key_4	1556250655		

	process_coordinate_request Send Content: test_key_4	1556250654	test_val_4_version=2	

>>> GTStoreStorage::process_coordinate_reply: Entering
>>> GTStoreStorage::process_coordinate_reply: Entering
	Broadcast with proxy node_id...
	process_coordinate_request Send header: 36(T_COO_REP) 2 13 43
	Done task 2/3
	process_forward_request Send header: 4(T_COO) 4 14 23
	Done task 2/3
	process_coordinate_request Send Content: test_key_2	1556250654	test_val_2_version=2	

	process_forward_request Send Content: test_key_4	1556250655		

>>> GTStoreStorage::process_coordinate_reply: Entering
	Broadcast with proxy node_id...
	Done task 3/3
	process_coordinate_request Send header: 36(T_COO_REP) 4 14 43
>>> GTStoreStorage::process_coordinate_reply: Entering
>>> Entering finish_coordination
	process_forward_request Send header: 4(T_COO) 4 14 23
	process_coordinate_request Send Content: test_key_4	1556250654	test_val_4_version=2	

	Done task 3/3
	send back to transferrer
	process_forward_request Send Content: test_key_4	1556250655		

>>> Entering finish_coordination
send back to transferrer: node.socket_12
	send back to transferrer
<<< Exited process_forward_request with received=1
send back to transferrer: node.socket_13
	finish_coordination Send header: 34(T_FWD_REP) 0 12 43
	finish_coordination Send Content: test_key_0	1556250654	test_val_0_version=2	

	finish_coordination Send header: 34(T_FWD_REP) 2 13 43
	process_coordinate_request Send header: 36(T_COO_REP) 4 14 43
	finish_coordination Send Content: test_key_2	1556250654	test_val_2_version=2	

	process_coordinate_request Send Content: test_key_4	1556250654	test_val_4_version=2	

>>> GTStoreStorage::process_coordinate_reply: Entering
	Done task 2/3
>>> Send back to client
>>> GTStoreStorage::process_coordinate_reply: Entering
<<< Exiting process_coordinate_reply
	process_forward_reply Send header: 33(T_CLI_REP) 0 12 43
	process_forward_reply Send Content: test_key_0	1556250654	test_val_0_version=2	

>>> Send back to client
>>> GTStoreStorage::process_coordinate_reply: Entering
	process_forward_reply Send header: 33(T_CLI_REP) 2 13 43
	Done task 3/3
	process_client_request Send header: 2(T_FWD) 1 11 23
	process_forward_reply Send Content: test_key_2	1556250654	test_val_2_version=2	

>>> Entering finish_coordination
	process_client_request Send Content: test_key_1	1556250655		

	process_client_request Send header: 2(T_FWD) 3 10 23
	send back to transferrer
>>> Inside GTStoreClient::get() for client: 0 key: test_key_0 value: test_val_0_version=2
	process_client_request Send Content: test_key_3	1556250655		

send back to transferrer: node.socket_14
>>> Inside GTStoreClient::get() for client: 2 key: test_key_2 value: test_val_2_version=2
>>> GTStoreStorage::process_coordinate_reply: Entering
	finish_coordination Send header: 34(T_FWD_REP) 4 14 43
<<< Exiting process_coordinate_reply
	finish_coordination Send Content: test_key_4	1556250654	test_val_4_version=2	

>>> GTStoreStorage::process_coordinate_reply: Entering
>>> Entered process_forward_request
<<< Exiting process_coordinate_reply
>>> GTStoreStorage::process_coordinate_reply: Entering
>>> Send back to client
<<< Exiting process_coordinate_reply
	process_forward_reply Send header: 33(T_CLI_REP) 4 14 43
	process_forward_reply Send Content: test_key_4	1556250654	test_val_4_version=2	

	process_coordinate_request Send header: 36(T_COO_REP) 2 13 43
	Read data test_val_3_version=2
	process_coordinate_request Send Content: test_key_2	1556250654	test_val_2_version=2	

	Broadcast with proxy node_id...
	process_coordinate_request Send header: 36(T_COO_REP) 4 14 43
	process_coordinate_request Send Content: test_key_4	1556250654	test_val_4_version=2	

	process_forward_request Send header: 4(T_COO) 3 10 23
>>> Inside GTStoreClient::get() for client: 4 key: test_key_4 value: test_val_4_version=2
	process_forward_request Send Content: test_key_3	1556250655		

>>> Entered process_forward_request
>>> GTStoreStorage::process_coordinate_reply: Entering
	Broadcast with proxy node_id...
>>> GTStoreStorage::process_coordinate_reply: Entering
<<< Exiting process_coordinate_reply
<<< Exiting process_coordinate_reply
	process_forward_request Send header: 4(T_COO) 3 10 23
	process_forward_request Send Content: test_key_3	1556250655		

	Read data 
	Broadcast with proxy node_id...
	Broadcast with proxy node_id...
	process_forward_request Send header: 4(T_COO) 1 11 23
	process_forward_request Send Content: test_key_1	1556250655		

	process_forward_request Send header: 4(T_COO) 3 10 23
	Broadcast with proxy node_id...
	process_forward_request Send Content: test_key_3	1556250655		

	process_forward_request Send header: 4(T_COO) 1 11 23
	process_forward_request Send Content: test_key_1	1556250655		

	process_coordinate_request Send header: 36(T_COO_REP) 3 10 43
	Broadcast with proxy node_id...
	process_coordinate_request Send Content: test_key_3	1556250654	test_val_3_version=2	

	Broadcast with proxy node_id...
	process_forward_request Send header: 4(T_COO) 3 10 23
	process_forward_request Send header: 4(T_COO) 1 11 23
	process_forward_request Send Content: test_key_3	1556250655		

	process_forward_request Send Content: test_key_1	1556250655		

	process_coordinate_request Send header: 36(T_COO_REP) 3 10 43
	process_coordinate_request Send Content: test_key_3	1556250654	test_val_3_version=2	

<<< Exited process_forward_request with received=1
	Broadcast with proxy node_id...
	process_coordinate_request Send header: 36(T_COO_REP) 1 11 14
	process_coordinate_request Send Content: test_key_1	0		

	process_forward_request Send header: 4(T_COO) 1 11 23
	process_forward_request Send Content: test_key_1	1556250655		

<<< Exited process_forward_request with received=1
>>> GTStoreStorage::process_coordinate_reply: Entering
	process_coordinate_request Send header: 36(T_COO_REP) 3 10 43
	process_coordinate_request Send header: 36(T_COO_REP) 1 11 43
	Done task 2/3
	process_coordinate_request Send Content: test_key_3	1556250654	test_val_3_version=2	

	process_coordinate_request Send Content: test_key_1	1556250654	test_val_1_version=2	

	process_coordinate_request Send header: 36(T_COO_REP) 3 10 43
	process_coordinate_request Send Content: test_key_3	1556250654	test_val_3_version=2	

	process_coordinate_request Send header: 36(T_COO_REP) 1 11 43
>>> GTStoreStorage::process_coordinate_reply: Entering
	process_coordinate_request Send Content: test_key_1	1556250654	test_val_1_version=2	

	Done task 3/3
>>> Entering finish_coordination
>>> GTStoreStorage::process_coordinate_reply: Entering
	send back to transferrer
	Done task 2/3
	process_coordinate_request Send header: 36(T_COO_REP) 1 11 43
send back to transferrer: node.socket_10
	process_coordinate_request Send Content: test_key_1	1556250654	test_val_1_version=2	

	finish_coordination Send header: 34(T_FWD_REP) 3 10 43
>>> GTStoreStorage::process_coordinate_reply: Entering
	finish_coordination Send Content: test_key_3	1556250654	test_val_3_version=2	

	Done task 3/3
>>> Entering finish_coordination
	send back to transferrer
send back to transferrer: node.socket_11
	finish_coordination Send header: 34(T_FWD_REP) 1 11 14
	finish_coordination Send Content: test_key_1	0		

>>> Send back to client
	process_forward_reply Send header: 33(T_CLI_REP) 3 10 43
	process_forward_reply Send Content: test_key_3	1556250654	test_val_3_version=2	

>>> GTStoreStorage::process_coordinate_reply: Entering
<<< Exiting process_coordinate_reply
>>> GTStoreStorage::process_coordinate_reply: Entering
>>> Send back to client
<<< Exiting process_coordinate_reply
	process_forward_reply Send header: 33(T_CLI_REP) 1 11 14
	process_forward_reply Send Content: test_key_1	0		

>>> Inside GTStoreClient::get() for client: 3 key: test_key_3 value: test_val_3_version=2
>>> GTStoreStorage::process_coordinate_reply: Entering
>>> GTStoreStorage::process_coordinate_reply: Entering
<<< Exiting process_coordinate_reply
<<< Exiting process_coordinate_reply
>>> Inside GTStoreClient::get() for client: 1 key: test_key_1 value: 
======================== DEBUG 2================
	 Send header: 256(T) -1 -1 0
	 Send header: 256(T) -1 -1 0
	 Send header: 256(T) -1 -1 0
	<<<--- Node 10:    Key: test_key_4    Version: 1556250654    Value: test_val_4_version=2 --->>>
	 Send header: 256(T) -1 -1 0
	<<<--- Node 10:    Key: test_key_0    Version: 1556250652    Value: test_val_0_version=1 --->>>
	<<<--- Node 10:    Key: test_key_0    Version: 1556250654    Value: test_val_0_version=2 --->>>
	 Send header: 256(T) -1 -1 0
	<<<--- Node 11:    Key: test_key_3    Version: 1556250654    Value: test_val_3_version=2 --->>>
	<<<--- Node 11:    Key: test_key_2    Version: 1556250652    Value: test_val_2_version=1 --->>>
	<<<--- Node 11:    Key: test_key_3    Version: 1556250652    Value: test_val_3_version=1 --->>>
	<<<--- Node 11:    Key: test_key_1    Version: 1556250652    Value: test_val_1_version=1 --->>>
	<<<--- Node 11:    Key: test_key_1    Version: 1556250654    Value: test_val_1_version=2 --->>>
	 Send header: 256(T) -1 -1 0
	<<<--- Node 11:    Key: test_key_2    Version: 1556250654    Value: test_val_2_version=2 --->>>
	<<<--- Node 12:    Key: test_key_4    Version: 1556250654    Value: test_val_4_version=2 --->>>
	<<<--- Node 12:    Key: test_key_0    Version: 1556250654    Value: test_val_0_version=2 --->>>
	 Send header: 256(T) -1 -1 0
	<<<--- Node 13:    Key: test_key_1    Version: 1556250654    Value: test_val_1_version=2 --->>>
	<<<--- Node 13:    Key: test_key_3    Version: 1556250654    Value: test_val_3_version=2 --->>>
	<<<--- Node 13:    Key: test_key_4    Version: 1556250654    Value: test_val_4_version=2 --->>>
	<<<--- Node 13:    Key: test_key_0    Version: 1556250654    Value: test_val_0_version=2 --->>>
	 Send header: 256(T) -1 -1 0
	 Send header: 256(T) -1 -1 0
	<<<--- Node 16:    Key: test_key_2    Version: 1556250654    Value: test_val_2_version=2 --->>>
	<<<--- Node 16:    Key: test_key_0    Version: 1556250654    Value: test_val_0_version=2 --->>>
	 Send header: 256(T) -1 -1 0
	<<<--- Node 14:    Key: test_key_2    Version: 1556250654    Value: test_val_2_version=2 --->>>
	<<<--- Node 17:    Key: test_key_3    Version: 1556250654    Value: test_val_3_version=2 --->>>
	<<<--- Node 16:    Key: test_key_3    Version: 1556250652    Value: test_val_3_version=1 --->>>
	<<<--- Node 15:    Key: test_key_4    Version: 1556250652    Value: test_val_4_version=1 --->>>
---------------------- DEBUG 2================
	<<<--- Node 17:    Key: test_key_1    Version: 1556250654    Value: test_val_1_version=2 --->>>
	<<<--- Node 16:    Key: test_key_3    Version: 1556250654    Value: test_val_3_version=2 --->>>
	<<<--- Node 15:    Key: test_key_4    Version: 1556250654    Value: test_val_4_version=2 --->>>
	<<<--- Node 18:    Key: test_key_2    Version: 1556250654    Value: test_val_2_version=2 --->>>
	<<<--- Node 17:    Key: test_key_4    Version: 1556250654    Value: test_val_4_version=2 --->>>
	<<<--- Node 18:    Key: test_key_1    Version: 1556250654    Value: test_val_1_version=2 --->>>
	<<<--- Node 19:    Key: test_key_3    Version: 1556250654    Value: test_val_3_version=2 --->>>
	<<<--- Node 19:    Key: test_key_2    Version: 1556250654    Value: test_val_2_version=2 --->>>
	<<<--- Node 19:    Key: test_key_1    Version: 1556250654    Value: test_val_1_version=2 --->>>
	<<<--- Node 19:    Key: test_key_0    Version: 1556250654    Value: test_val_0_version=2 --->>>
I am node 11, I want to leave
--11(33)----18(56)----14(43)----16(49)----19(58)----11(35)----17(52)----13(40)----11(34)----19(57)----18(54)----12(36)----15(45)----15(46)----12(37)----17(53)----13(41)----10(31)----10(32)----19(59)----12(38)----16(48)----13(39)----17(51)----18(55)----15(47)----10(30)----14(44)----16(50)----14(42)--
	<<<--- Node 11:    Key: test_key_3    Version: 1556250654    Value: test_val_3_version=2 --->>>
	<<<--- Node 11:    Key: test_key_2    Version: 1556250652    Value: test_val_2_version=1 --->>>
	<<<--- Node 11:    Key: test_key_3    Version: 1556250652    Value: test_val_3_version=1 --->>>
	<<<--- Node 11:    Key: test_key_1    Version: 1556250652    Value: test_val_1_version=1 --->>>
	<<<--- Node 11:    Key: test_key_1    Version: 1556250654    Value: test_val_1_version=2 --->>>
	<<<--- Node 11:    Key: test_key_2    Version: 1556250654    Value: test_val_2_version=2 --->>>
>>> remove_storage_node	sid=11
<<< storage node 11 removed
	GTStoreStorage::leave Send header: 64(T_DNT) 11 12 88
	GTStoreStorage::leave Send Content: 2	test_key_1	1556250652	test_val_1_version=1	test_key_1	1556250654	test_val_1_version=2	

~~~~~~~~~~~ Node 11 donates to node 12 before leaving
	GTStoreStorage::leave Send header: 64(T_DNT) 11 18 88
	GTStoreStorage::leave Send Content: 2	test_key_3	1556250654	test_val_3_version=2	test_key_3	1556250652	test_val_3_version=1	

Process donate req from 12
~~~~~~~~~~~ Node 11 donates to node 18 before leaving
--11(33)----18(56)----14(43)----16(49)----19(58)--	GTStoreStorage::leave Send header: 64(T_DNT) 11 17 88
--11(35)--	GTStoreStorage::leave Send Content: 2	test_key_2	1556250652	test_val_2_version=1	test_key_2	1556250654	test_val_2_version=2	

--17(52)----13(40)----11(34)----19(57)----18(54)----12(36)----15(45)----15(46)----12(37)----17(53)----13(41)--Process donate req from 18
--10(31)--~~~~~~~~~~~ Node 11 donates to node 17 before leaving
--10(32)----11(33)----19(59)----12(38)--~~~~~~~~~~~ Node 11 detached from manager
--18(56)----16(48)----14(43)--	GTStoreStorage::leave Send header: 130(T_FWD_LEA) 11 11 0
--13(39)----16(49)----17(51)----18(55)----19(58)----15(47)----11(35)----10(30)----17(52)----14(44)----13(40)----16(50)----11(34)----14(42)----19(57)--Process donate req from 17

--18(54)----12(36)----11(33)--	<<<--- Node 12:    Key: test_key_4    Version: 1556250654    Value: test_val_4_version=2 --->>>
--15(45)----18(56)--	<<<--- Node 12:    Key: test_key_0    Version: 1556250654    Value: test_val_0_version=2 --->>>
--14(43)----15(46)-->>> GTStoreManager: manage_node_request_leave
--16(49)----12(37)--#nodes= 10
--19(58)----17(53)-->>> remove_storage_node	sid=11
--11(35)----13(41)----17(52)----10(31)----13(40)----10(32)----11(34)-----------Duplicate Data on Node 12: test_key_1 ---------
--19(59)----19(57)----12(38)----18(54)--After accept donation from 11:<<< storage node 11 removed
--11(33)----16(48)----12(36)--#nodes= 9
--15(45)----18(56)----13(39)----14(43)--Sending close to 10
--15(46)----17(51)----12(37)----16(49)----18(55)----17(53)----19(58)----15(47)----13(41)----11(35)----10(30)----17(52)----10(31)----13(40)----14(44)----11(34)----10(32)----16(50)----19(57)--	manage_node_request_leave Send header: 136(T_MNG_LEA) 11 11 0
--19(59)----14(42)----12(38)----18(54)--
--16(48)--	Manager send leaving message:---------------
--12(36)----13(39)----15(45)--	<<<--- Node 18:    Key: test_key_2    Version: 1556250654    Value: test_val_2_version=2 --->>>
 header: 136(T_MNG_LEA) 11 11 0
--17(51)----15(46)--	<<<--- Node 18:    Key: test_key_1    Version: 1556250654    Value: test_val_1_version=2 --->>>
--18(55)----12(37)--Sending close to 12
--15(47)----17(53)----10(30)----13(41)----14(44)----10(31)----16(50)----10(32)----14(42)--	manage_node_request_leave Send header: 136(T_MNG_LEA) 11 11 0
--19(59)--
--12(38)--	Manager send leaving message:---------------
	<<<--- Node 17:    Key: test_key_3    Version: 1556250654    Value: test_val_3_version=2 --->>>
--16(48)-- header: 136(T_MNG_LEA) 11 11 0
	<<<--- Node 17:    Key: test_key_1    Version: 1556250654    Value: test_val_1_version=2 --->>>
--13(39)--Sending close to 13
--17(51)-----------Duplicate Data on Node 18: test_key_3 ---------
	<<<--- Node 17:    Key: test_key_4    Version: 1556250654    Value: test_val_4_version=2 --->>>
--18(55)----15(47)-->>> remove_storage_node	sid=11
After accept donation from 11:--10(30)--	manage_node_request_leave Send header: 136(T_MNG_LEA) 11 11 0
--11(33)----14(44)----18(56)----16(50)----14(43)----14(42)--	Manager send leaving message:---------------
--16(49)--
--19(58)--<<< storage node 11 removed
---------Duplicate Data on Node 17: test_key_2 ---------
 header: 136(T_MNG_LEA) 11 11 0
	<<<--- Node 12:    Key: test_key_1    Version: 1556250652    Value: test_val_1_version=1 --->>>
--11(35)--After accept donation from 11:--17(52)--	<<<--- Node 12:    Key: test_key_4    Version: 1556250654    Value: test_val_4_version=2 --->>>
Sending close to 14
--11(33)----13(40)--	<<<--- Node 12:    Key: test_key_0    Version: 1556250654    Value: test_val_0_version=2 --->>>
--18(56)-->>> remove_storage_node	sid=11
--11(34)----14(43)----19(57)----16(49)--	manage_node_request_leave Send header: 136(T_MNG_LEA) 11 11 0
--18(54)----19(58)----12(36)----11(35)----15(45)--	Manager send leaving message:---------------
--17(52)----15(46)----13(40)--<<< storage node 11 removed
 header: 136(T_MNG_LEA) 11 11 0
--12(37)----11(34)-->>> remove_storage_node	sid=11
--17(53)----19(57)----13(41)--Sending close to 15
--18(54)----10(31)----12(36)----10(32)----15(45)--<<< storage node 11 removed
--19(59)-->>> remove_storage_node	sid=11
--15(46)----12(38)--	manage_node_request_leave Send header: 136(T_MNG_LEA) 11 11 0
--12(37)----16(48)----17(53)----13(39)--	Manager send leaving message:---------------
--13(41)-- header: 136(T_MNG_LEA) 11 11 0
<<< storage node 11 removed
--17(51)----10(31)--Sending close to 16
--18(55)----15(47)----10(32)----10(30)----19(59)----14(44)----12(38)----16(50)--manage_node_request_leave Send header: 136(T_MNG_LEA) 11 11 0
--16(48)----14(42)----13(39)--
--17(51)--	Manager send leaving message:---------------
>>> remove_storage_node	sid=11
	<<<--- Node 18:    Key: test_key_2    Version: 1556250654    Value: test_val_2_version=2 --->>>
--18(55)--	<<<--- Node 18:    Key: test_key_3    Version: 1556250654    Value: test_val_3_version=2 --->>>
 header: 136(T_MNG_LEA) 11 11 0
--15(47)--	<<<--- Node 18:    Key: test_key_1    Version: 1556250654    Value: test_val_1_version=2 --->>>
--10(30)--Sending close to 17
--14(44)--<<< storage node 11 removed
--16(50)----14(42)--
>>> remove_storage_node	sid=11
	<<<--- Node 17:    Key: test_key_2    Version: 1556250652    Value: test_val_2_version=1 --->>>
	manage_node_request_leave Send header: 136(T_MNG_LEA) 11 11 0
	<<<--- Node 17:    Key: test_key_3    Version: 1556250654    Value: test_val_3_version=2 --->>>
<<< storage node 11 removed
	Manager send leaving message:---------------
	<<<--- Node 17:    Key: test_key_1    Version: 1556250654    Value: test_val_1_version=2 --->>>
 header: 136(T_MNG_LEA) 11 11 0
	<<<--- Node 17:    Key: test_key_4    Version: 1556250654    Value: test_val_4_version=2 --->>>
Sending close to 18
	manage_node_request_leave Send header: 136(T_MNG_LEA) 11 11 0
	Manager send leaving message:---------------
 header: 136(T_MNG_LEA) 11 11 0
Sending close to 19
>>> remove_storage_node	sid=11
	manage_node_request_leave Send header: 136(T_MNG_LEA) 11 11 0
	Manager send leaving message:---------------
>>> remove_storage_node	sid=11
 header: 136(T_MNG_LEA) 11 11 0
<<< storage node 11 removed
<<< GTStoreManager: manage_node_request_leave
	manage_node_request_leave Send header: 136(T_MNG_LEA) 11 11 0
<<< storage node 11 removed
>>> remove_storage_node	sid=11
<<< storage node 11 removed
I am node 12, I want to leave
--18(56)----14(43)----16(49)----19(58)----17(52)----13(40)----19(57)----18(54)----12(36)----15(45)----15(46)----12(37)----17(53)----13(41)----10(31)----10(32)----19(59)----12(38)----16(48)----13(39)----17(51)----18(55)----15(47)----10(30)----14(44)----16(50)----14(42)--
	<<<--- Node 12:    Key: test_key_1    Version: 1556250652    Value: test_val_1_version=1 --->>>
	<<<--- Node 12:    Key: test_key_4    Version: 1556250654    Value: test_val_4_version=2 --->>>
	<<<--- Node 12:    Key: test_key_0    Version: 1556250654    Value: test_val_0_version=2 --->>>
>>> remove_storage_node	sid=12
<<< storage node 12 removed
	GTStoreStorage::leave Send header: 64(T_DNT) 12 17 45
	GTStoreStorage::leave Send Content: 1	test_key_0	1556250654	test_val_0_version=2	

~~~~~~~~~~~ Node 12 donates to node 17 before leaving
	GTStoreStorage::leave Send header: 64(T_DNT) 12 15 45
	GTStoreStorage::leave Send Content: 1	test_key_1	1556250652	test_val_1_version=1	

~~~~~~~~~~~ Node 12 donates to node 15 before leaving
Process donate req from 17
	GTStoreStorage::leave Send header: 64(T_DNT) 12 19 45
--18(56)--	GTStoreStorage::leave Send Content: 1	test_key_4	1556250654	test_val_4_version=2	

--14(43)--~~~~~~~~~~~ Node 12 donates to node 19 before leaving
--16(49)----19(58)--Process donate req from 15
~~~~~~~~~~~ Node 12 detached from manager
--17(52)--	GTStoreStorage::leave Send header: 130(T_FWD_LEA) 12 12 0
--18(56)----13(40)----14(43)----19(57)----16(49)----18(54)----19(58)----12(36)----17(52)----15(45)----13(40)----15(46)----19(57)----12(37)--Process donate req from 19
>>> GTStoreManager: manage_node_request_leave
--18(54)----17(53)----18(56)--#nodes= 9
--12(36)----13(41)----14(43)-->>> remove_storage_node	sid=12
--15(45)----10(31)----16(49)----15(46)----10(32)----19(58)----12(37)--<<< storage node 12 removed
--19(59)----17(52)----17(53)--#nodes= 8
--12(38)----13(40)----13(41)--Sending close to 10
--16(48)----19(57)----10(31)----13(39)----18(54)----17(51)----10(32)----12(36)----18(55)----19(59)----15(45)----15(47)--	manage_node_request_leave Send header: 136(T_MNG_LEA) 12 12 0
--12(38)----15(46)----10(30)----16(48)----12(37)--	Manager send leaving message:---------------
--14(44)----13(39)----17(53)-- header: 136(T_MNG_LEA) 12 12 0
--16(50)----17(51)----13(41)----14(42)--Sending close to 13
--18(55)-->>> remove_storage_node	sid=12
--10(31)--
--15(47)----10(32)--	manage_node_request_leave Send header: 136(T_MNG_LEA) 12 12 0
	<<<--- Node 17:    Key: test_key_2    Version: 1556250652    Value: test_val_2_version=1 --->>>
--10(30)----19(59)--<<< storage node 12 removed
	Manager send leaving message:---------------
	<<<--- Node 17:    Key: test_key_3    Version: 1556250654    Value: test_val_3_version=2 --->>>
--14(44)----12(38)-- header: 136(T_MNG_LEA) 12 12 0
	<<<--- Node 17:    Key: test_key_1    Version: 1556250654    Value: test_val_1_version=2 --->>>
--16(50)----16(48)-->>> remove_storage_node	sid=12
Sending close to 14
	<<<--- Node 17:    Key: test_key_4    Version: 1556250654    Value: test_val_4_version=2 --->>>
<<< storage node 12 removed
--14(42)--	manage_node_request_leave Send header: 136(T_MNG_LEA) 12 12 0
--13(39)--
--17(51)--After accept donation from 12:	<<<--- Node 15:    Key: test_key_4    Version: 1556250652    Value: test_val_4_version=1 --->>>
	Manager send leaving message:---------------
--18(55)----18(56)--	<<<--- Node 15:    Key: test_key_4    Version: 1556250654    Value: test_val_4_version=2 --->>>
 header: 136(T_MNG_LEA) 12 12 0
--15(47)----14(43)-->>> remove_storage_node	sid=12
--10(30)--Sending close to 15
--16(49)----14(44)--After accept donation from 12:--19(58)----16(50)--<<< storage node 12 removed
	manage_node_request_leave Send header: 136(T_MNG_LEA) 12 12 0
--18(56)----17(52)----14(42)----14(43)--	Manager send leaving message:---------------
--13(40)--
--16(49)-- header: 136(T_MNG_LEA) 12 12 0
--19(57)--	<<<--- Node 19:    Key: test_key_3    Version: 1556250654    Value: test_val_3_version=2 --->>>
--19(58)----18(54)--	<<<--- Node 19:    Key: test_key_2    Version: 1556250654    Value: test_val_2_version=2 --->>>
--12(36)--Sending close to 16
--17(52)--	<<<--- Node 19:    Key: test_key_1    Version: 1556250654    Value: test_val_1_version=2 --->>>
--15(45)----13(40)--	<<<--- Node 19:    Key: test_key_0    Version: 1556250654    Value: test_val_0_version=2 --->>>
--15(46)----19(57)----12(37)----18(54)--	manage_node_request_leave Send header: 136(T_MNG_LEA) 12 12 0
--17(53)----12(36)--After accept donation from 12:--13(41)--	Manager send leaving message:---------------
--15(45)----18(56)----10(31)-- header: 136(T_MNG_LEA) 12 12 0
--10(32)----15(46)----14(43)-->>> remove_storage_node	sid=12
Sending close to 17
--19(59)----12(37)----16(49)----12(38)----17(53)--	manage_node_request_leave Send header: 136(T_MNG_LEA) 12 12 0
--19(58)----16(48)----13(41)--<<< storage node 12 removed
	Manager send leaving message:---------------
--17(52)-- header: 136(T_MNG_LEA) 12 12 0
--13(39)----10(31)----13(40)----17(51)--Sending close to 18
--10(32)----19(57)----18(55)----19(59)----18(54)--	manage_node_request_leave Send header: 136(T_MNG_LEA) 12 12 0
--12(36)----15(47)----12(38)----15(45)--	Manager send leaving message:---------------
--10(30)----16(48)----15(46)-- header: 136(T_MNG_LEA) 12 12 0
--14(44)--Sending close to 19
--13(39)----12(37)----16(50)----17(51)--	manage_node_request_leave Send header: 136(T_MNG_LEA) 12 12 0
--17(53)----14(42)----18(55)-->>> remove_storage_node	sid=12
	Manager send leaving message:---------------
--13(41)--
--15(47)-- header: 136(T_MNG_LEA) 12 12 0
--10(31)--	<<<--- Node 17:    Key: test_key_2    Version: 1556250652    Value: test_val_2_version=1 --->>>
--10(30)----10(32)--<<< GTStoreManager: manage_node_request_leave
<<< storage node 12 removed
	<<<--- Node 17:    Key: test_key_3    Version: 1556250654    Value: test_val_3_version=2 --->>>
--14(44)----19(59)--	manage_node_request_leave Send header: 136(T_MNG_LEA) 12 12 0
--12(38)--	<<<--- Node 17:    Key: test_key_1    Version: 1556250654    Value: test_val_1_version=2 --->>>
--16(50)----16(48)--	<<<--- Node 17:    Key: test_key_4    Version: 1556250654    Value: test_val_4_version=2 --->>>
--14(42)----13(39)--	<<<--- Node 17:    Key: test_key_0    Version: 1556250654    Value: test_val_0_version=2 --->>>

--17(51)--	<<<--- Node 15:    Key: test_key_1    Version: 1556250652    Value: test_val_1_version=1 --->>>
--18(55)--	<<<--- Node 15:    Key: test_key_4    Version: 1556250652    Value: test_val_4_version=1 --->>>
--15(47)--	<<<--- Node 15:    Key: test_key_4    Version: 1556250654    Value: test_val_4_version=2 --->>>
--10(30)----14(44)----16(50)----14(42)--
>>> remove_storage_node	sid=12
	<<<--- Node 19:    Key: test_key_3    Version: 1556250654    Value: test_val_3_version=2 --->>>
	<<<--- Node 19:    Key: test_key_2    Version: 1556250654    Value: test_val_2_version=2 --->>>
	<<<--- Node 19:    Key: test_key_1    Version: 1556250654    Value: test_val_1_version=2 --->>>
<<< storage node 12 removed
	<<<--- Node 19:    Key: test_key_4    Version: 1556250654    Value: test_val_4_version=2 --->>>
>>> remove_storage_node	sid=12
	<<<--- Node 19:    Key: test_key_0    Version: 1556250654    Value: test_val_0_version=2 --->>>
<<< storage node 12 removed
>>> remove_storage_node	sid=12
<<< storage node 12 removed
I am node 13, I want to leave
--18(56)----14(43)----16(49)----19(58)----17(52)----13(40)----19(57)----18(54)----15(45)----15(46)----17(53)----13(41)----10(31)----10(32)----19(59)----16(48)----13(39)----17(51)----18(55)----15(47)----10(30)----14(44)----16(50)----14(42)--
	<<<--- Node 13:    Key: test_key_1    Version: 1556250654    Value: test_val_1_version=2 --->>>
	<<<--- Node 13:    Key: test_key_3    Version: 1556250654    Value: test_val_3_version=2 --->>>
	<<<--- Node 13:    Key: test_key_4    Version: 1556250654    Value: test_val_4_version=2 --->>>
	<<<--- Node 13:    Key: test_key_0    Version: 1556250654    Value: test_val_0_version=2 --->>>
>>> remove_storage_node	sid=13
<<< storage node 13 removed
	GTStoreStorage::leave Send header: 64(T_DNT) 13 18 45
	GTStoreStorage::leave Send Content: 1	test_key_0	1556250654	test_val_0_version=2	

~~~~~~~~~~~ Node 13 donates to node 18 before leaving
	GTStoreStorage::leave Send header: 64(T_DNT) 13 16 45
	GTStoreStorage::leave Send Content: 1	test_key_4	1556250654	test_val_4_version=2	

Process donate req from 18
~~~~~~~~~~~ Node 13 donates to node 16 before leaving
--18(56)----14(43)----16(49)----19(58)----17(52)--	GTStoreStorage::leave Send header: 64(T_DNT) 13 10 45
	GTStoreStorage::leave Send Content: 1	test_key_1	1556250654	test_val_1_version=2	

--13(40)--Process donate req from 16
--19(57)--~~~~~~~~~~~ Node 13 donates to node 10 before leaving
--18(56)----14(43)----18(54)----16(49)----19(58)----17(52)----13(40)----15(45)----19(57)----15(46)----18(54)--	GTStoreStorage::leave Send header: 64(T_DNT) 13 15 45
--17(53)--Process donate req from 10
--15(45)--	GTStoreStorage::leave Send Content: 1	test_key_3	1556250654	test_val_3_version=2	

--15(46)----18(56)----13(41)----14(43)----17(53)--~~~~~~~~~~~ Node 13 donates to node 15 before leaving
~~~~~~~~~~~ Node 13 detached from manager
--10(31)----16(49)----13(41)--	GTStoreStorage::leave Send header: 130(T_FWD_LEA) 13 13 0
--10(32)----19(58)----10(31)--Process donate req from 15
--17(52)----19(59)----10(32)----16(48)----13(40)----18(56)----19(59)----14(43)----16(49)----13(39)----19(57)----16(48)-->>> GTStoreManager: manage_node_request_leave
--19(58)----18(54)----13(39)--#nodes= 8
--17(51)----17(52)----18(55)----15(45)----17(51)-->>> remove_storage_node	sid=13
--13(40)----19(57)----15(47)----15(46)----18(55)----18(54)----15(47)----10(30)----17(53)--<<< storage node 13 removed
--15(45)----10(30)----13(41)--#nodes= 7
--15(46)--Sending close to 10
--14(44)----14(44)----10(31)----17(53)----16(50)----10(32)----13(41)----14(42)----10(31)----10(32)----16(50)----19(59)--	manage_node_request_leave Send header: 136(T_MNG_LEA) 13 13 0

--19(59)----16(48)----14(42)--	<<<--- Node 16:    Key: test_key_2    Version: 1556250654    Value: test_val_2_version=2 --->>>
--16(48)----13(39)----13(39)--	Manager send leaving message:---------------
 header: 136(T_MNG_LEA) 13 13 0

	<<<--- Node 16:    Key: test_key_0    Version: 1556250654    Value: test_val_0_version=2 --->>>
--17(51)----17(51)--Sending close to 14
	<<<--- Node 16:    Key: test_key_3    Version: 1556250652    Value: test_val_3_version=1 --->>>
--18(55)----18(55)--	<<<--- Node 18:    Key: test_key_2    Version: 1556250654    Value: test_val_2_version=2 --->>>
	<<<--- Node 16:    Key: test_key_3    Version: 1556250654    Value: test_val_3_version=2 --->>>
--15(47)----15(47)--	manage_node_request_leave Send header: 136(T_MNG_LEA) 13 13 0
--10(30)----10(30)----14(44)----14(44)----16(50)--	<<<--- Node 18:    Key: test_key_3    Version: 1556250654    Value: test_val_3_version=2 --->>>
	Manager send leaving message:---------------
--16(50)----14(42)--After accept donation from 13:--18(56)----14(43)--	<<<--- Node 18:    Key: test_key_1    Version: 1556250654    Value: test_val_1_version=2 --->>>
 header: 136(T_MNG_LEA) 13 13 0
--14(42)--
--16(49)--Sending close to 15

--19(58)--	<<<--- Node 15:    Key: test_key_1    Version: 1556250652    Value: test_val_1_version=1 --->>>
--17(52)--	<<<--- Node 10:    Key: test_key_4    Version: 1556250654    Value: test_val_4_version=2 --->>>
	manage_node_request_leave Send header: 136(T_MNG_LEA) 13 13 0
	<<<--- Node 15:    Key: test_key_4    Version: 1556250652    Value: test_val_4_version=1 --->>>
	Manager send leaving message:---------------
--13(40)--	<<<--- Node 10:    Key: test_key_0    Version: 1556250652    Value: test_val_0_version=1 --->>>
	<<<--- Node 15:    Key: test_key_4    Version: 1556250654    Value: test_val_4_version=2 --->>>
 header: 136(T_MNG_LEA) 13 13 0
--19(57)--Sending close to 16
After accept donation from 13:	<<<--- Node 10:    Key: test_key_0    Version: 1556250654    Value: test_val_0_version=2 --->>>
--18(54)----18(56)----15(45)--	manage_node_request_leave Send header: 136(T_MNG_LEA) 13 13 0
--15(46)--After accept donation from 13:	Manager send leaving message:---------------
--17(53)----13(41)----10(31)----10(32)----14(43)----18(56)-- header: 136(T_MNG_LEA) 13 13 0
After accept donation from 13:--19(59)----14(43)----16(48)--Sending close to 17
--18(56)----16(49)----16(49)----13(39)----14(43)----19(58)----16(49)----17(51)--manage_node_request_leave Send header: 136(T_MNG_LEA) 13 13 0
--19(58)----17(52)----19(58)----18(55)--	Manager send leaving message:---------------
--13(40)-- header: 136(T_MNG_LEA) 13 13 0
--17(52)----15(47)----13(40)----10(30)----19(57)----17(52)----19(57)--Sending close to 18
--14(44)-->>> remove_storage_node	sid=13
--18(54)----13(40)----18(54)----16(50)----15(45)--	manage_node_request_leave Send header: 136(T_MNG_LEA) 13 13 0
--15(45)----14(42)--<<< storage node 13 removed
--15(46)----19(57)--
--15(46)--	Manager send leaving message:---------------
--17(53)--	<<<--- Node 16:    Key: test_key_2    Version: 1556250654    Value: test_val_2_version=2 --->>>
--17(53)-- header: 136(T_MNG_LEA) 13 13 0
--13(41)----18(54)----13(41)--	<<<--- Node 16:    Key: test_key_4    Version: 1556250654    Value: test_val_4_version=2 --->>>
--10(31)--Sending close to 19
--10(31)----15(45)--	<<<--- Node 16:    Key: test_key_3    Version: 1556250652    Value: test_val_3_version=1 --->>>
--10(32)----10(32)--	<<<--- Node 16:    Key: test_key_0    Version: 1556250654    Value: test_val_0_version=2 --->>>
--19(59)----19(59)--	<<<--- Node 16:    Key: test_key_3    Version: 1556250654    Value: test_val_3_version=2 --->>>
--15(46)--	manage_node_request_leave Send header: 136(T_MNG_LEA) 13 13 0
--16(48)----16(48)----17(53)----13(39)----13(39)--	Manager send leaving message:---------------
--13(41)----17(51)----17(51)-->>> remove_storage_node	sid=13
 header: 136(T_MNG_LEA) 13 13 0
--18(55)----18(55)----15(47)----15(47)----10(31)--<<< GTStoreManager: manage_node_request_leave
--10(30)--<<< storage node 13 removed
--10(30)----14(44)--	manage_node_request_leave Send header: 136(T_MNG_LEA) 13 13 0
--14(44)----16(50)----16(50)----14(42)----14(42)--

	<<<--- Node 10:    Key: test_key_1    Version: 1556250654    Value: test_val_1_version=2 --->>>
	<<<--- Node 15:    Key: test_key_3    Version: 1556250654    Value: test_val_3_version=2 --->>>
	<<<--- Node 10:    Key: test_key_4    Version: 1556250654    Value: test_val_4_version=2 --->>>
	<<<--- Node 15:    Key: test_key_1    Version: 1556250652    Value: test_val_1_version=1 --->>>
	<<<--- Node 10:    Key: test_key_0    Version: 1556250652    Value: test_val_0_version=1 --->>>
--10(32)--	<<<--- Node 15:    Key: test_key_4    Version: 1556250652    Value: test_val_4_version=1 --->>>
	<<<--- Node 10:    Key: test_key_0    Version: 1556250654    Value: test_val_0_version=2 --->>>
>>> remove_storage_node	sid=13
--19(59)--	<<<--- Node 15:    Key: test_key_4    Version: 1556250654    Value: test_val_4_version=2 --->>>
>>> remove_storage_node	sid=13
--16(48)--<<< storage node 13 removed
--13(39)----17(51)----18(55)----15(47)--<<< storage node 13 removed
--10(30)-->>> remove_storage_node	sid=13
--14(44)----16(50)-->>> remove_storage_node	sid=13
--14(42)--<<< storage node 13 removed

	<<<--- Node 18:    Key: test_key_2    Version: 1556250654    Value: test_val_2_version=2 --->>>
<<< storage node 13 removed
	<<<--- Node 18:    Key: test_key_3    Version: 1556250654    Value: test_val_3_version=2 --->>>
	<<<--- Node 18:    Key: test_key_1    Version: 1556250654    Value: test_val_1_version=2 --->>>
	<<<--- Node 18:    Key: test_key_0    Version: 1556250654    Value: test_val_0_version=2 --->>>
>>> remove_storage_node	sid=13
<<< storage node 13 removed
I am node 14, I want to leave
--18(56)----14(43)----16(49)----19(58)----17(52)----19(57)----18(54)----15(45)----15(46)----17(53)----10(31)----10(32)----19(59)----16(48)----17(51)----18(55)----15(47)----10(30)----14(44)----16(50)----14(42)--
	<<<--- Node 14:    Key: test_key_2    Version: 1556250654    Value: test_val_2_version=2 --->>>
>>> remove_storage_node	sid=14
<<< storage node 14 removed
	GTStoreStorage::leave Send header: 64(T_DNT) 14 15 45
	GTStoreStorage::leave Send Content: 1	test_key_2	1556250654	test_val_2_version=2	

~~~~~~~~~~~ Node 14 donates to node 15 before leaving
~~~~~~~~~~~ Node 14 detached from manager
	GTStoreStorage::leave Send header: 130(T_FWD_LEA) 14 14 0
Process donate req from 15
--18(56)----14(43)----16(49)-->>> GTStoreManager: manage_node_request_leave
--19(58)--#nodes= 7
--17(52)-->>> remove_storage_node	sid=14
--19(57)----18(54)----15(45)----15(46)----17(53)--<<< storage node 14 removed
--10(31)--#nodes= 6
--10(32)--Sending close to 10
--19(59)----16(48)----17(51)----18(55)----15(47)--	manage_node_request_leave Send header: 136(T_MNG_LEA) 14 14 0
--10(30)----14(44)--	Manager send leaving message:---------------
--16(50)-- header: 136(T_MNG_LEA) 14 14 0
--14(42)--
Sending close to 15
	<<<--- Node 15:    Key: test_key_3    Version: 1556250654    Value: test_val_3_version=2 --->>>
>>> remove_storage_node	sid=14
	<<<--- Node 15:    Key: test_key_1    Version: 1556250652    Value: test_val_1_version=1 --->>>
	manage_node_request_leave Send header: 136(T_MNG_LEA) 14 14 0
	<<<--- Node 15:    Key: test_key_4    Version: 1556250652    Value: test_val_4_version=1 --->>>
<<< storage node 14 removed
	Manager send leaving message:---------------
	<<<--- Node 15:    Key: test_key_4    Version: 1556250654    Value: test_val_4_version=2 --->>>
 header: 136(T_MNG_LEA) 14 14 0
Sending close to 16
	manage_node_request_leave Send header: 136(T_MNG_LEA) 14 14 0
After accept donation from 14:	Manager send leaving message:---------------
--18(56)-- header: 136(T_MNG_LEA) 14 14 0
--14(43)----16(49)--Sending close to 17
--19(58)----17(52)----19(57)--	manage_node_request_leave Send header: 136(T_MNG_LEA) 14 14 0
--18(54)-->>> remove_storage_node	sid=14
--15(45)--	Manager send leaving message:---------------
--15(46)-- header: 136(T_MNG_LEA) 14 14 0
--17(53)--<<< storage node 14 removed
Sending close to 18
--10(31)-->>> remove_storage_node	sid=14
--10(32)----19(59)--	manage_node_request_leave Send header: 136(T_MNG_LEA) 14 14 0
--16(48)--<<< storage node 14 removed
--17(51)--	Manager send leaving message:---------------
--18(55)-- header: 136(T_MNG_LEA) 14 14 0
--15(47)----10(30)--Sending close to 19
--14(44)--	manage_node_request_leave Send header: 136(T_MNG_LEA) 14 14 0
>>> remove_storage_node	sid=14
--16(50)--	Manager send leaving message:---------------
--14(42)-- header: 136(T_MNG_LEA) 14 14 0

<<< storage node 14 removed
	<<<--- Node 15:    Key: test_key_1    Version: 1556250652    Value: test_val_1_version=1 --->>>
<<< GTStoreManager: manage_node_request_leave
>>> remove_storage_node	sid=14
	<<<--- Node 15:    Key: test_key_2    Version: 1556250654    Value: test_val_2_version=2 --->>>
	manage_node_request_leave Send header: 136(T_MNG_LEA) 14 14 0
	<<<--- Node 15:    Key: test_key_3    Version: 1556250654    Value: test_val_3_version=2 --->>>
	<<<--- Node 15:    Key: test_key_4    Version: 1556250652    Value: test_val_4_version=1 --->>>
<<< storage node 14 removed
	<<<--- Node 15:    Key: test_key_4    Version: 1556250654    Value: test_val_4_version=2 --->>>
>>> remove_storage_node	sid=14
<<< storage node 14 removed
I am node 15, I want to leave
--18(56)----16(49)----19(58)----17(52)----19(57)----18(54)----15(45)----15(46)----17(53)----10(31)----10(32)----19(59)----16(48)----17(51)----18(55)----15(47)----10(30)----16(50)--
	<<<--- Node 15:    Key: test_key_1    Version: 1556250652    Value: test_val_1_version=1 --->>>
	<<<--- Node 15:    Key: test_key_2    Version: 1556250654    Value: test_val_2_version=2 --->>>
	<<<--- Node 15:    Key: test_key_3    Version: 1556250654    Value: test_val_3_version=2 --->>>
	<<<--- Node 15:    Key: test_key_4    Version: 1556250652    Value: test_val_4_version=1 --->>>
	<<<--- Node 15:    Key: test_key_4    Version: 1556250654    Value: test_val_4_version=2 --->>>
>>> remove_storage_node	sid=15
<<< storage node 15 removed
	GTStoreStorage::leave Send header: 64(T_DNT) 15 18 88
	GTStoreStorage::leave Send Content: 2	test_key_4	1556250652	test_val_4_version=1	test_key_4	1556250654	test_val_4_version=2	

~~~~~~~~~~~ Node 15 donates to node 18 before leaving
Process donate req from 18
	GTStoreStorage::leave Send header: 64(T_DNT) 15 16 45
--18(56)--	GTStoreStorage::leave Send Content: 1	test_key_1	1556250652	test_val_1_version=1	

--16(49)----19(58)----17(52)--~~~~~~~~~~~ Node 15 donates to node 16 before leaving
--19(57)----18(54)----15(45)----15(46)----17(53)----10(31)----10(32)--	GTStoreStorage::leave Send header: 64(T_DNT) 15 10 88
--19(59)--Process donate req from 16
	GTStoreStorage::leave Send Content: 2	test_key_2	1556250654	test_val_2_version=2	test_key_3	1556250654	test_val_3_version=2	

--16(48)----18(56)----17(51)----16(49)----18(55)----19(58)--~~~~~~~~~~~ Node 15 donates to node 10 before leaving
--15(47)----17(52)----10(30)----19(57)--~~~~~~~~~~~ Node 15 detached from manager
--16(50)----18(54)--	GTStoreStorage::leave Send header: 130(T_FWD_LEA) 15 15 0

--15(45)--Process donate req from 10
--15(46)--	<<<--- Node 18:    Key: test_key_2    Version: 1556250654    Value: test_val_2_version=2 --->>>
--17(53)----18(56)--	<<<--- Node 18:    Key: test_key_3    Version: 1556250654    Value: test_val_3_version=2 --->>>
--10(31)----16(49)--	<<<--- Node 18:    Key: test_key_1    Version: 1556250654    Value: test_val_1_version=2 --->>>
--10(32)----19(58)-->>> GTStoreManager: manage_node_request_leave
	<<<--- Node 18:    Key: test_key_0    Version: 1556250654    Value: test_val_0_version=2 --->>>
--19(59)----17(52)--#nodes= 6
--16(48)----19(57)-->>> remove_storage_node	sid=15
--17(51)----18(54)----18(55)----15(45)-----------Duplicate Data on Node 18: test_key_4 ---------
--15(47)----15(46)--<<< storage node 15 removed
--10(30)--#nodes= 5
After accept donation from 15:--17(53)----16(50)--Sending close to 10
--18(56)----10(31)--
--16(49)----10(32)----19(58)--	<<<--- Node 16:    Key: test_key_2    Version: 1556250654    Value: test_val_2_version=2 --->>>
--19(59)----17(52)--	manage_node_request_leave Send header: 136(T_MNG_LEA) 15 15 0
	<<<--- Node 16:    Key: test_key_4    Version: 1556250654    Value: test_val_4_version=2 --->>>
--16(48)----19(57)--	Manager send leaving message:---------------
	<<<--- Node 16:    Key: test_key_3    Version: 1556250652    Value: test_val_3_version=1 --->>>
--17(51)----18(54)-- header: 136(T_MNG_LEA) 15 15 0
	<<<--- Node 16:    Key: test_key_0    Version: 1556250654    Value: test_val_0_version=2 --->>>
--18(55)----15(45)--	<<<--- Node 16:    Key: test_key_3    Version: 1556250654    Value: test_val_3_version=2 --->>>
Sending close to 16
--15(47)----15(46)----10(30)----17(53)----16(50)----10(31)--	manage_node_request_leave Send header: 136(T_MNG_LEA) 15 15 0

--10(32)--After accept donation from 15:	Manager send leaving message:---------------
	<<<--- Node 10:    Key: test_key_1    Version: 1556250654    Value: test_val_1_version=2 --->>>
--19(59)----18(56)-- header: 136(T_MNG_LEA) 15 15 0
	<<<--- Node 10:    Key: test_key_4    Version: 1556250654    Value: test_val_4_version=2 --->>>
Sending close to 17
	<<<--- Node 10:    Key: test_key_0    Version: 1556250652    Value: test_val_0_version=1 --->>>
--16(48)----16(49)--	<<<--- Node 10:    Key: test_key_0    Version: 1556250654    Value: test_val_0_version=2 --->>>
--17(51)----19(58)--	manage_node_request_leave Send header: 136(T_MNG_LEA) 15 15 0
--18(55)----17(52)----15(47)--	Manager send leaving message:---------------
--19(57)----10(30)-- header: 136(T_MNG_LEA) 15 15 0
--18(54)----16(50)----15(45)--
After accept donation from 15:Sending close to 18
--15(46)--	<<<--- Node 18:    Key: test_key_2    Version: 1556250654    Value: test_val_2_version=2 --->>>
	<<<--- Node 18:    Key: test_key_3    Version: 1556250654    Value: test_val_3_version=2 --->>>
>>> remove_storage_node	sid=15
--18(56)----17(53)--	<<<--- Node 18:    Key: test_key_1    Version: 1556250654    Value: test_val_1_version=2 --->>>
	manage_node_request_leave Send header: 136(T_MNG_LEA) 15 15 0
--16(49)----10(31)--	<<<--- Node 18:    Key: test_key_4    Version: 1556250652    Value: test_val_4_version=1 --->>>
<<< storage node 15 removed
--19(58)--	Manager send leaving message:---------------
--10(32)--	<<<--- Node 18:    Key: test_key_0    Version: 1556250654    Value: test_val_0_version=2 --->>>
--17(52)-- header: 136(T_MNG_LEA) 15 15 0
--19(59)----19(57)--Sending close to 19
--16(48)----18(54)----17(51)----15(45)----18(55)----15(46)----15(47)----17(53)--manage_node_request_leave Send header: 136(T_MNG_LEA) 15 15 0
>>> remove_storage_node	sid=15
--10(30)----10(31)--	Manager send leaving message:---------------
--16(50)-- header: 136(T_MNG_LEA) 15 15 0
--10(32)--
<<< storage node 15 removed
--19(59)--<<< GTStoreManager: manage_node_request_leave
	<<<--- Node 16:    Key: test_key_2    Version: 1556250654    Value: test_val_2_version=2 --->>>
--16(48)--	manage_node_request_leave Send header: 136(T_MNG_LEA) 15 15 0
	<<<--- Node 16:    Key: test_key_1    Version: 1556250652    Value: test_val_1_version=1 --->>>
--17(51)-->>> remove_storage_node	sid=15
	<<<--- Node 16:    Key: test_key_4    Version: 1556250654    Value: test_val_4_version=2 --->>>
--18(55)--	<<<--- Node 16:    Key: test_key_3    Version: 1556250652    Value: test_val_3_version=1 --->>>
--15(47)--	<<<--- Node 16:    Key: test_key_0    Version: 1556250654    Value: test_val_0_version=2 --->>>
<<< storage node 15 removed
--10(30)--	<<<--- Node 16:    Key: test_key_3    Version: 1556250654    Value: test_val_3_version=2 --->>>
--16(50)--
	<<<--- Node 10:    Key: test_key_3    Version: 1556250654    Value: test_val_3_version=2 --->>>
	<<<--- Node 10:    Key: test_key_2    Version: 1556250654    Value: test_val_2_version=2 --->>>
	<<<--- Node 10:    Key: test_key_4    Version: 1556250654    Value: test_val_4_version=2 --->>>
	<<<--- Node 10:    Key: test_key_1    Version: 1556250654    Value: test_val_1_version=2 --->>>
	<<<--- Node 10:    Key: test_key_0    Version: 1556250652    Value: test_val_0_version=1 --->>>
	<<<--- Node 10:    Key: test_key_0    Version: 1556250654    Value: test_val_0_version=2 --->>>
>>> remove_storage_node	sid=15
<<< storage node 15 removed
>>> remove_storage_node	sid=15
<<< storage node 15 removed
--18(56)----16(49)----19(58)----17(52)----19(57)----18(54)----17(53)----10(31)----10(32)----19(59)----16(48)----17(51)----18(55)----10(30)----16(50)--
	<<<--- Node 16:    Key: test_key_2    Version: 1556250654    Value: test_val_2_version=2 --->>>
	<<<--- Node 16:    Key: test_key_1    Version: 1556250652    Value: test_val_1_version=1 --->>>
	<<<--- Node 16:    Key: test_key_4    Version: 1556250654    Value: test_val_4_version=2 --->>>
	<<<--- Node 16:    Key: test_key_3    Version: 1556250652    Value: test_val_3_version=1 --->>>
	<<<--- Node 16:    Key: test_key_0    Version: 1556250654    Value: test_val_0_version=2 --->>>
	<<<--- Node 16:    Key: test_key_3    Version: 1556250654    Value: test_val_3_version=2 --->>>
~~~~~~~~~~~ Node 16 detached from manager
	GTStoreStorage::leave Send header: 130(T_FWD_LEA) -1 16 0
>>> GTStoreManager: manage_node_request_leave
#nodes= 5
>>> remove_storage_node	sid=16
<<< storage node 16 removed
#nodes= 4
Sending close to 10
	manage_node_request_leave Send header: 136(T_MNG_LEA) -1 16 0
	Manager send leaving message:---------------
 header: 136(T_MNG_LEA) -1 16 0
Sending close to 17
>>> remove_storage_node	sid=16
	manage_node_request_leave Send header: 136(T_MNG_LEA) -1 16 0
	Manager send leaving message:---------------
 header: 136(T_MNG_LEA) -1 16 0
<<< storage node 16 removed
Sending close to 18
	manage_node_request_leave Send header: 136(T_MNG_LEA) -1 16 0
	Manager send leaving message:---------------
 header: 136(T_MNG_LEA) -1 16 0
Sending close to 19
	manage_node_request_leave Send header: 136(T_MNG_LEA) -1 16 0
	Manager send leaving message:---------------
 header: 136(T_MNG_LEA) -1 16 0
>>> remove_storage_node	sid=16
>>> remove_storage_node	sid=16
<<< GTStoreManager: manage_node_request_leave
	manage_node_request_leave Send header: 136(T_MNG_LEA) -1 16 0
<<< storage node 16 removed
<<< storage node 16 removed
>>> remove_storage_node	sid=16
<<< storage node 16 removed
--18(56)----19(58)----17(52)----19(57)----18(54)----17(53)----10(31)----10(32)----19(59)----17(51)----18(55)----10(30)--
	<<<--- Node 17:    Key: test_key_2    Version: 1556250652    Value: test_val_2_version=1 --->>>
	<<<--- Node 17:    Key: test_key_3    Version: 1556250654    Value: test_val_3_version=2 --->>>
	<<<--- Node 17:    Key: test_key_1    Version: 1556250654    Value: test_val_1_version=2 --->>>
	<<<--- Node 17:    Key: test_key_4    Version: 1556250654    Value: test_val_4_version=2 --->>>
	<<<--- Node 17:    Key: test_key_0    Version: 1556250654    Value: test_val_0_version=2 --->>>
~~~~~~~~~~~ Node 17 detached from manager
	GTStoreStorage::leave Send header: 130(T_FWD_LEA) -1 17 0
>>> GTStoreManager: manage_node_request_leave
#nodes= 4
>>> remove_storage_node	sid=17
<<< storage node 17 removed
#nodes= 3
Sending close to 10
	manage_node_request_leave Send header: 136(T_MNG_LEA) -1 17 0
	Manager send leaving message:---------------
 header: 136(T_MNG_LEA) -1 17 0
Sending close to 18
>>> remove_storage_node	sid=17
	manage_node_request_leave Send header: 136(T_MNG_LEA) -1 17 0
	Manager send leaving message:---------------
<<< storage node 17 removed
 header: 136(T_MNG_LEA) -1 17 0
Sending close to 19
>>> remove_storage_node	sid=17
	manage_node_request_leave Send header: 136(T_MNG_LEA) -1 17 0
	Manager send leaving message:---------------
 header: 136(T_MNG_LEA) -1 17 0
<<< storage node 17 removed
<<< GTStoreManager: manage_node_request_leave
	manage_node_request_leave Send header: 136(T_MNG_LEA) -1 17 0
>>> remove_storage_node	sid=17
<<< storage node 17 removed
--18(56)----19(58)----19(57)----18(54)----10(31)----10(32)----19(59)----18(55)----10(30)--
	<<<--- Node 18:    Key: test_key_2    Version: 1556250654    Value: test_val_2_version=2 --->>>
	<<<--- Node 18:    Key: test_key_3    Version: 1556250654    Value: test_val_3_version=2 --->>>
	<<<--- Node 18:    Key: test_key_1    Version: 1556250654    Value: test_val_1_version=2 --->>>
	<<<--- Node 18:    Key: test_key_4    Version: 1556250652    Value: test_val_4_version=1 --->>>
	<<<--- Node 18:    Key: test_key_0    Version: 1556250654    Value: test_val_0_version=2 --->>>
~~~~~~~~~~~ Node 18 detached from manager
	GTStoreStorage::leave Send header: 130(T_FWD_LEA) -1 18 0
>>> GTStoreManager: manage_node_request_leave
#nodes= 3
>>> remove_storage_node	sid=18
<<< storage node 18 removed
#nodes= 2
Sending close to 10
	manage_node_request_leave Send header: 136(T_MNG_LEA) -1 18 0
	Manager send leaving message:---------------
 header: 136(T_MNG_LEA) -1 18 0
Sending close to 19
>>> remove_storage_node	sid=18
	manage_node_request_leave Send header: 136(T_MNG_LEA) -1 18 0
	Manager send leaving message:---------------
 header: 136(T_MNG_LEA) -1 18 0
<<< storage node 18 removed
<<< GTStoreManager: manage_node_request_leave
	manage_node_request_leave Send header: 136(T_MNG_LEA) -1 18 0
>>> remove_storage_node	sid=18
<<< storage node 18 removed
--19(58)----19(57)----10(31)----10(32)----19(59)----10(30)--
	<<<--- Node 19:    Key: test_key_3    Version: 1556250654    Value: test_val_3_version=2 --->>>
	<<<--- Node 19:    Key: test_key_2    Version: 1556250654    Value: test_val_2_version=2 --->>>
	<<<--- Node 19:    Key: test_key_1    Version: 1556250654    Value: test_val_1_version=2 --->>>
	<<<--- Node 19:    Key: test_key_4    Version: 1556250654    Value: test_val_4_version=2 --->>>
	<<<--- Node 19:    Key: test_key_0    Version: 1556250654    Value: test_val_0_version=2 --->>>
~~~~~~~~~~~ Node 19 detached from manager
	GTStoreStorage::leave Send header: 130(T_FWD_LEA) -1 19 0
>>> GTStoreManager: manage_node_request_leave
#nodes= 2
>>> remove_storage_node	sid=19
<<< storage node 19 removed
#nodes= 1
Sending close to 10
	manage_node_request_leave Send header: 136(T_MNG_LEA) -1 19 0
	Manager send leaving message:---------------
 header: 136(T_MNG_LEA) -1 19 0
<<< GTStoreManager: manage_node_request_leave
	manage_node_request_leave Send header: 136(T_MNG_LEA) -1 19 0
>>> remove_storage_node	sid=19
<<< storage node 19 removed
--10(31)----10(32)----10(30)--
	<<<--- Node 10:    Key: test_key_3    Version: 1556250654    Value: test_val_3_version=2 --->>>
	<<<--- Node 10:    Key: test_key_2    Version: 1556250654    Value: test_val_2_version=2 --->>>
	<<<--- Node 10:    Key: test_key_4    Version: 1556250654    Value: test_val_4_version=2 --->>>
	<<<--- Node 10:    Key: test_key_1    Version: 1556250654    Value: test_val_1_version=2 --->>>
	<<<--- Node 10:    Key: test_key_0    Version: 1556250652    Value: test_val_0_version=1 --->>>
	<<<--- Node 10:    Key: test_key_0    Version: 1556250654    Value: test_val_0_version=2 --->>>
~~~~~~~~~~~ Node 10 detached from manager
	GTStoreStorage::leave Send header: 130(T_FWD_LEA) -1 10 0
>>> GTStoreManager: manage_node_request_leave
#nodes= 1
>>> remove_storage_node	sid=10
<<< storage node 10 removed
#nodes= 0
<<< GTStoreManager: manage_node_request_leave
	manage_node_request_leave Send header: 136(T_MNG_LEA) -1 10 0
